1739968096.242055 listen(5<\x73\x6f\x63\x6b\x65\x74\x3a\x5b\x32\x37\x39\x39\x37\x32\x5d>, 511) = 0 <0.000007>
1739968096.242181 listen(6<\x73\x6f\x63\x6b\x65\x74\x3a\x5b\x32\x37\x39\x39\x37\x33\x5d>, 511) = 0 <0.000006>
1739968096.242201 listen(5<\x73\x6f\x63\x6b\x65\x74\x3a\x5b\x32\x37\x39\x39\x37\x32\x5d>, 511) = 0 <0.000005>
1739968096.242218 listen(6<\x73\x6f\x63\x6b\x65\x74\x3a\x5b\x32\x37\x39\x39\x37\x33\x5d>, 511) = 0 <0.000005>
1739968120.559557 accept4(6<\x73\x6f\x63\x6b\x65\x74\x3a\x5b\x32\x37\x39\x39\x37\x33\x5d>, {sa_family=AF_INET6, sin6_port=htons(59864), sin6_flowinfo=htonl(0), inet_pton(AF_INET6, "\x3a\x3a\x31", &sin6_addr), sin6_scope_id=0}, [112 => 28], SOCK_NONBLOCK) = 17<\x73\x6f\x63\x6b\x65\x74\x3a\x5b\x32\x38\x30\x30\x30\x35\x5d> <0.000087>
1739968096.260359 mmap(NULL, 54376, PROT_READ, MAP_PRIVATE|MAP_DENYWRITE, 23<\x2f\x75\x73\x72\x2f\x6c\x69\x62\x2f\x78\x38\x36\x5f\x36\x34\x2d\x6c\x69\x6e\x75\x78\x2d\x67\x6e\x75\x2f\x6c\x69\x62\x6e\x73\x73\x5f\x73\x73\x73\x2e\x73\x6f\x2e\x32>, 0) = 0x73e29b909000 <0.000008>
1739968096.260383 mmap(0x73e29b90b000, 32768, PROT_READ|PROT_EXEC, MAP_PRIVATE|MAP_FIXED|MAP_DENYWRITE, 23<\x2f\x75\x73\x72\x2f\x6c\x69\x62\x2f\x78\x38\x36\x5f\x36\x34\x2d\x6c\x69\x6e\x75\x78\x2d\x67\x6e\x75\x2f\x6c\x69\x62\x6e\x73\x73\x5f\x73\x73\x73\x2e\x73\x6f\x2e\x32>, 0x2000) = 0x73e29b90b000 <0.000009>
1739968096.260406 mmap(0x73e29b913000, 8192, PROT_READ, MAP_PRIVATE|MAP_FIXED|MAP_DENYWRITE, 23<\x2f\x75\x73\x72\x2f\x6c\x69\x62\x2f\x78\x38\x36\x5f\x36\x34\x2d\x6c\x69\x6e\x75\x78\x2d\x67\x6e\x75\x2f\x6c\x69\x62\x6e\x73\x73\x5f\x73\x73\x73\x2e\x73\x6f\x2e\x32>, 0xa000) = 0x73e29b913000 <0.000007>
1739968096.260436 mmap(0x73e29b915000, 8192, PROT_READ|PROT_WRITE, MAP_PRIVATE|MAP_FIXED|MAP_DENYWRITE, 23<\x2f\x75\x73\x72\x2f\x6c\x69\x62\x2f\x78\x38\x36\x5f\x36\x34\x2d\x6c\x69\x6e\x75\x78\x2d\x67\x6e\x75\x2f\x6c\x69\x62\x6e\x73\x73\x5f\x73\x73\x73\x2e\x73\x6f\x2e\x32>, 0xb000) = 0x73e29b915000 <0.000025>
1739968096.261341 mmap(NULL, 188416, PROT_READ|PROT_WRITE, MAP_PRIVATE|MAP_ANONYMOUS, -1, 0) = 0x73e29b8db000 <0.000007>
1739968096.253452 connect(24<\x73\x6f\x63\x6b\x65\x74\x3a\x5b\x32\x37\x39\x30\x32\x38\x5d>, {sa_family=AF_UNIX, sun_path="\x2f\x72\x75\x6e\x2f\x73\x79\x73\x74\x65\x6d\x64\x2f\x75\x73\x65\x72\x64\x62\x2f\x69\x6f\x2e\x73\x79\x73\x74\x65\x6d\x64\x2e\x44\x79\x6e\x61\x6d\x69\x63\x55\x73\x65\x72"}, 45) = 0 <0.000020>
1739968096.260961 connect(23<\x73\x6f\x63\x6b\x65\x74\x3a\x5b\x32\x38\x31\x38\x31\x37\x5d>, {sa_family=AF_UNIX, sun_path="\x2f\x76\x61\x72\x2f\x6c\x69\x62\x2f\x73\x73\x73\x2f\x70\x69\x70\x65\x73\x2f\x6e\x73\x73"}, 110) = -1 ENOENT (No such file or directory) <0.000010>
