1739968096.260783 epoll_wait(21<\x61\x6e\x6f\x6e\x5f\x69\x6e\x6f\x64\x65\x3a\x5b\x65\x76\x65\x6e\x74\x70\x6f\x6c\x6c\x5d>, [{events=EPOLLIN|EPOLLHUP|EPOLLRDHUP, data={u32=3886961248, u64=96198269489760}}], 1, 5000) = 1 <0.000007>
1739968096.261326 epoll_wait(21<\x61\x6e\x6f\x6e\x5f\x69\x6e\x6f\x64\x65\x3a\x5b\x65\x76\x65\x6e\x74\x70\x6f\x6c\x6c\x5d>, [{events=EPOLLIN, data={u32=2609754608, u64=127417109557744}}], 512, -1) = 1 <0.000004>
1739968096.261399 epoll_wait(21<\x61\x6e\x6f\x6e\x5f\x69\x6e\x6f\x64\x65\x3a\x5b\x65\x76\x65\x6e\x74\x70\x6f\x6c\x6c\x5d>, 1739968096.232698 execve("\x2f\x75\x73\x72\x2f\x73\x62\x69\x6e\x2f\x6e\x67\x69\x6e\x78", ["\x6e\x67\x69\x6e\x78"], 0x7ffd7fc3de30 /* 50 vars */) = 0 <0.000514>
1739968096.257535 epoll_wait(11<\x61\x6e\x6f\x6e\x5f\x69\x6e\x6f\x64\x65\x3a\x5b\x65\x76\x65\x6e\x74\x70\x6f\x6c\x6c\x5d>, [{events=EPOLLIN|EPOLLHUP|EPOLLRDHUP, data={u32=3886961248, u64=96198269489760}}], 1, 5000) = 1 <0.000035>
1739968096.258360 epoll_wait(11<\x61\x6e\x6f\x6e\x5f\x69\x6e\x6f\x64\x65\x3a\x5b\x65\x76\x65\x6e\x74\x70\x6f\x6c\x6c\x5d>, [{events=EPOLLIN, data={u32=2609754608, u64=127417109557744}}], 512, -1) = 1 <0.000035>
1739968096.259151 epoll_wait(11<\x61\x6e\x6f\x6e\x5f\x69\x6e\x6f\x64\x65\x3a\x5b\x65\x76\x65\x6e\x74\x70\x6f\x6c\x6c\x5d>, 1739968096.243236 set_robust_list(0x73e29bf92a20, 24) = 0 <0.000008>
1739968096.259702 epoll_wait(9<\x61\x6e\x6f\x6e\x5f\x69\x6e\x6f\x64\x65\x3a\x5b\x65\x76\x65\x6e\x74\x70\x6f\x6c\x6c\x5d>, [{events=EPOLLIN|EPOLLHUP|EPOLLRDHUP, data={u32=3886961248, u64=96198269489760}}], 1, 5000) = 1 <0.000037>
1739968096.260375 epoll_wait(9<\x61\x6e\x6f\x6e\x5f\x69\x6e\x6f\x64\x65\x3a\x5b\x65\x76\x65\x6e\x74\x70\x6f\x6c\x6c\x5d>, [{events=EPOLLIN, data={u32=2609754608, u64=127417109557744}}], 512, -1) = 1 <0.000010>
1739968096.260887 epoll_wait(9<\x61\x6e\x6f\x6e\x5f\x69\x6e\x6f\x64\x65\x3a\x5b\x65\x76\x65\x6e\x74\x70\x6f\x6c\x6c\x5d>, 1739968096.244454 set_robust_list(0x73e29bf92a20, 24) = 0 <0.000023>
1739968096.257635 epoll_wait(15<\x61\x6e\x6f\x6e\x5f\x69\x6e\x6f\x64\x65\x3a\x5b\x65\x76\x65\x6e\x74\x70\x6f\x6c\x6c\x5d>, [{events=EPOLLIN|EPOLLHUP|EPOLLRDHUP, data={u32=3886961248, u64=96198269489760}}], 1, 5000) = 1 <0.000026>
1739968096.258549 epoll_wait(15<\x61\x6e\x6f\x6e\x5f\x69\x6e\x6f\x64\x65\x3a\x5b\x65\x76\x65\x6e\x74\x70\x6f\x6c\x6c\x5d>, [{events=EPOLLIN, data={u32=2609754608, u64=127417109557744}}], 512, -1) = 1 <0.000032>
1739968096.258943 epoll_wait(15<\x61\x6e\x6f\x6e\x5f\x69\x6e\x6f\x64\x65\x3a\x5b\x65\x76\x65\x6e\x74\x70\x6f\x6c\x6c\x5d>, 1739968096.249082 set_robust_list(0x73e29bf92a20, 24) = 0 <0.000032>
1739968096.261292 epoll_wait(23<\x61\x6e\x6f\x6e\x5f\x69\x6e\x6f\x64\x65\x3a\x5b\x65\x76\x65\x6e\x74\x70\x6f\x6c\x6c\x5d>, [{events=EPOLLIN|EPOLLHUP|EPOLLRDHUP, data={u32=3886961248, u64=96198269489760}}], 1, 5000) = 1 <0.000011>
1739968096.261668 epoll_wait(23<\x61\x6e\x6f\x6e\x5f\x69\x6e\x6f\x64\x65\x3a\x5b\x65\x76\x65\x6e\x74\x70\x6f\x6c\x6c\x5d>, 1739968096.243867 set_robust_list(0x73e29bf92a20, 24) = 0 <0.000007>
1739968096.256519 epoll_wait(13<\x61\x6e\x6f\x6e\x5f\x69\x6e\x6f\x64\x65\x3a\x5b\x65\x76\x65\x6e\x74\x70\x6f\x6c\x6c\x5d>, [{events=EPOLLIN|EPOLLHUP|EPOLLRDHUP, data={u32=3886961248, u64=96198269489760}}], 1, 5000) = 1 <0.000037>
1739968096.257432 epoll_wait(13<\x61\x6e\x6f\x6e\x5f\x69\x6e\x6f\x64\x65\x3a\x5b\x65\x76\x65\x6e\x74\x70\x6f\x6c\x6c\x5d>, [{events=EPOLLIN, data={u32=2609754608, u64=127417109557744}}], 512, -1) = 1 <0.000034>
1739968096.258031 epoll_wait(13<\x61\x6e\x6f\x6e\x5f\x69\x6e\x6f\x64\x65\x3a\x5b\x65\x76\x65\x6e\x74\x70\x6f\x6c\x6c\x5d>, [{events=EPOLLIN, data={u32=2609754368, u64=127417109557504}}], 512, -1) = 1 <24.301367>
1739968120.559840 epoll_wait(13<\x61\x6e\x6f\x6e\x5f\x69\x6e\x6f\x64\x65\x3a\x5b\x65\x76\x65\x6e\x74\x70\x6f\x6c\x6c\x5d>, [{events=EPOLLIN, data={u32=2609754848, u64=127417109557984}}], 512, 60000) = 1 <0.000007>
1739968120.560433 epoll_wait(13<\x61\x6e\x6f\x6e\x5f\x69\x6e\x6f\x64\x65\x3a\x5b\x65\x76\x65\x6e\x74\x70\x6f\x6c\x6c\x5d>, [{events=EPOLLIN|EPOLLRDHUP, data={u32=2609754848, u64=127417109557984}}], 512, 75000) = 1 <0.000101>
1739968120.560636 epoll_wait(13<\x61\x6e\x6f\x6e\x5f\x69\x6e\x6f\x64\x65\x3a\x5b\x65\x76\x65\x6e\x74\x70\x6f\x6c\x6c\x5d>, 1739968096.245192 set_robust_list(0x73e29bf92a20, 24) = 0 <0.000009>
1739968096.258870 epoll_wait(17<\x61\x6e\x6f\x6e\x5f\x69\x6e\x6f\x64\x65\x3a\x5b\x65\x76\x65\x6e\x74\x70\x6f\x6c\x6c\x5d>, [{events=EPOLLIN|EPOLLHUP|EPOLLRDHUP, data={u32=3886961248, u64=96198269489760}}], 1, 5000) = 1 <0.000029>
1739968096.259869 epoll_wait(17<\x61\x6e\x6f\x6e\x5f\x69\x6e\x6f\x64\x65\x3a\x5b\x65\x76\x65\x6e\x74\x70\x6f\x6c\x6c\x5d>, [{events=EPOLLIN, data={u32=2609754608, u64=127417109557744}}], 512, -1) = 1 <0.000038>
1739968096.260238 epoll_wait(17<\x61\x6e\x6f\x6e\x5f\x69\x6e\x6f\x64\x65\x3a\x5b\x65\x76\x65\x6e\x74\x70\x6f\x6c\x6c\x5d>, 1739968096.246193 set_robust_list(0x73e29bf92a20, 24) = 0 <0.000009>
1739968096.260113 epoll_wait(19<\x61\x6e\x6f\x6e\x5f\x69\x6e\x6f\x64\x65\x3a\x5b\x65\x76\x65\x6e\x74\x70\x6f\x6c\x6c\x5d>, [{events=EPOLLIN|EPOLLHUP|EPOLLRDHUP, data={u32=3886961248, u64=96198269489760}}], 1, 5000) = 1 <0.000037>
1739968096.260972 epoll_wait(19<\x61\x6e\x6f\x6e\x5f\x69\x6e\x6f\x64\x65\x3a\x5b\x65\x76\x65\x6e\x74\x70\x6f\x6c\x6c\x5d>, [{events=EPOLLIN, data={u32=2609754608, u64=127417109557744}}], 512, -1) = 1 <0.000005>
1739968096.261124 epoll_wait(19<\x61\x6e\x6f\x6e\x5f\x69\x6e\x6f\x64\x65\x3a\x5b\x65\x76\x65\x6e\x74\x70\x6f\x6c\x6c\x5d>, 
