1739968096.252252 epoll_create1(EPOLL_CLOEXEC) = 23<\x61\x6e\x6f\x6e\x5f\x69\x6e\x6f\x64\x65\x3a\x5b\x65\x76\x65\x6e\x74\x70\x6f\x6c\x6c\x5d> <0.000048>
1739968096.260569 epoll_create(384)     = 21<\x61\x6e\x6f\x6e\x5f\x69\x6e\x6f\x64\x65\x3a\x5b\x65\x76\x65\x6e\x74\x70\x6f\x6c\x6c\x5d> <0.000011>
1739968096.240842 epoll_create(100)     = 4<\x61\x6e\x6f\x6e\x5f\x69\x6e\x6f\x64\x65\x3a\x5b\x65\x76\x65\x6e\x74\x70\x6f\x6c\x6c\x5d> <0.000008>
1739968096.246042 epoll_create1(EPOLL_CLOEXEC) = 13<\x61\x6e\x6f\x6e\x5f\x69\x6e\x6f\x64\x65\x3a\x5b\x65\x76\x65\x6e\x74\x70\x6f\x6c\x6c\x5d> <0.000026>
1739968096.256875 epoll_create(384)     = 11<\x61\x6e\x6f\x6e\x5f\x69\x6e\x6f\x64\x65\x3a\x5b\x65\x76\x65\x6e\x74\x70\x6f\x6c\x6c\x5d> <0.000047>
1739968096.246251 epoll_create1(EPOLL_CLOEXEC) = 11<\x61\x6e\x6f\x6e\x5f\x69\x6e\x6f\x64\x65\x3a\x5b\x65\x76\x65\x6e\x74\x70\x6f\x6c\x6c\x5d> <0.000042>
1739968096.259168 epoll_create(384)     = 9<\x61\x6e\x6f\x6e\x5f\x69\x6e\x6f\x64\x65\x3a\x5b\x65\x76\x65\x6e\x74\x70\x6f\x6c\x6c\x5d> <0.000026>
1739968096.247401 epoll_create1(EPOLL_CLOEXEC) = 17<\x61\x6e\x6f\x6e\x5f\x69\x6e\x6f\x64\x65\x3a\x5b\x65\x76\x65\x6e\x74\x70\x6f\x6c\x6c\x5d> <0.000016>
1739968096.257191 epoll_create(384)     = 15<\x61\x6e\x6f\x6e\x5f\x69\x6e\x6f\x64\x65\x3a\x5b\x65\x76\x65\x6e\x74\x70\x6f\x6c\x6c\x5d> <0.000036>
1739968096.253725 epoll_create1(EPOLL_CLOEXEC) = 25<\x61\x6e\x6f\x6e\x5f\x69\x6e\x6f\x64\x65\x3a\x5b\x65\x76\x65\x6e\x74\x70\x6f\x6c\x6c\x5d> <0.000024>
1739968096.261142 epoll_create(384)     = 23<\x61\x6e\x6f\x6e\x5f\x69\x6e\x6f\x64\x65\x3a\x5b\x65\x76\x65\x6e\x74\x70\x6f\x6c\x6c\x5d> <0.000007>
1739968096.246233 epoll_create1(EPOLL_CLOEXEC) = 15<\x61\x6e\x6f\x6e\x5f\x69\x6e\x6f\x64\x65\x3a\x5b\x65\x76\x65\x6e\x74\x70\x6f\x6c\x6c\x5d> <0.000048>
1739968096.256053 epoll_create(384)     = 13<\x61\x6e\x6f\x6e\x5f\x69\x6e\x6f\x64\x65\x3a\x5b\x65\x76\x65\x6e\x74\x70\x6f\x6c\x6c\x5d> <0.000036>
1739968096.248666 epoll_create1(EPOLL_CLOEXEC) = 19<\x61\x6e\x6f\x6e\x5f\x69\x6e\x6f\x64\x65\x3a\x5b\x65\x76\x65\x6e\x74\x70\x6f\x6c\x6c\x5d> <0.000035>
1739968096.258459 epoll_create(384)     = 17<\x61\x6e\x6f\x6e\x5f\x69\x6e\x6f\x64\x65\x3a\x5b\x65\x76\x65\x6e\x74\x70\x6f\x6c\x6c\x5d> <0.000044>
1739968096.250641 epoll_create1(EPOLL_CLOEXEC) = 21<\x61\x6e\x6f\x6e\x5f\x69\x6e\x6f\x64\x65\x3a\x5b\x65\x76\x65\x6e\x74\x70\x6f\x6c\x6c\x5d> <0.000027>
1739968096.259794 epoll_create(384)     = 19<\x61\x6e\x6f\x6e\x5f\x69\x6e\x6f\x64\x65\x3a\x5b\x65\x76\x65\x6e\x74\x70\x6f\x6c\x6c\x5d> <0.000027>
