1739968096.251842 getdents64(21<\x2f\x72\x75\x6e\x2f\x73\x79\x73\x74\x65\x6d\x64\x2f\x75\x73\x65\x72\x64\x62>, 0x577df9d9bb50 /* 3 entries */, 32768) = 96 <0.000027>
1739968096.252706 getdents64(21<\x2f\x72\x75\x6e\x2f\x73\x79\x73\x74\x65\x6d\x64\x2f\x75\x73\x65\x72\x64\x62>, 0x577df9d9bb50 /* 0 entries */, 32768) = 0 <0.000028>
1739968096.240768 getdents64(4<\x2f\x65\x74\x63\x2f\x6e\x67\x69\x6e\x78\x2f\x6d\x6f\x64\x75\x6c\x65\x73\x2d\x65\x6e\x61\x62\x6c\x65\x64>, 0x577df9d78530 /* 2 entries */, 32768) = 48 <0.000014>
1739968096.240798 getdents64(4<\x2f\x65\x74\x63\x2f\x6e\x67\x69\x6e\x78\x2f\x6d\x6f\x64\x75\x6c\x65\x73\x2d\x65\x6e\x61\x62\x6c\x65\x64>, 0x577df9d78530 /* 0 entries */, 32768) = 0 <0.000006>
1739968096.241226 getdents64(4<\x2f\x65\x74\x63\x2f\x6e\x67\x69\x6e\x78\x2f\x63\x6f\x6e\x66\x2e\x64>, 0x577df9d90f90 /* 2 entries */, 32768) = 48 <0.000008>
1739968096.241249 getdents64(4<\x2f\x65\x74\x63\x2f\x6e\x67\x69\x6e\x78\x2f\x63\x6f\x6e\x66\x2e\x64>, 0x577df9d90f90 /* 0 entries */, 32768) = 0 <0.000005>
1739968096.241355 getdents64(4<\x2f\x65\x74\x63\x2f\x6e\x67\x69\x6e\x78\x2f\x73\x69\x74\x65\x73\x2d\x65\x6e\x61\x62\x6c\x65\x64>, 0x577df9d90f90 /* 3 entries */, 32768) = 80 <0.000007>
1739968096.241377 getdents64(4<\x2f\x65\x74\x63\x2f\x6e\x67\x69\x6e\x78\x2f\x73\x69\x74\x65\x73\x2d\x65\x6e\x61\x62\x6c\x65\x64>, 0x577df9d90f90 /* 0 entries */, 32768) = 0 <0.000005>
1739968096.245740 getdents64(11<\x2f\x72\x75\x6e\x2f\x73\x79\x73\x74\x65\x6d\x64\x2f\x75\x73\x65\x72\x64\x62>, 0x577df9d9bb50 /* 3 entries */, 32768) = 96 <0.000022>
1739968096.246390 getdents64(11<\x2f\x72\x75\x6e\x2f\x73\x79\x73\x74\x65\x6d\x64\x2f\x75\x73\x65\x72\x64\x62>, 0x577df9d9bb50 /* 0 entries */, 32768) = 0 <0.000034>
1739968096.245849 getdents64(9<\x2f\x72\x75\x6e\x2f\x73\x79\x73\x74\x65\x6d\x64\x2f\x75\x73\x65\x72\x64\x62>, 0x577df9d9bb50 /* 3 entries */, 32768) = 96 <0.000032>
1739968096.246812 getdents64(9<\x2f\x72\x75\x6e\x2f\x73\x79\x73\x74\x65\x6d\x64\x2f\x75\x73\x65\x72\x64\x62>, 0x577df9d9bb50 /* 0 entries */, 32768) = 0 <0.000049>
1739968096.247059 getdents64(15<\x2f\x72\x75\x6e\x2f\x73\x79\x73\x74\x65\x6d\x64\x2f\x75\x73\x65\x72\x64\x62>, 0x577df9d9bb50 /* 3 entries */, 32768) = 96 <0.000021>
1739968096.247809 getdents64(15<\x2f\x72\x75\x6e\x2f\x73\x79\x73\x74\x65\x6d\x64\x2f\x75\x73\x65\x72\x64\x62>, 0x577df9d9bb50 /* 0 entries */, 32768) = 0 <0.000032>
1739968096.253309 getdents64(23<\x2f\x72\x75\x6e\x2f\x73\x79\x73\x74\x65\x6d\x64\x2f\x75\x73\x65\x72\x64\x62>, 0x577df9d9bb50 /* 3 entries */, 32768) = 96 <0.000030>
1739968096.254146 getdents64(23<\x2f\x72\x75\x6e\x2f\x73\x79\x73\x74\x65\x6d\x64\x2f\x75\x73\x65\x72\x64\x62>, 0x577df9d9bb50 /* 0 entries */, 32768) = 0 <0.000028>
1739968096.245968 getdents64(13<\x2f\x72\x75\x6e\x2f\x73\x79\x73\x74\x65\x6d\x64\x2f\x75\x73\x65\x72\x64\x62>, 0x577df9d9bb50 /* 3 entries */, 32768) = 96 <0.000016>
1739968096.246610 getdents64(13<\x2f\x72\x75\x6e\x2f\x73\x79\x73\x74\x65\x6d\x64\x2f\x75\x73\x65\x72\x64\x62>, 0x577df9d9bb50 /* 0 entries */, 32768) = 0 <0.000024>
1739968096.248243 getdents64(17<\x2f\x72\x75\x6e\x2f\x73\x79\x73\x74\x65\x6d\x64\x2f\x75\x73\x65\x72\x64\x62>, 0x577df9d9bb50 /* 3 entries */, 32768) = 96 <0.000031>
1739968096.249095 getdents64(17<\x2f\x72\x75\x6e\x2f\x73\x79\x73\x74\x65\x6d\x64\x2f\x75\x73\x65\x72\x64\x62>, 0x577df9d9bb50 /* 0 entries */, 32768) = 0 <0.000029>
1739968096.250196 getdents64(19<\x2f\x72\x75\x6e\x2f\x73\x79\x73\x74\x65\x6d\x64\x2f\x75\x73\x65\x72\x64\x62>, 0x577df9d9bb50 /* 3 entries */, 32768) = 96 <0.000028>
1739968096.251044 getdents64(19<\x2f\x72\x75\x6e\x2f\x73\x79\x73\x74\x65\x6d\x64\x2f\x75\x73\x65\x72\x64\x62>, 0x577df9d9bb50 /* 0 entries */, 32768) = 0 <0.000027>
