1739968096.247664 geteuid()             = 0 <0.000023>
1739968096.239984 geteuid()             = 0 <0.000005>
1739968096.243544 geteuid()             = 0 <0.000004>
1739968096.243321 geteuid()             = 0 <0.000003>
1739968096.244570 geteuid()             = 0 <0.000018>
1739968096.249229 geteuid()             = 0 <0.000032>
1739968096.243963 geteuid()             = 0 <0.000008>
1739968096.245304 geteuid()             = 0 <0.000013>
1739968096.246305 geteuid()             = 0 <0.000019>
