1739968096.238534 getppid()             = 41524 <0.000007>
