1739968096.252048 getrandom("\xa5\x2a\x1a\x1e\xd2\x7d\xe4\x52", 8, GRND_INSECURE) = 8 <0.000034>
1739968096.252562 getrandom("\x67\x74\x27\xac\x63\x2c\x7a\x66\xb8\xbd\x4b\xf8\xc9\x05\x88\x14", 16, GRND_INSECURE) = 16 <0.000037>
1739968096.238230 getrandom("\xa1\x28\x0d\xfb\x90\x93\xa8\x53", 8, GRND_NONBLOCK) = 8 <0.000008>
1739968096.245903 getrandom("\xf4\x55\x3f\x2f\xaf\x2d\x20\x3f", 8, GRND_INSECURE) = 8 <0.000023>
1739968096.246292 getrandom("\xb9\xb6\x22\xa9\x85\xbc\x6c\xd7\x35\x04\x87\x3b\xa6\xad\xbc\x6c", 16, GRND_INSECURE) = 16 <0.000022>
1739968096.246046 getrandom("\x81\xf8\xd1\xe5\xcc\x33\x79\xda", 8, GRND_INSECURE) = 8 <0.000029>
1739968096.246641 getrandom("\x94\xec\xd5\x01\x6f\xb3\x1d\xc4\x6a\x8c\xbe\x54\x0f\x87\x59\x3b", 16, GRND_INSECURE) = 16 <0.000032>
1739968096.247221 getrandom("\xa0\xc2\xaa\xca\xde\x6a\x91\xa9", 8, GRND_INSECURE) = 8 <0.000028>
1739968096.247676 getrandom("\x18\x15\x57\x6f\x8b\xde\xdf\x2a\x1f\xc4\x4a\xa0\x24\x87\x55\xf9", 16, GRND_INSECURE) = 16 <0.000020>
1739968096.253510 getrandom("\x0e\xa0\x78\xf5\x54\x9b\x17\xb4", 8, GRND_INSECURE) = 8 <0.000030>
1739968096.254013 getrandom("\xe1\xa1\x9f\x60\x98\xb5\xaa\xb6\xc5\xc2\x8d\xf9\xe5\xeb\xe9\x25", 16, GRND_INSECURE) = 16 <0.000021>
1739968096.246106 getrandom("\x82\xf3\xc0\xd3\x2a\x78\x5c\x4e", 8, GRND_INSECURE) = 8 <0.000009>
1739968096.246501 getrandom("\x78\x98\xd2\xf5\x98\xf6\x93\xc4\x74\x2c\x73\x9a\x2f\x26\x4c\xce", 16, GRND_INSECURE) = 16 <0.000027>
1739968096.248463 getrandom("\xcc\x56\x00\x74\xa7\x2f\xd3\x23", 8, GRND_INSECURE) = 8 <0.000036>
1739968096.248961 getrandom("\xf6\xcb\xc3\xfe\x3a\x26\x8e\x04\xa5\x96\x29\xf6\x0c\x9e\xb2\xdb", 16, GRND_INSECURE) = 16 <0.000026>
1739968096.250424 getrandom("\x61\x3c\xfc\x8b\xef\x10\x05\x1d", 8, GRND_INSECURE) = 8 <0.000033>
1739968096.250907 getrandom("\xd9\xe0\xf2\xe1\x09\xe8\x50\xc1\xb2\xde\xf7\xe4\x44\x55\x41\xf0", 16, GRND_INSECURE) = 16 <0.000030>
