1739968096.248311 lseek(21<\x2f\x65\x74\x63\x2f\x67\x72\x6f\x75\x70>, 0, SEEK_SET) = 0 <0.000021>
1739968096.238434 lseek(3<\x2f\x75\x73\x72\x2f\x73\x68\x61\x72\x65\x2f\x7a\x6f\x6e\x65\x69\x6e\x66\x6f\x2f\x45\x75\x72\x6f\x70\x65\x2f\x50\x72\x61\x67\x75\x65>, -1461, SEEK_CUR) = 840 <0.000006>
1739968096.240398 lseek(4<\x2f\x65\x74\x63\x2f\x70\x61\x73\x73\x77\x64>, 0, SEEK_SET) = 0 <0.000006>
1739968096.240656 lseek(4<\x2f\x65\x74\x63\x2f\x67\x72\x6f\x75\x70>, 0, SEEK_SET) = 0 <0.000005>
1739968096.243766 lseek(11<\x2f\x65\x74\x63\x2f\x67\x72\x6f\x75\x70>, 0, SEEK_SET) = 0 <0.000006>
1739968096.243600 lseek(9<\x2f\x65\x74\x63\x2f\x67\x72\x6f\x75\x70>, 0, SEEK_SET) = 0 <0.000008>
1739968096.244925 lseek(15<\x2f\x65\x74\x63\x2f\x67\x72\x6f\x75\x70>, 0, SEEK_SET) = 0 <0.000009>
1739968096.249984 lseek(23<\x2f\x65\x74\x63\x2f\x67\x72\x6f\x75\x70>, 0, SEEK_SET) = 0 <0.000040>
1739968096.244231 lseek(13<\x2f\x65\x74\x63\x2f\x67\x72\x6f\x75\x70>, 0, SEEK_SET) = 0 <0.000006>
1739968096.245685 lseek(17<\x2f\x65\x74\x63\x2f\x67\x72\x6f\x75\x70>, 0, SEEK_SET) = 0 <0.000019>
1739968096.246791 lseek(19<\x2f\x65\x74\x63\x2f\x67\x72\x6f\x75\x70>, 0, SEEK_SET) = 0 <0.000023>
