1739968096.241660 mkdir("\x2f\x76\x61\x72\x2f\x6c\x69\x62\x2f\x6e\x67\x69\x6e\x78\x2f\x62\x6f\x64\x79", 0700) = -1 EEXIST (File exists) <0.000008>
1739968096.241702 mkdir("\x2f\x76\x61\x72\x2f\x6c\x69\x62\x2f\x6e\x67\x69\x6e\x78\x2f\x70\x72\x6f\x78\x79", 0700) = -1 EEXIST (File exists) <0.000006>
1739968096.241742 mkdir("\x2f\x76\x61\x72\x2f\x6c\x69\x62\x2f\x6e\x67\x69\x6e\x78\x2f\x66\x61\x73\x74\x63\x67\x69", 0700) = -1 EEXIST (File exists) <0.000007>
1739968096.241782 mkdir("\x2f\x76\x61\x72\x2f\x6c\x69\x62\x2f\x6e\x67\x69\x6e\x78\x2f\x75\x77\x73\x67\x69", 0700) = -1 EEXIST (File exists) <0.000006>
1739968096.241821 mkdir("\x2f\x76\x61\x72\x2f\x6c\x69\x62\x2f\x6e\x67\x69\x6e\x78\x2f\x73\x63\x67\x69", 0700) = -1 EEXIST (File exists) <0.000006>
