1739968096.249480 
sendmsg(
11<\x73\x6f\x63\x6b\x65\x74\x3a\x5b\x32\x37\x39\x39\x37\x34\x5d>, 
{	msg_name=NULL,
	msg_namelen=0, 
	msg_iov=[{iov_base="\x01\x00\x00\x00\x00\x00\x00\x00\x40\xa2\x00\x00\x00\x00\x00\x00\x07\x00\x00\x00\x00\x00\x00\x00\x15\x00\x00\x00\x00\x00\x00\x00", iov_len=32}], 
	msg_iovlen=1,
	msg_control=[{cmsg_len=20, cmsg_level=SOL_SOCKET, cmsg_type=SCM_RIGHTS, cmsg_data=[21<\x73\x6f\x63\x6b\x65\x74\x3a\x5b\x32\x38\x31\x38\x31\x33\x5d>]}],
	msg_controllen=24, msg_flags=0}
, 
0) = 32 <0.000075>
