1739968096.236895 pread64(3<\x2f\x75\x73\x72\x2f\x6c\x69\x62\x2f\x78\x38\x36\x5f\x36\x34\x2d\x6c\x69\x6e\x75\x78\x2d\x67\x6e\x75\x2f\x6c\x69\x62\x63\x2e\x73\x6f\x2e\x36>, "\x06\x00\x00\x00\x04\x00\x00\x00\x40\x00\x00\x00\x00\x00\x00\x00\x40\x00\x00\x00\x00\x00\x00\x00\x40\x00\x00\x00\x00\x00\x00\x00"..., 784, 64) = 784 <0.000004>
1739968096.236946 pread64(3<\x2f\x75\x73\x72\x2f\x6c\x69\x62\x2f\x78\x38\x36\x5f\x36\x34\x2d\x6c\x69\x6e\x75\x78\x2d\x67\x6e\x75\x2f\x6c\x69\x62\x63\x2e\x73\x6f\x2e\x36>, "\x06\x00\x00\x00\x04\x00\x00\x00\x40\x00\x00\x00\x00\x00\x00\x00\x40\x00\x00\x00\x00\x00\x00\x00\x40\x00\x00\x00\x00\x00\x00\x00"..., 784, 64) = 784 <0.000004>
1739968096.239962 pread64(3<\x2f\x65\x74\x63\x2f\x6e\x67\x69\x6e\x78\x2f\x6e\x67\x69\x6e\x78\x2e\x63\x6f\x6e\x66>, "\x75\x73\x65\x72\x20\x77\x77\x77\x2d\x64\x61\x74\x61\x3b\x0a\x77\x6f\x72\x6b\x65\x72\x5f\x70\x72\x6f\x63\x65\x73\x73\x65\x73\x20"..., 1446, 0) = 1446 <0.000006>
1739968096.241029 pread64(4<\x2f\x65\x74\x63\x2f\x6e\x67\x69\x6e\x78\x2f\x6d\x69\x6d\x65\x2e\x74\x79\x70\x65\x73>, "\x0a\x74\x79\x70\x65\x73\x20\x7b\x0a\x20\x20\x20\x20\x74\x65\x78\x74\x2f\x68\x74\x6d\x6c\x20\x20\x20\x20\x20\x20\x20\x20\x20\x20"..., 4096, 0) = 4096 <0.000006>
1739968096.241093 pread64(4<\x2f\x65\x74\x63\x2f\x6e\x67\x69\x6e\x78\x2f\x6d\x69\x6d\x65\x2e\x74\x79\x70\x65\x73>, "\x20\x61\x70\x70\x6c\x69\x63\x61\x74\x69\x6f\x6e\x2f\x6f\x63\x74\x65\x74\x2d\x73\x74\x72\x65\x61\x6d\x20\x20\x20\x20\x20\x20\x20"..., 1369, 4096) = 1369 <0.000006>
1739968096.241459 pread64(4<\x2f\x65\x74\x63\x2f\x6e\x67\x69\x6e\x78\x2f\x73\x69\x74\x65\x73\x2d\x61\x76\x61\x69\x6c\x61\x62\x6c\x65\x2f\x64\x65\x66\x61\x75\x6c\x74>, "\x23\x23\x0a\x23\x20\x59\x6f\x75\x20\x73\x68\x6f\x75\x6c\x64\x20\x6c\x6f\x6f\x6b\x20\x61\x74\x20\x74\x68\x65\x20\x66\x6f\x6c\x6c"..., 2412, 0) = 2412 <0.000006>
