1739968096.261347 recvmsg(20<\x73\x6f\x63\x6b\x65\x74\x3a\x5b\x32\x38\x31\x38\x31\x31\x5d>, {msg_name=NULL, msg_namelen=0, msg_iov=[{iov_base="\x01\x00\x00\x00\x00\x00\x00\x00\x40\xa2\x00\x00\x00\x00\x00\x00\x07\x00\x00\x00\x00\x00\x00\x00\x15\x00\x00\x00\x00\x00\x00\x00", iov_len=32}], msg_iovlen=1, msg_control=[{cmsg_len=20, cmsg_level=SOL_SOCKET, cmsg_type=SCM_RIGHTS, cmsg_data=[8<\x73\x6f\x63\x6b\x65\x74\x3a\x5b\x32\x38\x31\x38\x31\x33\x5d>]}], msg_controllen=24, msg_flags=0}, 0) = 32 <0.000009>
1739968096.261378 recvmsg(20<\x73\x6f\x63\x6b\x65\x74\x3a\x5b\x32\x38\x31\x38\x31\x31\x5d>, {msg_namelen=0}, 0) = -1 EAGAIN (Resource temporarily unavailable) <0.000007>
1739968096.258430 recvmsg(10<\x73\x6f\x63\x6b\x65\x74\x3a\x5b\x32\x37\x39\x30\x32\x35\x5d>, {msg_name=NULL, msg_namelen=0, msg_iov=[{iov_base="\x01\x00\x00\x00\x00\x00\x00\x00\x3b\xa2\x00\x00\x00\x00\x00\x00\x02\x00\x00\x00\x00\x00\x00\x00\x0b\x00\x00\x00\x00\x00\x00\x00", iov_len=32}], msg_iovlen=1, msg_control=[{cmsg_len=20, cmsg_level=SOL_SOCKET, cmsg_type=SCM_RIGHTS, cmsg_data=[8<\x73\x6f\x63\x6b\x65\x74\x3a\x5b\x32\x37\x39\x39\x37\x34\x5d>]}], msg_controllen=24, msg_flags=0}, 0) = 32 <0.000038>
1739968096.258515 recvmsg(10<\x73\x6f\x63\x6b\x65\x74\x3a\x5b\x32\x37\x39\x30\x32\x35\x5d>, {msg_name=NULL, msg_namelen=0, msg_iov=[{iov_base="\x01\x00\x00\x00\x00\x00\x00\x00\x3c\xa2\x00\x00\x00\x00\x00\x00\x03\x00\x00\x00\x00\x00\x00\x00\x0d\x00\x00\x00\x00\x00\x00\x00", iov_len=32}], msg_iovlen=1, msg_control=[{cmsg_len=20, cmsg_level=SOL_SOCKET, cmsg_type=SCM_RIGHTS, cmsg_data=[9<\x73\x6f\x63\x6b\x65\x74\x3a\x5b\x32\x37\x39\x39\x37\x36\x5d>]}], msg_controllen=24, msg_flags=0}, 0) = 32 <0.000034>
1739968096.258621 recvmsg(10<\x73\x6f\x63\x6b\x65\x74\x3a\x5b\x32\x37\x39\x30\x32\x35\x5d>, {msg_name=NULL, msg_namelen=0, msg_iov=[{iov_base="\x01\x00\x00\x00\x00\x00\x00\x00\x3d\xa2\x00\x00\x00\x00\x00\x00\x04\x00\x00\x00\x00\x00\x00\x00\x0f\x00\x00\x00\x00\x00\x00\x00", iov_len=32}], msg_iovlen=1, msg_control=[{cmsg_len=20, cmsg_level=SOL_SOCKET, cmsg_type=SCM_RIGHTS, cmsg_data=[13<\x73\x6f\x63\x6b\x65\x74\x3a\x5b\x32\x37\x39\x39\x37\x38\x5d>]}], msg_controllen=24, msg_flags=0}, 0) = 32 <0.000035>
1739968096.258724 recvmsg(10<\x73\x6f\x63\x6b\x65\x74\x3a\x5b\x32\x37\x39\x30\x32\x35\x5d>, {msg_name=NULL, msg_namelen=0, msg_iov=[{iov_base="\x01\x00\x00\x00\x00\x00\x00\x00\x3e\xa2\x00\x00\x00\x00\x00\x00\x05\x00\x00\x00\x00\x00\x00\x00\x11\x00\x00\x00\x00\x00\x00\x00", iov_len=32}], msg_iovlen=1, msg_control=[{cmsg_len=20, cmsg_level=SOL_SOCKET, cmsg_type=SCM_RIGHTS, cmsg_data=[14<\x73\x6f\x63\x6b\x65\x74\x3a\x5b\x32\x37\x39\x39\x38\x30\x5d>]}], msg_controllen=24, msg_flags=0}, 0) = 32 <0.000062>
1739968096.258856 recvmsg(10<\x73\x6f\x63\x6b\x65\x74\x3a\x5b\x32\x37\x39\x30\x32\x35\x5d>, {msg_name=NULL, msg_namelen=0, msg_iov=[{iov_base="\x01\x00\x00\x00\x00\x00\x00\x00\x3f\xa2\x00\x00\x00\x00\x00\x00\x06\x00\x00\x00\x00\x00\x00\x00\x13\x00\x00\x00\x00\x00\x00\x00", iov_len=32}], msg_iovlen=1, msg_control=[{cmsg_len=20, cmsg_level=SOL_SOCKET, cmsg_type=SCM_RIGHTS, cmsg_data=[15<\x73\x6f\x63\x6b\x65\x74\x3a\x5b\x32\x38\x31\x38\x31\x30\x5d>]}], msg_controllen=24, msg_flags=0}, 0) = 32 <0.000051>
1739968096.258971 recvmsg(10<\x73\x6f\x63\x6b\x65\x74\x3a\x5b\x32\x37\x39\x30\x32\x35\x5d>, {msg_name=NULL, msg_namelen=0, msg_iov=[{iov_base="\x01\x00\x00\x00\x00\x00\x00\x00\x40\xa2\x00\x00\x00\x00\x00\x00\x07\x00\x00\x00\x00\x00\x00\x00\x15\x00\x00\x00\x00\x00\x00\x00", iov_len=32}], msg_iovlen=1, msg_control=[{cmsg_len=20, cmsg_level=SOL_SOCKET, cmsg_type=SCM_RIGHTS, cmsg_data=[16<\x73\x6f\x63\x6b\x65\x74\x3a\x5b\x32\x38\x31\x38\x31\x33\x5d>]}], msg_controllen=24, msg_flags=0}, 0) = 32 <0.000046>
1739968096.259062 recvmsg(10<\x73\x6f\x63\x6b\x65\x74\x3a\x5b\x32\x37\x39\x30\x32\x35\x5d>, {msg_namelen=0}, 0) = -1 EAGAIN (Resource temporarily unavailable) <0.000047>
1739968096.260414 recvmsg(8<\x73\x6f\x63\x6b\x65\x74\x3a\x5b\x32\x37\x39\x30\x32\x33\x5d>, {msg_name=NULL, msg_namelen=0, msg_iov=[{iov_base="\x01\x00\x00\x00\x00\x00\x00\x00\x3a\xa2\x00\x00\x00\x00\x00\x00\x01\x00\x00\x00\x00\x00\x00\x00\x09\x00\x00\x00\x00\x00\x00\x00", iov_len=32}], msg_iovlen=1, msg_control=[{cmsg_len=20, cmsg_level=SOL_SOCKET, cmsg_type=SCM_RIGHTS, cmsg_data=[7<\x73\x6f\x63\x6b\x65\x74\x3a\x5b\x32\x37\x39\x30\x32\x34\x5d>]}], msg_controllen=24, msg_flags=0}, 0) = 32 <0.000006>
1739968096.260460 recvmsg(8<\x73\x6f\x63\x6b\x65\x74\x3a\x5b\x32\x37\x39\x30\x32\x33\x5d>, {msg_name=NULL, msg_namelen=0, msg_iov=[{iov_base="\x01\x00\x00\x00\x00\x00\x00\x00\x3b\xa2\x00\x00\x00\x00\x00\x00\x02\x00\x00\x00\x00\x00\x00\x00\x0b\x00\x00\x00\x00\x00\x00\x00", iov_len=32}], msg_iovlen=1, msg_control=[{cmsg_len=20, cmsg_level=SOL_SOCKET, cmsg_type=SCM_RIGHTS, cmsg_data=[11<\x73\x6f\x63\x6b\x65\x74\x3a\x5b\x32\x37\x39\x39\x37\x34\x5d>]}], msg_controllen=24, msg_flags=0}, 0) = 32 <0.000013>
1739968096.260516 recvmsg(8<\x73\x6f\x63\x6b\x65\x74\x3a\x5b\x32\x37\x39\x30\x32\x33\x5d>, {msg_name=NULL, msg_namelen=0, msg_iov=[{iov_base="\x01\x00\x00\x00\x00\x00\x00\x00\x3c\xa2\x00\x00\x00\x00\x00\x00\x03\x00\x00\x00\x00\x00\x00\x00\x0d\x00\x00\x00\x00\x00\x00\x00", iov_len=32}], msg_iovlen=1, msg_control=[{cmsg_len=20, cmsg_level=SOL_SOCKET, cmsg_type=SCM_RIGHTS, cmsg_data=[12<\x73\x6f\x63\x6b\x65\x74\x3a\x5b\x32\x37\x39\x39\x37\x36\x5d>]}], msg_controllen=24, msg_flags=0}, 0) = 32 <0.000016>
1739968096.260572 recvmsg(8<\x73\x6f\x63\x6b\x65\x74\x3a\x5b\x32\x37\x39\x30\x32\x33\x5d>, {msg_name=NULL, msg_namelen=0, msg_iov=[{iov_base="\x01\x00\x00\x00\x00\x00\x00\x00\x3d\xa2\x00\x00\x00\x00\x00\x00\x04\x00\x00\x00\x00\x00\x00\x00\x0f\x00\x00\x00\x00\x00\x00\x00", iov_len=32}], msg_iovlen=1, msg_control=[{cmsg_len=20, cmsg_level=SOL_SOCKET, cmsg_type=SCM_RIGHTS, cmsg_data=[13<\x73\x6f\x63\x6b\x65\x74\x3a\x5b\x32\x37\x39\x39\x37\x38\x5d>]}], msg_controllen=24, msg_flags=0}, 0) = 32 <0.000010>
1739968096.260628 recvmsg(8<\x73\x6f\x63\x6b\x65\x74\x3a\x5b\x32\x37\x39\x30\x32\x33\x5d>, {msg_name=NULL, msg_namelen=0, msg_iov=[{iov_base="\x01\x00\x00\x00\x00\x00\x00\x00\x3e\xa2\x00\x00\x00\x00\x00\x00\x05\x00\x00\x00\x00\x00\x00\x00\x11\x00\x00\x00\x00\x00\x00\x00", iov_len=32}], msg_iovlen=1, msg_control=[{cmsg_len=20, cmsg_level=SOL_SOCKET, cmsg_type=SCM_RIGHTS, cmsg_data=[14<\x73\x6f\x63\x6b\x65\x74\x3a\x5b\x32\x37\x39\x39\x38\x30\x5d>]}], msg_controllen=24, msg_flags=0}, 0) = 32 <0.000022>
1739968096.260702 recvmsg(8<\x73\x6f\x63\x6b\x65\x74\x3a\x5b\x32\x37\x39\x30\x32\x33\x5d>, {msg_name=NULL, msg_namelen=0, msg_iov=[{iov_base="\x01\x00\x00\x00\x00\x00\x00\x00\x3f\xa2\x00\x00\x00\x00\x00\x00\x06\x00\x00\x00\x00\x00\x00\x00\x13\x00\x00\x00\x00\x00\x00\x00", iov_len=32}], msg_iovlen=1, msg_control=[{cmsg_len=20, cmsg_level=SOL_SOCKET, cmsg_type=SCM_RIGHTS, cmsg_data=[15<\x73\x6f\x63\x6b\x65\x74\x3a\x5b\x32\x38\x31\x38\x31\x30\x5d>]}], msg_controllen=24, msg_flags=0}, 0) = 32 <0.000021>
1739968096.260771 recvmsg(8<\x73\x6f\x63\x6b\x65\x74\x3a\x5b\x32\x37\x39\x30\x32\x33\x5d>, {msg_name=NULL, msg_namelen=0, msg_iov=[{iov_base="\x01\x00\x00\x00\x00\x00\x00\x00\x40\xa2\x00\x00\x00\x00\x00\x00\x07\x00\x00\x00\x00\x00\x00\x00\x15\x00\x00\x00\x00\x00\x00\x00", iov_len=32}], msg_iovlen=1, msg_control=[{cmsg_len=20, cmsg_level=SOL_SOCKET, cmsg_type=SCM_RIGHTS, cmsg_data=[16<\x73\x6f\x63\x6b\x65\x74\x3a\x5b\x32\x38\x31\x38\x31\x33\x5d>]}], msg_controllen=24, msg_flags=0}, 0) = 32 <0.000019>
1739968096.260835 recvmsg(8<\x73\x6f\x63\x6b\x65\x74\x3a\x5b\x32\x37\x39\x30\x32\x33\x5d>, {msg_namelen=0}, 0) = -1 EAGAIN (Resource temporarily unavailable) <0.000018>
1739968096.258615 recvmsg(14<\x73\x6f\x63\x6b\x65\x74\x3a\x5b\x32\x37\x39\x39\x37\x37\x5d>, {msg_name=NULL, msg_namelen=0, msg_iov=[{iov_base="\x01\x00\x00\x00\x00\x00\x00\x00\x3d\xa2\x00\x00\x00\x00\x00\x00\x04\x00\x00\x00\x00\x00\x00\x00\x0f\x00\x00\x00\x00\x00\x00\x00", iov_len=32}], msg_iovlen=1, msg_control=[{cmsg_len=20, cmsg_level=SOL_SOCKET, cmsg_type=SCM_RIGHTS, cmsg_data=[8<\x73\x6f\x63\x6b\x65\x74\x3a\x5b\x32\x37\x39\x39\x37\x38\x5d>]}], msg_controllen=24, msg_flags=0}, 0) = 32 <0.000033>
1739968096.258688 recvmsg(14<\x73\x6f\x63\x6b\x65\x74\x3a\x5b\x32\x37\x39\x39\x37\x37\x5d>, {msg_name=NULL, msg_namelen=0, msg_iov=[{iov_base="\x01\x00\x00\x00\x00\x00\x00\x00\x3e\xa2\x00\x00\x00\x00\x00\x00\x05\x00\x00\x00\x00\x00\x00\x00\x11\x00\x00\x00\x00\x00\x00\x00", iov_len=32}], msg_iovlen=1, msg_control=[{cmsg_len=20, cmsg_level=SOL_SOCKET, cmsg_type=SCM_RIGHTS, cmsg_data=[10<\x73\x6f\x63\x6b\x65\x74\x3a\x5b\x32\x37\x39\x39\x38\x30\x5d>]}], msg_controllen=24, msg_flags=0}, 0) = 32 <0.000022>
1739968096.258754 recvmsg(14<\x73\x6f\x63\x6b\x65\x74\x3a\x5b\x32\x37\x39\x39\x37\x37\x5d>, {msg_name=NULL, msg_namelen=0, msg_iov=[{iov_base="\x01\x00\x00\x00\x00\x00\x00\x00\x3f\xa2\x00\x00\x00\x00\x00\x00\x06\x00\x00\x00\x00\x00\x00\x00\x13\x00\x00\x00\x00\x00\x00\x00", iov_len=32}], msg_iovlen=1, msg_control=[{cmsg_len=20, cmsg_level=SOL_SOCKET, cmsg_type=SCM_RIGHTS, cmsg_data=[12<\x73\x6f\x63\x6b\x65\x74\x3a\x5b\x32\x38\x31\x38\x31\x30\x5d>]}], msg_controllen=24, msg_flags=0}, 0) = 32 <0.000023>
1739968096.258821 recvmsg(14<\x73\x6f\x63\x6b\x65\x74\x3a\x5b\x32\x37\x39\x39\x37\x37\x5d>, {msg_name=NULL, msg_namelen=0, msg_iov=[{iov_base="\x01\x00\x00\x00\x00\x00\x00\x00\x40\xa2\x00\x00\x00\x00\x00\x00\x07\x00\x00\x00\x00\x00\x00\x00\x15\x00\x00\x00\x00\x00\x00\x00", iov_len=32}], msg_iovlen=1, msg_control=[{cmsg_len=20, cmsg_level=SOL_SOCKET, cmsg_type=SCM_RIGHTS, cmsg_data=[13<\x73\x6f\x63\x6b\x65\x74\x3a\x5b\x32\x38\x31\x38\x31\x33\x5d>]}], msg_controllen=24, msg_flags=0}, 0) = 32 <0.000022>
1739968096.258877 recvmsg(14<\x73\x6f\x63\x6b\x65\x74\x3a\x5b\x32\x37\x39\x39\x37\x37\x5d>, {msg_namelen=0}, 0) = -1 EAGAIN (Resource temporarily unavailable) <0.000027>
1739968096.257529 recvmsg(12<\x73\x6f\x63\x6b\x65\x74\x3a\x5b\x32\x37\x39\x39\x37\x35\x5d>, {msg_name=NULL, msg_namelen=0, msg_iov=[{iov_base="\x01\x00\x00\x00\x00\x00\x00\x00\x3c\xa2\x00\x00\x00\x00\x00\x00\x03\x00\x00\x00\x00\x00\x00\x00\x0d\x00\x00\x00\x00\x00\x00\x00", iov_len=32}], msg_iovlen=1, msg_control=[{cmsg_len=20, cmsg_level=SOL_SOCKET, cmsg_type=SCM_RIGHTS, cmsg_data=[8<\x73\x6f\x63\x6b\x65\x74\x3a\x5b\x32\x37\x39\x39\x37\x36\x5d>]}], msg_controllen=24, msg_flags=0}, 0) = 32 <0.000031>
1739968096.257599 recvmsg(12<\x73\x6f\x63\x6b\x65\x74\x3a\x5b\x32\x37\x39\x39\x37\x35\x5d>, {msg_name=NULL, msg_namelen=0, msg_iov=[{iov_base="\x01\x00\x00\x00\x00\x00\x00\x00\x3d\xa2\x00\x00\x00\x00\x00\x00\x04\x00\x00\x00\x00\x00\x00\x00\x0f\x00\x00\x00\x00\x00\x00\x00", iov_len=32}], msg_iovlen=1, msg_control=[{cmsg_len=20, cmsg_level=SOL_SOCKET, cmsg_type=SCM_RIGHTS, cmsg_data=[10<\x73\x6f\x63\x6b\x65\x74\x3a\x5b\x32\x37\x39\x39\x37\x38\x5d>]}], msg_controllen=24, msg_flags=0}, 0) = 32 <0.000035>
1739968096.257669 recvmsg(12<\x73\x6f\x63\x6b\x65\x74\x3a\x5b\x32\x37\x39\x39\x37\x35\x5d>, {msg_name=NULL, msg_namelen=0, msg_iov=[{iov_base="\x01\x00\x00\x00\x00\x00\x00\x00\x3e\xa2\x00\x00\x00\x00\x00\x00\x05\x00\x00\x00\x00\x00\x00\x00\x11\x00\x00\x00\x00\x00\x00\x00", iov_len=32}], msg_iovlen=1, msg_control=[{cmsg_len=20, cmsg_level=SOL_SOCKET, cmsg_type=SCM_RIGHTS, cmsg_data=[11<\x73\x6f\x63\x6b\x65\x74\x3a\x5b\x32\x37\x39\x39\x38\x30\x5d>]}], msg_controllen=24, msg_flags=0}, 0) = 32 <0.000025>
1739968096.257739 recvmsg(12<\x73\x6f\x63\x6b\x65\x74\x3a\x5b\x32\x37\x39\x39\x37\x35\x5d>, {msg_name=NULL, msg_namelen=0, msg_iov=[{iov_base="\x01\x00\x00\x00\x00\x00\x00\x00\x3f\xa2\x00\x00\x00\x00\x00\x00\x06\x00\x00\x00\x00\x00\x00\x00\x13\x00\x00\x00\x00\x00\x00\x00", iov_len=32}], msg_iovlen=1, msg_control=[{cmsg_len=20, cmsg_level=SOL_SOCKET, cmsg_type=SCM_RIGHTS, cmsg_data=[15<\x73\x6f\x63\x6b\x65\x74\x3a\x5b\x32\x38\x31\x38\x31\x30\x5d>]}], msg_controllen=24, msg_flags=0}, 0) = 32 <0.000029>
1739968096.257833 recvmsg(12<\x73\x6f\x63\x6b\x65\x74\x3a\x5b\x32\x37\x39\x39\x37\x35\x5d>, {msg_name=NULL, msg_namelen=0, msg_iov=[{iov_base="\x01\x00\x00\x00\x00\x00\x00\x00\x40\xa2\x00\x00\x00\x00\x00\x00\x07\x00\x00\x00\x00\x00\x00\x00\x15\x00\x00\x00\x00\x00\x00\x00", iov_len=32}], msg_iovlen=1, msg_control=[{cmsg_len=20, cmsg_level=SOL_SOCKET, cmsg_type=SCM_RIGHTS, cmsg_data=[16<\x73\x6f\x63\x6b\x65\x74\x3a\x5b\x32\x38\x31\x38\x31\x33\x5d>]}], msg_controllen=24, msg_flags=0}, 0) = 32 <0.000056>
1739968096.257947 recvmsg(12<\x73\x6f\x63\x6b\x65\x74\x3a\x5b\x32\x37\x39\x39\x37\x35\x5d>, {msg_namelen=0}, 0) = -1 EAGAIN (Resource temporarily unavailable) <0.000036>
1739968096.259967 recvmsg(16<\x73\x6f\x63\x6b\x65\x74\x3a\x5b\x32\x37\x39\x39\x37\x39\x5d>, {msg_name=NULL, msg_namelen=0, msg_iov=[{iov_base="\x01\x00\x00\x00\x00\x00\x00\x00\x3e\xa2\x00\x00\x00\x00\x00\x00\x05\x00\x00\x00\x00\x00\x00\x00\x11\x00\x00\x00\x00\x00\x00\x00", iov_len=32}], msg_iovlen=1, msg_control=[{cmsg_len=20, cmsg_level=SOL_SOCKET, cmsg_type=SCM_RIGHTS, cmsg_data=[8<\x73\x6f\x63\x6b\x65\x74\x3a\x5b\x32\x37\x39\x39\x38\x30\x5d>]}], msg_controllen=24, msg_flags=0}, 0) = 32 <0.000028>
1739968096.260031 recvmsg(16<\x73\x6f\x63\x6b\x65\x74\x3a\x5b\x32\x37\x39\x39\x37\x39\x5d>, {msg_name=NULL, msg_namelen=0, msg_iov=[{iov_base="\x01\x00\x00\x00\x00\x00\x00\x00\x3f\xa2\x00\x00\x00\x00\x00\x00\x06\x00\x00\x00\x00\x00\x00\x00\x13\x00\x00\x00\x00\x00\x00\x00", iov_len=32}], msg_iovlen=1, msg_control=[{cmsg_len=20, cmsg_level=SOL_SOCKET, cmsg_type=SCM_RIGHTS, cmsg_data=[10<\x73\x6f\x63\x6b\x65\x74\x3a\x5b\x32\x38\x31\x38\x31\x30\x5d>]}], msg_controllen=24, msg_flags=0}, 0) = 32 <0.000027>
1739968096.260096 recvmsg(16<\x73\x6f\x63\x6b\x65\x74\x3a\x5b\x32\x37\x39\x39\x37\x39\x5d>, {msg_name=NULL, msg_namelen=0, msg_iov=[{iov_base="\x01\x00\x00\x00\x00\x00\x00\x00\x40\xa2\x00\x00\x00\x00\x00\x00\x07\x00\x00\x00\x00\x00\x00\x00\x15\x00\x00\x00\x00\x00\x00\x00", iov_len=32}], msg_iovlen=1, msg_control=[{cmsg_len=20, cmsg_level=SOL_SOCKET, cmsg_type=SCM_RIGHTS, cmsg_data=[12<\x73\x6f\x63\x6b\x65\x74\x3a\x5b\x32\x38\x31\x38\x31\x33\x5d>]}], msg_controllen=24, msg_flags=0}, 0) = 32 <0.000025>
1739968096.260163 recvmsg(16<\x73\x6f\x63\x6b\x65\x74\x3a\x5b\x32\x37\x39\x39\x37\x39\x5d>, {msg_namelen=0}, 0) = -1 EAGAIN (Resource temporarily unavailable) <0.000028>
1739968096.261001 recvmsg(18<\x73\x6f\x63\x6b\x65\x74\x3a\x5b\x32\x37\x39\x39\x38\x31\x5d>, {msg_name=NULL, msg_namelen=0, msg_iov=[{iov_base="\x01\x00\x00\x00\x00\x00\x00\x00\x3f\xa2\x00\x00\x00\x00\x00\x00\x06\x00\x00\x00\x00\x00\x00\x00\x13\x00\x00\x00\x00\x00\x00\x00", iov_len=32}], msg_iovlen=1, msg_control=[{cmsg_len=20, cmsg_level=SOL_SOCKET, cmsg_type=SCM_RIGHTS, cmsg_data=[8<\x73\x6f\x63\x6b\x65\x74\x3a\x5b\x32\x38\x31\x38\x31\x30\x5d>]}], msg_controllen=24, msg_flags=0}, 0) = 32 <0.000016>
1739968096.261055 recvmsg(18<\x73\x6f\x63\x6b\x65\x74\x3a\x5b\x32\x37\x39\x39\x38\x31\x5d>, {msg_name=NULL, msg_namelen=0, msg_iov=[{iov_base="\x01\x00\x00\x00\x00\x00\x00\x00\x40\xa2\x00\x00\x00\x00\x00\x00\x07\x00\x00\x00\x00\x00\x00\x00\x15\x00\x00\x00\x00\x00\x00\x00", iov_len=32}], msg_iovlen=1, msg_control=[{cmsg_len=20, cmsg_level=SOL_SOCKET, cmsg_type=SCM_RIGHTS, cmsg_data=[10<\x73\x6f\x63\x6b\x65\x74\x3a\x5b\x32\x38\x31\x38\x31\x33\x5d>]}], msg_controllen=24, msg_flags=0}, 0) = 32 <0.000006>
1739968096.261091 recvmsg(18<\x73\x6f\x63\x6b\x65\x74\x3a\x5b\x32\x37\x39\x39\x38\x31\x5d>, {msg_namelen=0}, 0) = -1 EAGAIN (Resource temporarily unavailable) <0.000006>
