1739968096.237133 set_tid_address(0x73e29bf92a10) = 41527 <0.000004>
