1739968096.247519 set_robust_list(0x73e29bf92a20, 24) = 0 <0.000030>
1739968096.237146 set_robust_list(0x73e29bf92a20, 24) = 0 <0.000004>
1739968096.242683 set_robust_list(0x73e29bf92a20, 24) = 0 <0.000013>
1739968096.243438 set_robust_list(0x73e29bf92a20, 24) = 0 <0.000036>
1739968096.259151 epoll_wait(11<\x61\x6e\x6f\x6e\x5f\x69\x6e\x6f\x64\x65\x3a\x5b\x65\x76\x65\x6e\x74\x70\x6f\x6c\x6c\x5d>, 1739968096.243236 set_robust_list(0x73e29bf92a20, 24) = 0 <0.000008>
1739968096.260887 epoll_wait(9<\x61\x6e\x6f\x6e\x5f\x69\x6e\x6f\x64\x65\x3a\x5b\x65\x76\x65\x6e\x74\x70\x6f\x6c\x6c\x5d>, 1739968096.244454 set_robust_list(0x73e29bf92a20, 24) = 0 <0.000023>
1739968096.258943 epoll_wait(15<\x61\x6e\x6f\x6e\x5f\x69\x6e\x6f\x64\x65\x3a\x5b\x65\x76\x65\x6e\x74\x70\x6f\x6c\x6c\x5d>, 1739968096.249082 set_robust_list(0x73e29bf92a20, 24) = 0 <0.000032>
1739968096.261668 epoll_wait(23<\x61\x6e\x6f\x6e\x5f\x69\x6e\x6f\x64\x65\x3a\x5b\x65\x76\x65\x6e\x74\x70\x6f\x6c\x6c\x5d>, 1739968096.243867 set_robust_list(0x73e29bf92a20, 24) = 0 <0.000007>
1739968120.560636 epoll_wait(13<\x61\x6e\x6f\x6e\x5f\x69\x6e\x6f\x64\x65\x3a\x5b\x65\x76\x65\x6e\x74\x70\x6f\x6c\x6c\x5d>, 1739968096.245192 set_robust_list(0x73e29bf92a20, 24) = 0 <0.000009>
1739968096.260238 epoll_wait(17<\x61\x6e\x6f\x6e\x5f\x69\x6e\x6f\x64\x65\x3a\x5b\x65\x76\x65\x6e\x74\x70\x6f\x6c\x6c\x5d>, 1739968096.246193 set_robust_list(0x73e29bf92a20, 24) = 0 <0.000009>
