1739968096.247725 setgid(33)            = 0 <0.000022>
1739968096.243560 setgid(33)            = 0 <0.000006>
1739968096.243335 setgid(33)            = 0 <0.000007>
1739968096.244611 setgid(33)            = 0 <0.000008>
1739968096.249308 setgid(33)            = 0 <0.000044>
1739968096.243988 setgid(33)            = 0 <0.000008>
1739968096.245347 setgid(33)            = 0 <0.000014>
1739968096.246345 setgid(33)            = 0 <0.000031>
