1739968096.241981 setsockopt(5<\x73\x6f\x63\x6b\x65\x74\x3a\x5b\x32\x37\x39\x39\x37\x32\x5d>, SOL_SOCKET, SO_REUSEADDR, [1], 4) = 0 <0.000007>
1739968096.242098 setsockopt(6<\x73\x6f\x63\x6b\x65\x74\x3a\x5b\x32\x37\x39\x39\x37\x33\x5d>, SOL_SOCKET, SO_REUSEADDR, [1], 4) = 0 <0.000005>
1739968096.242117 setsockopt(6<\x73\x6f\x63\x6b\x65\x74\x3a\x5b\x32\x37\x39\x39\x37\x33\x5d>, SOL_IPV6, IPV6_V6ONLY, [1], 4) = 0 <0.000007>
1739968120.560219 setsockopt(17<\x73\x6f\x63\x6b\x65\x74\x3a\x5b\x32\x38\x30\x30\x30\x35\x5d>, SOL_TCP, TCP_CORK, [1], 4) = 0 <0.000006>
1739968120.560398 setsockopt(17<\x73\x6f\x63\x6b\x65\x74\x3a\x5b\x32\x38\x30\x30\x30\x35\x5d>, SOL_TCP, TCP_CORK, [0], 4) = 0 <0.000020>
