1739968096.242767 setsid()              = 41528 <0.000014>
