1739968096.260676 socketpair(AF_UNIX, SOCK_STREAM, 0, [23<\x73\x6f\x63\x6b\x65\x74\x3a\x5b\x32\x38\x33\x34\x37\x38\x5d>, 24<\x73\x6f\x63\x6b\x65\x74\x3a\x5b\x32\x38\x33\x34\x37\x39\x5d>]) = 0 <0.000016>
1739968096.242958 socketpair(AF_UNIX, SOCK_STREAM, 0, [7<\x73\x6f\x63\x6b\x65\x74\x3a\x5b\x32\x37\x39\x30\x32\x32\x5d>, 8<\x73\x6f\x63\x6b\x65\x74\x3a\x5b\x32\x37\x39\x30\x32\x33\x5d>]) = 0 <0.000011>
1739968096.243196 socketpair(AF_UNIX, SOCK_STREAM, 0, [9<\x73\x6f\x63\x6b\x65\x74\x3a\x5b\x32\x37\x39\x30\x32\x34\x5d>, 10<\x73\x6f\x63\x6b\x65\x74\x3a\x5b\x32\x37\x39\x30\x32\x35\x5d>]) = 0 <0.000025>
1739968096.243512 socketpair(AF_UNIX, SOCK_STREAM, 0, [11<\x73\x6f\x63\x6b\x65\x74\x3a\x5b\x32\x37\x39\x39\x37\x34\x5d>, 12<\x73\x6f\x63\x6b\x65\x74\x3a\x5b\x32\x37\x39\x39\x37\x35\x5d>]) = 0 <0.000016>
1739968096.243993 socketpair(AF_UNIX, SOCK_STREAM, 0, [13<\x73\x6f\x63\x6b\x65\x74\x3a\x5b\x32\x37\x39\x39\x37\x36\x5d>, 14<\x73\x6f\x63\x6b\x65\x74\x3a\x5b\x32\x37\x39\x39\x37\x37\x5d>]) = 0 <0.000029>
1739968096.244722 socketpair(AF_UNIX, SOCK_STREAM, 0, [15<\x73\x6f\x63\x6b\x65\x74\x3a\x5b\x32\x37\x39\x39\x37\x38\x5d>, 16<\x73\x6f\x63\x6b\x65\x74\x3a\x5b\x32\x37\x39\x39\x37\x39\x5d>]) = 0 <0.000018>
1739968096.245525 socketpair(AF_UNIX, SOCK_STREAM, 0, [17<\x73\x6f\x63\x6b\x65\x74\x3a\x5b\x32\x37\x39\x39\x38\x30\x5d>, 18<\x73\x6f\x63\x6b\x65\x74\x3a\x5b\x32\x37\x39\x39\x38\x31\x5d>]) = 0 <0.000038>
1739968096.246730 socketpair(AF_UNIX, SOCK_STREAM, 0, [19<\x73\x6f\x63\x6b\x65\x74\x3a\x5b\x32\x38\x31\x38\x31\x30\x5d>, 20<\x73\x6f\x63\x6b\x65\x74\x3a\x5b\x32\x38\x31\x38\x31\x31\x5d>]) = 0 <0.000046>
1739968096.248330 socketpair(AF_UNIX, SOCK_STREAM, 0, [21<\x73\x6f\x63\x6b\x65\x74\x3a\x5b\x32\x38\x31\x38\x31\x33\x5d>, 22<\x73\x6f\x63\x6b\x65\x74\x3a\x5b\x32\x38\x31\x38\x31\x34\x5d>]) = 0 <0.000060>
1739968096.257197 socketpair(AF_UNIX, SOCK_STREAM, 0, [13<\x73\x6f\x63\x6b\x65\x74\x3a\x5b\x32\x38\x33\x39\x39\x33\x5d>, 14<\x73\x6f\x63\x6b\x65\x74\x3a\x5b\x32\x38\x33\x39\x39\x34\x5d>]) = 0 <0.000069>
1739968096.259428 socketpair(AF_UNIX, SOCK_STREAM, 0, [11<\x73\x6f\x63\x6b\x65\x74\x3a\x5b\x32\x38\x33\x34\x37\x35\x5d>, 12<\x73\x6f\x63\x6b\x65\x74\x3a\x5b\x32\x38\x33\x34\x37\x36\x5d>]) = 0 <0.000043>
1739968096.257429 socketpair(AF_UNIX, SOCK_STREAM, 0, [17<\x73\x6f\x63\x6b\x65\x74\x3a\x5b\x32\x37\x39\x30\x33\x30\x5d>, 18<\x73\x6f\x63\x6b\x65\x74\x3a\x5b\x32\x37\x39\x30\x33\x31\x5d>]) = 0 <0.000032>
1739968096.261217 socketpair(AF_UNIX, SOCK_STREAM, 0, [25<\x73\x6f\x63\x6b\x65\x74\x3a\x5b\x32\x38\x31\x38\x31\x38\x5d>, 26<\x73\x6f\x63\x6b\x65\x74\x3a\x5b\x32\x38\x31\x38\x31\x39\x5d>]) = 0 <0.000008>
1739968096.256281 socketpair(AF_UNIX, SOCK_STREAM, 0, [15<\x73\x6f\x63\x6b\x65\x74\x3a\x5b\x32\x37\x39\x39\x38\x34\x5d>, 16<\x73\x6f\x63\x6b\x65\x74\x3a\x5b\x32\x37\x39\x39\x38\x35\x5d>]) = 0 <0.000040>
1739968096.258683 socketpair(AF_UNIX, SOCK_STREAM, 0, [19<\x73\x6f\x63\x6b\x65\x74\x3a\x5b\x32\x38\x33\x39\x39\x36\x5d>, 20<\x73\x6f\x63\x6b\x65\x74\x3a\x5b\x32\x38\x33\x39\x39\x37\x5d>]) = 0 <0.000019>
1739968096.259929 socketpair(AF_UNIX, SOCK_STREAM, 0, [21<\x73\x6f\x63\x6b\x65\x74\x3a\x5b\x32\x37\x39\x39\x38\x36\x5d>, 22<\x73\x6f\x63\x6b\x65\x74\x3a\x5b\x32\x37\x39\x39\x38\x37\x5d>]) = 0 <0.000024>
