1739968096.258341 timerfd_settime(24<\x61\x6e\x6f\x6e\x5f\x69\x6e\x6f\x64\x65\x3a\x5b\x74\x69\x6d\x65\x72\x66\x64\x5d>, TFD_TIMER_ABSTIME, {it_interval={tv_sec=0, tv_nsec=0}, it_value={tv_sec=35531, tv_nsec=805244000}}, NULL) = 0 <0.000033>
1739968096.252659 timerfd_settime(14<\x61\x6e\x6f\x6e\x5f\x69\x6e\x6f\x64\x65\x3a\x5b\x74\x69\x6d\x65\x72\x66\x64\x5d>, TFD_TIMER_ABSTIME, {it_interval={tv_sec=0, tv_nsec=0}, it_value={tv_sec=35531, tv_nsec=805244000}}, NULL) = 0 <0.000053>
1739968096.254347 timerfd_settime(12<\x61\x6e\x6f\x6e\x5f\x69\x6e\x6f\x64\x65\x3a\x5b\x74\x69\x6d\x65\x72\x66\x64\x5d>, TFD_TIMER_ABSTIME, {it_interval={tv_sec=0, tv_nsec=0}, it_value={tv_sec=35531, tv_nsec=805244000}}, NULL) = 0 <0.000067>
1739968096.253774 timerfd_settime(18<\x61\x6e\x6f\x6e\x5f\x69\x6e\x6f\x64\x65\x3a\x5b\x74\x69\x6d\x65\x72\x66\x64\x5d>, TFD_TIMER_ABSTIME, {it_interval={tv_sec=0, tv_nsec=0}, it_value={tv_sec=35531, tv_nsec=805244000}}, NULL) = 0 <0.000029>
1739968096.259458 timerfd_settime(26<\x61\x6e\x6f\x6e\x5f\x69\x6e\x6f\x64\x65\x3a\x5b\x74\x69\x6d\x65\x72\x66\x64\x5d>, TFD_TIMER_ABSTIME, {it_interval={tv_sec=0, tv_nsec=0}, it_value={tv_sec=35531, tv_nsec=805244000}}, NULL) = 0 <0.000019>
1739968096.252280 timerfd_settime(16<\x61\x6e\x6f\x6e\x5f\x69\x6e\x6f\x64\x65\x3a\x5b\x74\x69\x6d\x65\x72\x66\x64\x5d>, TFD_TIMER_ABSTIME, {it_interval={tv_sec=0, tv_nsec=0}, it_value={tv_sec=35531, tv_nsec=805244000}}, NULL) = 0 <0.000037>
1739968096.254962 timerfd_settime(20<\x61\x6e\x6f\x6e\x5f\x69\x6e\x6f\x64\x65\x3a\x5b\x74\x69\x6d\x65\x72\x66\x64\x5d>, TFD_TIMER_ABSTIME, {it_interval={tv_sec=0, tv_nsec=0}, it_value={tv_sec=35531, tv_nsec=805244000}}, NULL) = 0 <0.000031>
1739968096.256741 timerfd_settime(22<\x61\x6e\x6f\x6e\x5f\x69\x6e\x6f\x64\x65\x3a\x5b\x74\x69\x6d\x65\x72\x66\x64\x5d>, TFD_TIMER_ABSTIME, {it_interval={tv_sec=0, tv_nsec=0}, it_value={tv_sec=35531, tv_nsec=805244000}}, NULL) = 0 <0.000025>
