1739968120.560241 writev(17<\x73\x6f\x63\x6b\x65\x74\x3a\x5b\x32\x38\x30\x30\x30\x35\x5d>, [{iov_base="\x48\x54\x54\x50\x2f\x31\x2e\x31\x20\x32\x30\x30\x20\x4f\x4b\x0d\x0a\x53\x65\x72\x76\x65\x72\x3a\x20\x6e\x67\x69\x6e\x78\x2f\x31"..., iov_len=247}], 1) = 247 <0.000012>
