1739968120.559557 accept4(6<\x73\x6f\x63\x6b\x65\x74\x3a\x5b\x32\x37\x39\x39\x37\x33\x5d>, {sa_family=AF_INET6, sin6_port=htons(59864), sin6_flowinfo=htonl(0), inet_pton(AF_INET6, "\x3a\x3a\x31", &sin6_addr), sin6_scope_id=0}, [112 => 28], SOCK_NONBLOCK) = 17<\x73\x6f\x63\x6b\x65\x74\x3a\x5b\x32\x38\x30\x30\x30\x35\x5d> <0.000087>
