1739968096.235328 access("\x2f\x65\x74\x63\x2f\x6c\x64\x2e\x73\x6f\x2e\x70\x72\x65\x6c\x6f\x61\x64", R_OK) = -1 ENOENT (No such file or directory) <0.000010>
