1739968096.237118 arch_prctl(ARCH_SET_FS, 0x73e29bf92740) = 0 <0.000004>
