1739968096.242525 clone(child_stack=NULL, flags=CLONE_CHILD_CLEARTID|CLONE_CHILD_SETTID|SIGCHLD, child_tidptr=0x73e29bf92a10) = 41528 <0.000138>
1739968096.243089 clone(child_stack=NULL, flags=CLONE_CHILD_CLEARTID|CLONE_CHILD_SETTID|SIGCHLD, child_tidptr=0x73e29bf92a10) = 41529 <0.000086>
1739968096.243347 clone(child_stack=NULL, flags=CLONE_CHILD_CLEARTID|CLONE_CHILD_SETTID|SIGCHLD, child_tidptr=0x73e29bf92a10) = 41530 <0.000080>
1739968096.243728 clone(child_stack=NULL, flags=CLONE_CHILD_CLEARTID|CLONE_CHILD_SETTID|SIGCHLD, child_tidptr=0x73e29bf92a10) = 41531 <0.000146>
1739968096.244314 clone(child_stack=NULL, flags=CLONE_CHILD_CLEARTID|CLONE_CHILD_SETTID|SIGCHLD, child_tidptr=0x73e29bf92a10) = 41532 <0.000176>
1739968096.245039 clone(child_stack=NULL, flags=CLONE_CHILD_CLEARTID|CLONE_CHILD_SETTID|SIGCHLD, child_tidptr=0x73e29bf92a10) = 41533 <0.000175>
1739968096.246049 clone(child_stack=NULL, flags=CLONE_CHILD_CLEARTID|CLONE_CHILD_SETTID|SIGCHLD, child_tidptr=0x73e29bf92a10) = 41534 <0.000173>
1739968096.247360 clone(child_stack=NULL, flags=CLONE_CHILD_CLEARTID|CLONE_CHILD_SETTID|SIGCHLD, child_tidptr=0x73e29bf92a10) = 41535 <0.000220>
1739968096.248948 clone(child_stack=NULL, flags=CLONE_CHILD_CLEARTID|CLONE_CHILD_SETTID|SIGCHLD, child_tidptr=0x73e29bf92a10) = 41536 <0.000198>
