1739968096.247937 close(21<\x2f\x70\x72\x6f\x63\x2f\x73\x79\x73\x2f\x6b\x65\x72\x6e\x65\x6c\x2f\x6e\x67\x72\x6f\x75\x70\x73\x5f\x6d\x61\x78>) = 0 <0.000024>
1739968096.248533 close(21<\x2f\x65\x74\x63\x2f\x67\x72\x6f\x75\x70>) = 0 <0.000031>
1739968096.248845 close(21<\x2f\x65\x74\x63\x2f\x6c\x64\x2e\x73\x6f\x2e\x63\x61\x63\x68\x65>) = 0 <0.000034>
1739968096.249445 close(21<\x2f\x75\x73\x72\x2f\x6c\x69\x62\x2f\x78\x38\x36\x5f\x36\x34\x2d\x6c\x69\x6e\x75\x78\x2d\x67\x6e\x75\x2f\x6c\x69\x62\x6e\x73\x73\x5f\x73\x79\x73\x74\x65\x6d\x64\x2e\x73\x6f\x2e\x32>) = 0 <0.000047>
1739968096.250113 close(21<\x2f\x75\x73\x72\x2f\x6c\x69\x62\x2f\x78\x38\x36\x5f\x36\x34\x2d\x6c\x69\x6e\x75\x78\x2d\x67\x6e\x75\x2f\x6c\x69\x62\x63\x61\x70\x2e\x73\x6f\x2e\x32\x2e\x36\x36>) = 0 <0.000037>
1739968096.250703 close(21<\x2f\x75\x73\x72\x2f\x6c\x69\x62\x2f\x78\x38\x36\x5f\x36\x34\x2d\x6c\x69\x6e\x75\x78\x2d\x67\x6e\x75\x2f\x6c\x69\x62\x6d\x2e\x73\x6f\x2e\x36>) = 0 <0.000034>
1739968096.252770 close(21<\x2f\x72\x75\x6e\x2f\x73\x79\x73\x74\x65\x6d\x64\x2f\x75\x73\x65\x72\x64\x62>) = 0 <0.000028>
1739968096.253424 close(25<\x2f>)       = 0 <0.000031>
1739968096.253547 close(26<\x2f>)       = 0 <0.000041>
1739968096.253623 close(27<\x2f\x65\x74\x63>) = 0 <0.000034>
1739968096.253689 close(21<\x2f>)       = 0 <0.000035>
1739968096.254326 close(25<\x2f>)       = 0 <0.000036>
1739968096.254458 close(26<\x2f>)       = 0 <0.000038>
1739968096.254533 close(27<\x2f\x72\x75\x6e>) = 0 <0.000027>
1739968096.254590 close(21<\x2f>)       = 0 <0.000023>
1739968096.255195 close(25<\x2f>)       = 0 <0.000030>
1739968096.255334 close(26<\x2f>)       = 0 <0.000021>
1739968096.255392 close(27<\x2f\x72\x75\x6e>) = 0 <0.000029>
1739968096.255464 close(21<\x2f>)       = 0 <0.000029>
1739968096.256073 close(25<\x2f>)       = 0 <0.000033>
1739968096.256306 close(27<\x2f\x75\x73\x72>) = 0 <0.000033>
1739968096.256540 close(25<\x2f\x75\x73\x72\x2f\x6c\x6f\x63\x61\x6c>) = 0 <0.000028>
1739968096.256669 close(26<\x2f>)       = 0 <0.000040>
1739968096.256736 close(27<\x2f\x75\x73\x72\x2f\x6c\x6f\x63\x61\x6c\x2f\x6c\x69\x62>) = 0 <0.000034>
1739968096.256802 close(21<\x2f>)       = 0 <0.000027>
1739968096.257451 close(25<\x2f>)       = 0 <0.000026>
1739968096.257654 close(27<\x2f\x75\x73\x72>) = 0 <0.000028>
1739968096.257785 close(26<\x2f>)       = 0 <0.000032>
1739968096.257846 close(25<\x2f\x75\x73\x72\x2f\x6c\x69\x62>) = 0 <0.000029>
1739968096.257907 close(21<\x2f>)       = 0 <0.000023>
1739968096.258255 close(21<\x2f\x70\x72\x6f\x63\x2f\x73\x79\x73\x2f\x6b\x65\x72\x6e\x65\x6c\x2f\x72\x61\x6e\x64\x6f\x6d\x2f\x62\x6f\x6f\x74\x5f\x69\x64>) = 0 <0.000047>
1739968096.259050 close(22<\x73\x6f\x63\x6b\x65\x74\x3a\x5b\x32\x37\x39\x30\x32\x37\x5d>) = 0 <0.000021>
1739968096.259176 close(23<\x61\x6e\x6f\x6e\x5f\x69\x6e\x6f\x64\x65\x3a\x5b\x65\x76\x65\x6e\x74\x70\x6f\x6c\x6c\x5d>) = 0 <0.000013>
1739968096.259207 close(24<\x61\x6e\x6f\x6e\x5f\x69\x6e\x6f\x64\x65\x3a\x5b\x74\x69\x6d\x65\x72\x66\x64\x5d>) = 0 <0.000016>
1739968096.259393 close(21<\x2f\x65\x74\x63\x2f\x6c\x64\x2e\x73\x6f\x2e\x63\x61\x63\x68\x65>) = 0 <0.000020>
1739968096.259774 close(21<\x2f\x75\x73\x72\x2f\x6c\x69\x62\x2f\x78\x38\x36\x5f\x36\x34\x2d\x6c\x69\x6e\x75\x78\x2d\x67\x6e\x75\x2f\x6c\x69\x62\x6e\x73\x73\x5f\x73\x73\x73\x2e\x73\x6f\x2e\x32>) = 0 <0.000012>
1739968096.260400 close(21<\x73\x6f\x63\x6b\x65\x74\x3a\x5b\x32\x38\x33\x34\x37\x37\x5d>) = 0 <0.000018>
1739968096.260749 close(24<\x73\x6f\x63\x6b\x65\x74\x3a\x5b\x32\x38\x33\x34\x37\x39\x5d>) = 0 <0.000014>
1739968096.260814 close(23<\x73\x6f\x63\x6b\x65\x74\x3a\x5b\x32\x38\x33\x34\x37\x38\x5d>) = 0 <0.000014>
1739968096.261116 close(8<\x73\x6f\x63\x6b\x65\x74\x3a\x5b\x32\x37\x39\x30\x32\x33\x5d>) = 0 <0.000010>
1739968096.261145 close(10<\x73\x6f\x63\x6b\x65\x74\x3a\x5b\x32\x37\x39\x30\x32\x35\x5d>) = 0 <0.000006>
1739968096.261170 close(12<\x73\x6f\x63\x6b\x65\x74\x3a\x5b\x32\x37\x39\x39\x37\x35\x5d>) = 0 <0.000006>
1739968096.261200 close(14<\x73\x6f\x63\x6b\x65\x74\x3a\x5b\x32\x37\x39\x39\x37\x37\x5d>) = 0 <0.000004>
1739968096.261223 close(16<\x73\x6f\x63\x6b\x65\x74\x3a\x5b\x32\x37\x39\x39\x37\x39\x5d>) = 0 <0.000009>
1739968096.261251 close(18<\x73\x6f\x63\x6b\x65\x74\x3a\x5b\x32\x37\x39\x39\x38\x31\x5d>) = 0 <0.000004>
1739968096.261277 close(19<\x73\x6f\x63\x6b\x65\x74\x3a\x5b\x32\x38\x31\x38\x31\x30\x5d>) = 0 <0.000004>
1739968096.235624 close(3<\x2f\x65\x74\x63\x2f\x6c\x64\x2e\x73\x6f\x2e\x63\x61\x63\x68\x65>) = 0 <0.000007>
1739968096.235892 close(3<\x2f\x75\x73\x72\x2f\x6c\x69\x62\x2f\x78\x38\x36\x5f\x36\x34\x2d\x6c\x69\x6e\x75\x78\x2d\x67\x6e\x75\x2f\x6c\x69\x62\x63\x72\x79\x70\x74\x2e\x73\x6f\x2e\x31\x2e\x31\x2e\x30>) = 0 <0.000007>
1739968096.236130 close(3<\x2f\x75\x73\x72\x2f\x6c\x69\x62\x2f\x78\x38\x36\x5f\x36\x34\x2d\x6c\x69\x6e\x75\x78\x2d\x67\x6e\x75\x2f\x6c\x69\x62\x70\x63\x72\x65\x32\x2d\x38\x2e\x73\x6f\x2e\x30\x2e\x31\x31\x2e\x32>) = 0 <0.000007>
1739968096.236437 close(3<\x2f\x75\x73\x72\x2f\x6c\x69\x62\x2f\x78\x38\x36\x5f\x36\x34\x2d\x6c\x69\x6e\x75\x78\x2d\x67\x6e\x75\x2f\x6c\x69\x62\x73\x73\x6c\x2e\x73\x6f\x2e\x33>) = 0 <0.000005>
1739968096.236647 close(3<\x2f\x75\x73\x72\x2f\x6c\x69\x62\x2f\x78\x38\x36\x5f\x36\x34\x2d\x6c\x69\x6e\x75\x78\x2d\x67\x6e\x75\x2f\x6c\x69\x62\x63\x72\x79\x70\x74\x6f\x2e\x73\x6f\x2e\x33>) = 0 <0.000005>
1739968096.236835 close(3<\x2f\x75\x73\x72\x2f\x6c\x69\x62\x2f\x78\x38\x36\x5f\x36\x34\x2d\x6c\x69\x6e\x75\x78\x2d\x67\x6e\x75\x2f\x6c\x69\x62\x7a\x2e\x73\x6f\x2e\x31\x2e\x33>) = 0 <0.000005>
1739968096.237069 close(3<\x2f\x75\x73\x72\x2f\x6c\x69\x62\x2f\x78\x38\x36\x5f\x36\x34\x2d\x6c\x69\x6e\x75\x78\x2d\x67\x6e\x75\x2f\x6c\x69\x62\x63\x2e\x73\x6f\x2e\x36>) = 0 <0.000004>
1739968096.238479 close(3<\x2f\x75\x73\x72\x2f\x73\x68\x61\x72\x65\x2f\x7a\x6f\x6e\x65\x69\x6e\x66\x6f\x2f\x45\x75\x72\x6f\x70\x65\x2f\x50\x72\x61\x67\x75\x65>) = 0 <0.000008>
1739968096.239514 close(3<\x2f\x65\x74\x63\x2f\x73\x73\x6c\x2f\x6f\x70\x65\x6e\x73\x73\x6c\x2e\x63\x6e\x66>) = 0 <0.000006>
1739968096.239799 close(3<\x2f\x73\x79\x73\x2f\x64\x65\x76\x69\x63\x65\x73\x2f\x73\x79\x73\x74\x65\x6d\x2f\x63\x70\x75\x2f\x6f\x6e\x6c\x69\x6e\x65>) = 0 <0.000007>
1739968096.240074 close(4<\x73\x6f\x63\x6b\x65\x74\x3a\x5b\x32\x37\x39\x39\x36\x38\x5d>) = 0 <0.000009>
1739968096.240138 close(4<\x73\x6f\x63\x6b\x65\x74\x3a\x5b\x32\x37\x39\x39\x36\x39\x5d>) = 0 <0.000006>
1739968096.240335 close(4<\x2f\x65\x74\x63\x2f\x6e\x73\x73\x77\x69\x74\x63\x68\x2e\x63\x6f\x6e\x66>) = 0 <0.000006>
1739968096.240439 close(4<\x2f\x65\x74\x63\x2f\x70\x61\x73\x73\x77\x64>) = 0 <0.000013>
1739968096.240514 close(4<\x73\x6f\x63\x6b\x65\x74\x3a\x5b\x32\x37\x39\x39\x37\x30\x5d>) = 0 <0.000007>
1739968096.240574 close(4<\x73\x6f\x63\x6b\x65\x74\x3a\x5b\x32\x37\x39\x39\x37\x31\x5d>) = 0 <0.000006>
1739968096.240696 close(4<\x2f\x65\x74\x63\x2f\x67\x72\x6f\x75\x70>) = 0 <0.000005>
1739968096.240816 close(4<\x2f\x65\x74\x63\x2f\x6e\x67\x69\x6e\x78\x2f\x6d\x6f\x64\x75\x6c\x65\x73\x2d\x65\x6e\x61\x62\x6c\x65\x64>) = 0 <0.000006>
1739968096.240863 close(4<\x61\x6e\x6f\x6e\x5f\x69\x6e\x6f\x64\x65\x3a\x5b\x65\x76\x65\x6e\x74\x70\x6f\x6c\x6c\x5d>) = 0 <0.000006>
1739968096.241132 close(4<\x2f\x65\x74\x63\x2f\x6e\x67\x69\x6e\x78\x2f\x6d\x69\x6d\x65\x2e\x74\x79\x70\x65\x73>) = 0 <0.000006>
1739968096.241294 close(4<\x2f\x65\x74\x63\x2f\x6e\x67\x69\x6e\x78\x2f\x63\x6f\x6e\x66\x2e\x64>) = 0 <0.000006>
1739968096.241395 close(4<\x2f\x65\x74\x63\x2f\x6e\x67\x69\x6e\x78\x2f\x73\x69\x74\x65\x73\x2d\x65\x6e\x61\x62\x6c\x65\x64>) = 0 <0.000006>
1739968096.241508 close(4<\x2f\x65\x74\x63\x2f\x6e\x67\x69\x6e\x78\x2f\x73\x69\x74\x65\x73\x2d\x61\x76\x61\x69\x6c\x61\x62\x6c\x65\x2f\x64\x65\x66\x61\x75\x6c\x74>) = 0 <0.000005>
1739968096.241639 close(3<\x2f\x65\x74\x63\x2f\x6e\x67\x69\x6e\x78\x2f\x6e\x67\x69\x6e\x78\x2e\x63\x6f\x6e\x66>) = 0 <0.000005>
1739968096.242781 close(7<\x2f\x72\x75\x6e\x2f\x6e\x67\x69\x6e\x78\x2e\x70\x69\x64>) = 0 <0.000009>
1739968096.242885 close(7<\x2f\x64\x65\x76\x2f\x6e\x75\x6c\x6c>) = 0 <0.000004>
1739968096.243630 close(11<\x2f\x70\x72\x6f\x63\x2f\x73\x79\x73\x2f\x6b\x65\x72\x6e\x65\x6c\x2f\x6e\x67\x72\x6f\x75\x70\x73\x5f\x6d\x61\x78>) = 0 <0.000004>
1739968096.243821 close(11<\x2f\x65\x74\x63\x2f\x67\x72\x6f\x75\x70>) = 0 <0.000021>
1739968096.243976 close(11<\x2f\x65\x74\x63\x2f\x6c\x64\x2e\x73\x6f\x2e\x63\x61\x63\x68\x65>) = 0 <0.000010>
1739968096.244308 close(11<\x2f\x75\x73\x72\x2f\x6c\x69\x62\x2f\x78\x38\x36\x5f\x36\x34\x2d\x6c\x69\x6e\x75\x78\x2d\x67\x6e\x75\x2f\x6c\x69\x62\x6e\x73\x73\x5f\x73\x79\x73\x74\x65\x6d\x64\x2e\x73\x6f\x2e\x32>) = 0 <0.000008>
1739968096.244600 close(11<\x2f\x75\x73\x72\x2f\x6c\x69\x62\x2f\x78\x38\x36\x5f\x36\x34\x2d\x6c\x69\x6e\x75\x78\x2d\x67\x6e\x75\x2f\x6c\x69\x62\x63\x61\x70\x2e\x73\x6f\x2e\x32\x2e\x36\x36>) = 0 <0.000012>
1739968096.244954 close(11<\x2f\x75\x73\x72\x2f\x6c\x69\x62\x2f\x78\x38\x36\x5f\x36\x34\x2d\x6c\x69\x6e\x75\x78\x2d\x67\x6e\x75\x2f\x6c\x69\x62\x6d\x2e\x73\x6f\x2e\x36>) = 0 <0.000008>
1739968096.246447 close(11<\x2f\x72\x75\x6e\x2f\x73\x79\x73\x74\x65\x6d\x64\x2f\x75\x73\x65\x72\x64\x62>) = 0 <0.000025>
1739968096.246992 close(15<\x2f>)       = 0 <0.000047>
1739968096.247130 close(16<\x2f>)       = 0 <0.000028>
1739968096.247206 close(17<\x2f\x65\x74\x63>) = 0 <0.000017>
1739968096.247255 close(11<\x2f>)       = 0 <0.000041>
1739968096.247912 close(15<\x2f>)       = 0 <0.000039>
1739968096.248069 close(16<\x2f>)       = 0 <0.000026>
1739968096.248135 close(17<\x2f\x72\x75\x6e>) = 0 <0.000036>
1739968096.248216 close(11<\x2f>)       = 0 <0.000031>
1739968096.248972 close(15<\x2f>)       = 0 <0.000023>
1739968096.249141 close(16<\x2f>)       = 0 <0.000027>
1739968096.249206 close(17<\x2f\x72\x75\x6e>) = 0 <0.000038>
1739968096.249292 close(11<\x2f>)       = 0 <0.000032>
1739968096.250057 close(15<\x2f>)       = 0 <0.000031>
1739968096.250281 close(17<\x2f\x75\x73\x72>) = 0 <0.000040>
1739968096.250509 close(15<\x2f\x75\x73\x72\x2f\x6c\x6f\x63\x61\x6c>) = 0 <0.000032>
1739968096.250655 close(16<\x2f>)       = 0 <0.000034>
1739968096.250730 close(17<\x2f\x75\x73\x72\x2f\x6c\x6f\x63\x61\x6c\x2f\x6c\x69\x62>) = 0 <0.000032>
1739968096.250828 close(11<\x2f>)       = 0 <0.000030>
1739968096.251616 close(15<\x2f>)       = 0 <0.000028>
1739968096.251827 close(17<\x2f\x75\x73\x72>) = 0 <0.000028>
1739968096.251967 close(16<\x2f>)       = 0 <0.000040>
1739968096.252065 close(15<\x2f\x75\x73\x72\x2f\x6c\x69\x62>) = 0 <0.000030>
1739968096.252133 close(11<\x2f>)       = 0 <0.000030>
1739968096.252582 close(11<\x2f\x70\x72\x6f\x63\x2f\x73\x79\x73\x2f\x6b\x65\x72\x6e\x65\x6c\x2f\x72\x61\x6e\x64\x6f\x6d\x2f\x62\x6f\x6f\x74\x5f\x69\x64>) = 0 <0.000032>
1739968096.253644 close(12<\x73\x6f\x63\x6b\x65\x74\x3a\x5b\x32\x38\x33\x39\x39\x31\x5d>) = 0 <0.000030>
1739968096.253857 close(13<\x61\x6e\x6f\x6e\x5f\x69\x6e\x6f\x64\x65\x3a\x5b\x65\x76\x65\x6e\x74\x70\x6f\x6c\x6c\x5d>) = 0 <0.000070>
1739968096.253965 close(14<\x61\x6e\x6f\x6e\x5f\x69\x6e\x6f\x64\x65\x3a\x5b\x74\x69\x6d\x65\x72\x66\x64\x5d>) = 0 <0.000039>
1739968096.254312 close(11<\x2f\x65\x74\x63\x2f\x6c\x64\x2e\x73\x6f\x2e\x63\x61\x63\x68\x65>) = 0 <0.000029>
1739968096.255040 close(11<\x2f\x75\x73\x72\x2f\x6c\x69\x62\x2f\x78\x38\x36\x5f\x36\x34\x2d\x6c\x69\x6e\x75\x78\x2d\x67\x6e\x75\x2f\x6c\x69\x62\x6e\x73\x73\x5f\x73\x73\x73\x2e\x73\x6f\x2e\x32>) = 0 <0.000035>
1739968096.256447 close(11<\x73\x6f\x63\x6b\x65\x74\x3a\x5b\x32\x38\x33\x39\x39\x32\x5d>) = 0 <0.000034>
1739968096.257405 close(14<\x73\x6f\x63\x6b\x65\x74\x3a\x5b\x32\x38\x33\x39\x39\x34\x5d>) = 0 <0.000064>
1739968096.257605 close(13<\x73\x6f\x63\x6b\x65\x74\x3a\x5b\x32\x38\x33\x39\x39\x33\x5d>) = 0 <0.000037>
1739968096.258142 close(8<\x73\x6f\x63\x6b\x65\x74\x3a\x5b\x32\x37\x39\x30\x32\x33\x5d>) = 0 <0.000033>
1739968096.258206 close(9<\x73\x6f\x63\x6b\x65\x74\x3a\x5b\x32\x37\x39\x30\x32\x34\x5d>) = 0 <0.000033>
1739968096.243407 close(9<\x2f\x70\x72\x6f\x63\x2f\x73\x79\x73\x2f\x6b\x65\x72\x6e\x65\x6c\x2f\x6e\x67\x72\x6f\x75\x70\x73\x5f\x6d\x61\x78>) = 0 <0.000016>
1739968096.243673 close(9<\x2f\x65\x74\x63\x2f\x67\x72\x6f\x75\x70>) = 0 <0.000015>
1739968096.243797 close(9<\x2f\x65\x74\x63\x2f\x6c\x64\x2e\x73\x6f\x2e\x63\x61\x63\x68\x65>) = 0 <0.000009>
1739968096.244081 close(9<\x2f\x75\x73\x72\x2f\x6c\x69\x62\x2f\x78\x38\x36\x5f\x36\x34\x2d\x6c\x69\x6e\x75\x78\x2d\x67\x6e\x75\x2f\x6c\x69\x62\x6e\x73\x73\x5f\x73\x79\x73\x74\x65\x6d\x64\x2e\x73\x6f\x2e\x32>) = 0 <0.000011>
1739968096.244386 close(9<\x2f\x75\x73\x72\x2f\x6c\x69\x62\x2f\x78\x38\x36\x5f\x36\x34\x2d\x6c\x69\x6e\x75\x78\x2d\x67\x6e\x75\x2f\x6c\x69\x62\x63\x61\x70\x2e\x73\x6f\x2e\x32\x2e\x36\x36>) = 0 <0.000013>
1739968096.244827 close(9<\x2f\x75\x73\x72\x2f\x6c\x69\x62\x2f\x78\x38\x36\x5f\x36\x34\x2d\x6c\x69\x6e\x75\x78\x2d\x67\x6e\x75\x2f\x6c\x69\x62\x6d\x2e\x73\x6f\x2e\x36>) = 0 <0.000033>
1739968096.246919 close(9<\x2f\x72\x75\x6e\x2f\x73\x79\x73\x74\x65\x6d\x64\x2f\x75\x73\x65\x72\x64\x62>) = 0 <0.000050>
1739968096.247708 close(13<\x2f>)       = 0 <0.000031>
1739968096.247930 close(14<\x2f>)       = 0 <0.000061>
1739968096.248033 close(15<\x2f\x65\x74\x63>) = 0 <0.000028>
1739968096.248106 close(9<\x2f>)        = 0 <0.000041>
1739968096.248942 close(13<\x2f>)       = 0 <0.000032>
1739968096.249113 close(14<\x2f>)       = 0 <0.000029>
1739968096.249178 close(15<\x2f\x72\x75\x6e>) = 0 <0.000029>
1739968096.249254 close(9<\x2f>)        = 0 <0.000040>
1739968096.250102 close(13<\x2f>)       = 0 <0.000035>
1739968096.250289 close(14<\x2f>)       = 0 <0.000037>
1739968096.250372 close(15<\x2f\x72\x75\x6e>) = 0 <0.000032>
1739968096.250446 close(9<\x2f>)        = 0 <0.000030>
1739968096.251234 close(13<\x2f>)       = 0 <0.000042>
1739968096.251582 close(15<\x2f\x75\x73\x72>) = 0 <0.000036>
1739968096.251901 close(13<\x2f\x75\x73\x72\x2f\x6c\x6f\x63\x61\x6c>) = 0 <0.000030>
1739968096.252073 close(14<\x2f>)       = 0 <0.000028>
1739968096.252140 close(15<\x2f\x75\x73\x72\x2f\x6c\x6f\x63\x61\x6c\x2f\x6c\x69\x62>) = 0 <0.000029>
1739968096.252240 close(9<\x2f>)        = 0 <0.000045>
1739968096.253210 close(13<\x2f>)       = 0 <0.000037>
1739968096.253500 close(15<\x2f\x75\x73\x72>) = 0 <0.000033>
1739968096.253649 close(14<\x2f>)       = 0 <0.000027>
1739968096.253715 close(13<\x2f\x75\x73\x72\x2f\x6c\x69\x62>) = 0 <0.000027>
1739968096.253787 close(9<\x2f>)        = 0 <0.000031>
1739968096.254273 close(9<\x2f\x70\x72\x6f\x63\x2f\x73\x79\x73\x2f\x6b\x65\x72\x6e\x65\x6c\x2f\x72\x61\x6e\x64\x6f\x6d\x2f\x62\x6f\x6f\x74\x5f\x69\x64>) = 0 <0.000038>
1739968096.255446 close(10<\x73\x6f\x63\x6b\x65\x74\x3a\x5b\x32\x38\x31\x38\x30\x38\x5d>) = 0 <0.000034>
1739968096.255697 close(11<\x61\x6e\x6f\x6e\x5f\x69\x6e\x6f\x64\x65\x3a\x5b\x65\x76\x65\x6e\x74\x70\x6f\x6c\x6c\x5d>) = 0 <0.000063>
1739968096.255795 close(12<\x61\x6e\x6f\x6e\x5f\x69\x6e\x6f\x64\x65\x3a\x5b\x74\x69\x6d\x65\x72\x66\x64\x5d>) = 0 <0.000047>
1739968096.256176 close(9<\x2f\x65\x74\x63\x2f\x6c\x64\x2e\x73\x6f\x2e\x63\x61\x63\x68\x65>) = 0 <0.000036>
1739968096.257021 close(9<\x2f\x75\x73\x72\x2f\x6c\x69\x62\x2f\x78\x38\x36\x5f\x36\x34\x2d\x6c\x69\x6e\x75\x78\x2d\x67\x6e\x75\x2f\x6c\x69\x62\x6e\x73\x73\x5f\x73\x73\x73\x2e\x73\x6f\x2e\x32>) = 0 <0.000029>
1739968096.258626 close(9<\x73\x6f\x63\x6b\x65\x74\x3a\x5b\x32\x38\x33\x34\x37\x34\x5d>) = 0 <0.000063>
1739968096.259619 close(12<\x73\x6f\x63\x6b\x65\x74\x3a\x5b\x32\x38\x33\x34\x37\x36\x5d>) = 0 <0.000042>
1739968096.259783 close(11<\x73\x6f\x63\x6b\x65\x74\x3a\x5b\x32\x38\x33\x34\x37\x35\x5d>) = 0 <0.000042>
1739968096.260284 close(7<\x73\x6f\x63\x6b\x65\x74\x3a\x5b\x32\x37\x39\x30\x32\x32\x5d>) = 0 <0.000018>
1739968096.244712 close(15<\x2f\x70\x72\x6f\x63\x2f\x73\x79\x73\x2f\x6b\x65\x72\x6e\x65\x6c\x2f\x6e\x67\x72\x6f\x75\x70\x73\x5f\x6d\x61\x78>) = 0 <0.000010>
1739968096.244998 close(15<\x2f\x65\x74\x63\x2f\x67\x72\x6f\x75\x70>) = 0 <0.000008>
1739968096.245134 close(15<\x2f\x65\x74\x63\x2f\x6c\x64\x2e\x73\x6f\x2e\x63\x61\x63\x68\x65>) = 0 <0.000006>
1739968096.245461 close(15<\x2f\x75\x73\x72\x2f\x6c\x69\x62\x2f\x78\x38\x36\x5f\x36\x34\x2d\x6c\x69\x6e\x75\x78\x2d\x67\x6e\x75\x2f\x6c\x69\x62\x6e\x73\x73\x5f\x73\x79\x73\x74\x65\x6d\x64\x2e\x73\x6f\x2e\x32>) = 0 <0.000017>
1739968096.245801 close(15<\x2f\x75\x73\x72\x2f\x6c\x69\x62\x2f\x78\x38\x36\x5f\x36\x34\x2d\x6c\x69\x6e\x75\x78\x2d\x67\x6e\x75\x2f\x6c\x69\x62\x63\x61\x70\x2e\x73\x6f\x2e\x32\x2e\x36\x36>) = 0 <0.000013>
1739968096.246135 close(15<\x2f\x75\x73\x72\x2f\x6c\x69\x62\x2f\x78\x38\x36\x5f\x36\x34\x2d\x6c\x69\x6e\x75\x78\x2d\x67\x6e\x75\x2f\x6c\x69\x62\x6d\x2e\x73\x6f\x2e\x36>) = 0 <0.000009>
1739968096.247878 close(15<\x2f\x72\x75\x6e\x2f\x73\x79\x73\x74\x65\x6d\x64\x2f\x75\x73\x65\x72\x64\x62>) = 0 <0.000023>
1739968096.248544 close(19<\x2f>)       = 0 <0.000028>
1739968096.248670 close(20<\x2f>)       = 0 <0.000036>
1739968096.248741 close(21<\x2f\x65\x74\x63>) = 0 <0.000036>
1739968096.248820 close(15<\x2f>)       = 0 <0.000031>
1739968096.249512 close(19<\x2f>)       = 0 <0.000032>
1739968096.249677 close(20<\x2f>)       = 0 <0.000043>
1739968096.249765 close(21<\x2f\x72\x75\x6e>) = 0 <0.000035>
1739968096.249840 close(15<\x2f>)       = 0 <0.000043>
1739968096.250539 close(19<\x2f>)       = 0 <0.000026>
1739968096.250684 close(20<\x2f>)       = 0 <0.000026>
1739968096.250755 close(21<\x2f\x72\x75\x6e>) = 0 <0.000026>
1739968096.250820 close(15<\x2f>)       = 0 <0.000027>
1739968096.251472 close(19<\x2f>)       = 0 <0.000027>
1739968096.251676 close(21<\x2f\x75\x73\x72>) = 0 <0.000035>
1739968096.251885 close(19<\x2f\x75\x73\x72\x2f\x6c\x6f\x63\x61\x6c>) = 0 <0.000032>
1739968096.252031 close(20<\x2f>)       = 0 <0.000022>
1739968096.252095 close(21<\x2f\x75\x73\x72\x2f\x6c\x6f\x63\x61\x6c\x2f\x6c\x69\x62>) = 0 <0.000026>
1739968096.252164 close(15<\x2f>)       = 0 <0.000025>
1739968096.252813 close(19<\x2f>)       = 0 <0.000038>
1739968096.253038 close(21<\x2f\x75\x73\x72>) = 0 <0.000028>
1739968096.253177 close(20<\x2f>)       = 0 <0.000023>
1739968096.253241 close(19<\x2f\x75\x73\x72\x2f\x6c\x69\x62>) = 0 <0.000041>
1739968096.253330 close(15<\x2f>)       = 0 <0.000027>
1739968096.253703 close(15<\x2f\x70\x72\x6f\x63\x2f\x73\x79\x73\x2f\x6b\x65\x72\x6e\x65\x6c\x2f\x72\x61\x6e\x64\x6f\x6d\x2f\x62\x6f\x6f\x74\x5f\x69\x64>) = 0 <0.000028>
1739968096.254544 close(16<\x73\x6f\x63\x6b\x65\x74\x3a\x5b\x32\x37\x39\x30\x32\x36\x5d>) = 0 <0.000023>
1739968096.254758 close(17<\x61\x6e\x6f\x6e\x5f\x69\x6e\x6f\x64\x65\x3a\x5b\x65\x76\x65\x6e\x74\x70\x6f\x6c\x6c\x5d>) = 0 <0.000038>
1739968096.254832 close(18<\x61\x6e\x6f\x6e\x5f\x69\x6e\x6f\x64\x65\x3a\x5b\x74\x69\x6d\x65\x72\x66\x64\x5d>) = 0 <0.000035>
1739968096.255107 close(15<\x2f\x65\x74\x63\x2f\x6c\x64\x2e\x73\x6f\x2e\x63\x61\x63\x68\x65>) = 0 <0.000025>
1739968096.255648 close(15<\x2f\x75\x73\x72\x2f\x6c\x69\x62\x2f\x78\x38\x36\x5f\x36\x34\x2d\x6c\x69\x6e\x75\x78\x2d\x67\x6e\x75\x2f\x6c\x69\x62\x6e\x73\x73\x5f\x73\x73\x73\x2e\x73\x6f\x2e\x32>) = 0 <0.000028>
1739968096.256822 close(15<\x73\x6f\x63\x6b\x65\x74\x3a\x5b\x32\x37\x39\x30\x32\x39\x5d>) = 0 <0.000022>
1739968096.257561 close(18<\x73\x6f\x63\x6b\x65\x74\x3a\x5b\x32\x37\x39\x30\x33\x31\x5d>) = 0 <0.000031>
1739968096.257694 close(17<\x73\x6f\x63\x6b\x65\x74\x3a\x5b\x32\x37\x39\x30\x33\x30\x5d>) = 0 <0.000038>
1739968096.258170 close(8<\x73\x6f\x63\x6b\x65\x74\x3a\x5b\x32\x37\x39\x30\x32\x33\x5d>) = 0 <0.000026>
1739968096.258239 close(10<\x73\x6f\x63\x6b\x65\x74\x3a\x5b\x32\x37\x39\x30\x32\x35\x5d>) = 0 <0.000032>
1739968096.258321 close(12<\x73\x6f\x63\x6b\x65\x74\x3a\x5b\x32\x37\x39\x39\x37\x35\x5d>) = 0 <0.000029>
1739968096.258393 close(13<\x73\x6f\x63\x6b\x65\x74\x3a\x5b\x32\x37\x39\x39\x37\x36\x5d>) = 0 <0.000029>
1739968096.249579 close(23<\x2f\x70\x72\x6f\x63\x2f\x73\x79\x73\x2f\x6b\x65\x72\x6e\x65\x6c\x2f\x6e\x67\x72\x6f\x75\x70\x73\x5f\x6d\x61\x78>) = 0 <0.000042>
1739968096.250221 close(23<\x2f\x65\x74\x63\x2f\x67\x72\x6f\x75\x70>) = 0 <0.000028>
1739968096.250525 close(23<\x2f\x65\x74\x63\x2f\x6c\x64\x2e\x73\x6f\x2e\x63\x61\x63\x68\x65>) = 0 <0.000026>
1739968096.251069 close(23<\x2f\x75\x73\x72\x2f\x6c\x69\x62\x2f\x78\x38\x36\x5f\x36\x34\x2d\x6c\x69\x6e\x75\x78\x2d\x67\x6e\x75\x2f\x6c\x69\x62\x6e\x73\x73\x5f\x73\x79\x73\x74\x65\x6d\x64\x2e\x73\x6f\x2e\x32>) = 0 <0.000028>
1739968096.251658 close(23<\x2f\x75\x73\x72\x2f\x6c\x69\x62\x2f\x78\x38\x36\x5f\x36\x34\x2d\x6c\x69\x6e\x75\x78\x2d\x67\x6e\x75\x2f\x6c\x69\x62\x63\x61\x70\x2e\x73\x6f\x2e\x32\x2e\x36\x36>) = 0 <0.000037>
1739968096.252216 close(23<\x2f\x75\x73\x72\x2f\x6c\x69\x62\x2f\x78\x38\x36\x5f\x36\x34\x2d\x6c\x69\x6e\x75\x78\x2d\x67\x6e\x75\x2f\x6c\x69\x62\x6d\x2e\x73\x6f\x2e\x36>) = 0 <0.000029>
1739968096.254215 close(23<\x2f\x72\x75\x6e\x2f\x73\x79\x73\x74\x65\x6d\x64\x2f\x75\x73\x65\x72\x64\x62>) = 0 <0.000024>
1739968096.254815 close(27<\x2f>)       = 0 <0.000035>
1739968096.254951 close(28<\x2f>)       = 0 <0.000029>
1739968096.255013 close(29<\x2f\x65\x74\x63>) = 0 <0.000038>
1739968096.255087 close(23<\x2f>)       = 0 <0.000030>
1739968096.255706 close(27<\x2f>)       = 0 <0.000023>
1739968096.255829 close(28<\x2f>)       = 0 <0.000018>
1739968096.255887 close(29<\x2f\x72\x75\x6e>) = 0 <0.000034>
1739968096.255958 close(23<\x2f>)       = 0 <0.000032>
1739968096.256635 close(27<\x2f>)       = 0 <0.000026>
1739968096.256769 close(28<\x2f>)       = 0 <0.000025>
1739968096.256831 close(29<\x2f\x72\x75\x6e>) = 0 <0.000018>
1739968096.256888 close(23<\x2f>)       = 0 <0.000036>
1739968096.257548 close(27<\x2f>)       = 0 <0.000031>
1739968096.257751 close(29<\x2f\x75\x73\x72>) = 0 <0.000026>
1739968096.257929 close(27<\x2f\x75\x73\x72\x2f\x6c\x6f\x63\x61\x6c>) = 0 <0.000033>
1739968096.258081 close(28<\x2f>)       = 0 <0.000031>
1739968096.258152 close(29<\x2f\x75\x73\x72\x2f\x6c\x6f\x63\x61\x6c\x2f\x6c\x69\x62>) = 0 <0.000031>
1739968096.258222 close(23<\x2f>)       = 0 <0.000026>
1739968096.258863 close(27<\x2f>)       = 0 <0.000021>
1739968096.259031 close(29<\x2f\x75\x73\x72>) = 0 <0.000011>
1739968096.259119 close(28<\x2f>)       = 0 <0.000011>
1739968096.259157 close(27<\x2f\x75\x73\x72\x2f\x6c\x69\x62>) = 0 <0.000012>
1739968096.259191 close(23<\x2f>)       = 0 <0.000009>
1739968096.259411 close(23<\x2f\x70\x72\x6f\x63\x2f\x73\x79\x73\x2f\x6b\x65\x72\x6e\x65\x6c\x2f\x72\x61\x6e\x64\x6f\x6d\x2f\x62\x6f\x6f\x74\x5f\x69\x64>) = 0 <0.000017>
1739968096.259937 close(24<\x73\x6f\x63\x6b\x65\x74\x3a\x5b\x32\x37\x39\x30\x32\x38\x5d>) = 0 <0.000010>
1739968096.260040 close(25<\x61\x6e\x6f\x6e\x5f\x69\x6e\x6f\x64\x65\x3a\x5b\x65\x76\x65\x6e\x74\x70\x6f\x6c\x6c\x5d>) = 0 <0.000010>
1739968096.260077 close(26<\x61\x6e\x6f\x6e\x5f\x69\x6e\x6f\x64\x65\x3a\x5b\x74\x69\x6d\x65\x72\x66\x64\x5d>) = 0 <0.000008>
1739968096.260225 close(23<\x2f\x65\x74\x63\x2f\x6c\x64\x2e\x73\x6f\x2e\x63\x61\x63\x68\x65>) = 0 <0.000015>
1739968096.260490 close(23<\x2f\x75\x73\x72\x2f\x6c\x69\x62\x2f\x78\x38\x36\x5f\x36\x34\x2d\x6c\x69\x6e\x75\x78\x2d\x67\x6e\x75\x2f\x6c\x69\x62\x6e\x73\x73\x5f\x73\x73\x73\x2e\x73\x6f\x2e\x32>) = 0 <0.000015>
1739968096.260992 close(23<\x73\x6f\x63\x6b\x65\x74\x3a\x5b\x32\x38\x31\x38\x31\x37\x5d>) = 0 <0.000011>
1739968096.261265 close(26<\x73\x6f\x63\x6b\x65\x74\x3a\x5b\x32\x38\x31\x38\x31\x39\x5d>) = 0 <0.000009>
1739968096.261318 close(25<\x73\x6f\x63\x6b\x65\x74\x3a\x5b\x32\x38\x31\x38\x31\x38\x5d>) = 0 <0.000006>
1739968096.261512 close(8<\x73\x6f\x63\x6b\x65\x74\x3a\x5b\x32\x37\x39\x30\x32\x33\x5d>) = 0 <0.000004>
1739968096.261529 close(10<\x73\x6f\x63\x6b\x65\x74\x3a\x5b\x32\x37\x39\x30\x32\x35\x5d>) = 0 <0.000004>
1739968096.261546 close(12<\x73\x6f\x63\x6b\x65\x74\x3a\x5b\x32\x37\x39\x39\x37\x35\x5d>) = 0 <0.000004>
1739968096.261564 close(14<\x73\x6f\x63\x6b\x65\x74\x3a\x5b\x32\x37\x39\x39\x37\x37\x5d>) = 0 <0.000004>
1739968096.261581 close(16<\x73\x6f\x63\x6b\x65\x74\x3a\x5b\x32\x37\x39\x39\x37\x39\x5d>) = 0 <0.000004>
1739968096.261596 close(18<\x73\x6f\x63\x6b\x65\x74\x3a\x5b\x32\x37\x39\x39\x38\x31\x5d>) = 0 <0.000004>
1739968096.261612 close(20<\x73\x6f\x63\x6b\x65\x74\x3a\x5b\x32\x38\x31\x38\x31\x31\x5d>) = 0 <0.000004>
1739968096.261630 close(21<\x73\x6f\x63\x6b\x65\x74\x3a\x5b\x32\x38\x31\x38\x31\x33\x5d>) = 0 <0.000004>
1739968096.244089 close(13<\x2f\x70\x72\x6f\x63\x2f\x73\x79\x73\x2f\x6b\x65\x72\x6e\x65\x6c\x2f\x6e\x67\x72\x6f\x75\x70\x73\x5f\x6d\x61\x78>) = 0 <0.000005>
1739968096.244302 close(13<\x2f\x65\x74\x63\x2f\x67\x72\x6f\x75\x70>) = 0 <0.000012>
1739968096.244410 close(13<\x2f\x65\x74\x63\x2f\x6c\x64\x2e\x73\x6f\x2e\x63\x61\x63\x68\x65>) = 0 <0.000029>
1739968096.244729 close(13<\x2f\x75\x73\x72\x2f\x6c\x69\x62\x2f\x78\x38\x36\x5f\x36\x34\x2d\x6c\x69\x6e\x75\x78\x2d\x67\x6e\x75\x2f\x6c\x69\x62\x6e\x73\x73\x5f\x73\x79\x73\x74\x65\x6d\x64\x2e\x73\x6f\x2e\x32>) = 0 <0.000006>
1739968096.244984 close(13<\x2f\x75\x73\x72\x2f\x6c\x69\x62\x2f\x78\x38\x36\x5f\x36\x34\x2d\x6c\x69\x6e\x75\x78\x2d\x67\x6e\x75\x2f\x6c\x69\x62\x63\x61\x70\x2e\x73\x6f\x2e\x32\x2e\x36\x36>) = 0 <0.000014>
1739968096.245226 close(13<\x2f\x75\x73\x72\x2f\x6c\x69\x62\x2f\x78\x38\x36\x5f\x36\x34\x2d\x6c\x69\x6e\x75\x78\x2d\x67\x6e\x75\x2f\x6c\x69\x62\x6d\x2e\x73\x6f\x2e\x36>) = 0 <0.000016>
1739968096.246671 close(13<\x2f\x72\x75\x6e\x2f\x73\x79\x73\x74\x65\x6d\x64\x2f\x75\x73\x65\x72\x64\x62>) = 0 <0.000017>
1739968096.247149 close(17<\x2f>)       = 0 <0.000025>
1739968096.247264 close(18<\x2f>)       = 0 <0.000025>
1739968096.247325 close(19<\x2f\x65\x74\x63>) = 0 <0.000023>
1739968096.247373 close(13<\x2f>)       = 0 <0.000027>
1739968096.247983 close(17<\x2f>)       = 0 <0.000031>
1739968096.248130 close(18<\x2f>)       = 0 <0.000042>
1739968096.248211 close(19<\x2f\x72\x75\x6e>) = 0 <0.000037>
1739968096.248286 close(13<\x2f>)       = 0 <0.000037>
1739968096.248932 close(17<\x2f>)       = 0 <0.000033>
1739968096.249063 close(18<\x2f>)       = 0 <0.000040>
1739968096.249136 close(19<\x2f\x72\x75\x6e>) = 0 <0.000033>
1739968096.249201 close(13<\x2f>)       = 0 <0.000044>
1739968096.249965 close(17<\x2f>)       = 0 <0.000034>
1739968096.250206 close(19<\x2f\x75\x73\x72>) = 0 <0.000031>
1739968096.250434 close(17<\x2f\x75\x73\x72\x2f\x6c\x6f\x63\x61\x6c>) = 0 <0.000036>
1739968096.250572 close(18<\x2f>)       = 0 <0.000038>
1739968096.250650 close(19<\x2f\x75\x73\x72\x2f\x6c\x6f\x63\x61\x6c\x2f\x6c\x69\x62>) = 0 <0.000034>
1739968096.250717 close(13<\x2f>)       = 0 <0.000039>
1739968096.251348 close(17<\x2f>)       = 0 <0.000052>
1739968096.251572 close(19<\x2f\x75\x73\x72>) = 0 <0.000037>
1739968096.251718 close(18<\x2f>)       = 0 <0.000032>
1739968096.251788 close(17<\x2f\x75\x73\x72\x2f\x6c\x69\x62>) = 0 <0.000032>
1739968096.251857 close(13<\x2f>)       = 0 <0.000028>
1739968096.252195 close(13<\x2f\x70\x72\x6f\x63\x2f\x73\x79\x73\x2f\x6b\x65\x72\x6e\x65\x6c\x2f\x72\x61\x6e\x64\x6f\x6d\x2f\x62\x6f\x6f\x74\x5f\x69\x64>) = 0 <0.000035>
1739968096.253138 close(14<\x73\x6f\x63\x6b\x65\x74\x3a\x5b\x32\x38\x31\x38\x30\x39\x5d>) = 0 <0.000039>
1739968096.253364 close(15<\x61\x6e\x6f\x6e\x5f\x69\x6e\x6f\x64\x65\x3a\x5b\x65\x76\x65\x6e\x74\x70\x6f\x6c\x6c\x5d>) = 0 <0.000033>
1739968096.253438 close(16<\x61\x6e\x6f\x6e\x5f\x69\x6e\x6f\x64\x65\x3a\x5b\x74\x69\x6d\x65\x72\x66\x64\x5d>) = 0 <0.000033>
1739968096.253740 close(13<\x2f\x65\x74\x63\x2f\x6c\x64\x2e\x73\x6f\x2e\x63\x61\x63\x68\x65>) = 0 <0.000036>
1739968096.254381 close(13<\x2f\x75\x73\x72\x2f\x6c\x69\x62\x2f\x78\x38\x36\x5f\x36\x34\x2d\x6c\x69\x6e\x75\x78\x2d\x67\x6e\x75\x2f\x6c\x69\x62\x6e\x73\x73\x5f\x73\x73\x73\x2e\x73\x6f\x2e\x32>) = 0 <0.000035>
1739968096.255683 close(13<\x73\x6f\x63\x6b\x65\x74\x3a\x5b\x32\x37\x39\x39\x38\x33\x5d>) = 0 <0.000039>
1739968096.256442 close(16<\x73\x6f\x63\x6b\x65\x74\x3a\x5b\x32\x37\x39\x39\x38\x35\x5d>) = 0 <0.000037>
1739968096.256587 close(15<\x73\x6f\x63\x6b\x65\x74\x3a\x5b\x32\x37\x39\x39\x38\x34\x5d>) = 0 <0.000035>
1739968096.257057 close(8<\x73\x6f\x63\x6b\x65\x74\x3a\x5b\x32\x37\x39\x30\x32\x33\x5d>) = 0 <0.000061>
1739968096.257157 close(10<\x73\x6f\x63\x6b\x65\x74\x3a\x5b\x32\x37\x39\x30\x32\x35\x5d>) = 0 <0.000031>
1739968096.257235 close(11<\x73\x6f\x63\x6b\x65\x74\x3a\x5b\x32\x37\x39\x39\x37\x34\x5d>) = 0 <0.000072>
1739968120.560378 close(18<\x2f\x76\x61\x72\x2f\x77\x77\x77\x2f\x68\x74\x6d\x6c\x2f\x69\x6e\x64\x65\x78\x2e\x6e\x67\x69\x6e\x78\x2d\x64\x65\x62\x69\x61\x6e\x2e\x68\x74\x6d\x6c>) = 0 <0.000007>
1739968120.560579 close(17<\x73\x6f\x63\x6b\x65\x74\x3a\x5b\x32\x38\x30\x30\x30\x35\x5d>) = 0 <0.000036>
1739968096.245456 close(17<\x2f\x70\x72\x6f\x63\x2f\x73\x79\x73\x2f\x6b\x65\x72\x6e\x65\x6c\x2f\x6e\x67\x72\x6f\x75\x70\x73\x5f\x6d\x61\x78>) = 0 <0.000020>
1739968096.245796 close(17<\x2f\x65\x74\x63\x2f\x67\x72\x6f\x75\x70>) = 0 <0.000016>
1739968096.245982 close(17<\x2f\x65\x74\x63\x2f\x6c\x64\x2e\x73\x6f\x2e\x63\x61\x63\x68\x65>) = 0 <0.000017>
1739968096.246308 close(17<\x2f\x75\x73\x72\x2f\x6c\x69\x62\x2f\x78\x38\x36\x5f\x36\x34\x2d\x6c\x69\x6e\x75\x78\x2d\x67\x6e\x75\x2f\x6c\x69\x62\x6e\x73\x73\x5f\x73\x79\x73\x74\x65\x6d\x64\x2e\x73\x6f\x2e\x32>) = 0 <0.000015>
1739968096.246741 close(17<\x2f\x75\x73\x72\x2f\x6c\x69\x62\x2f\x78\x38\x36\x5f\x36\x34\x2d\x6c\x69\x6e\x75\x78\x2d\x67\x6e\x75\x2f\x6c\x69\x62\x63\x61\x70\x2e\x73\x6f\x2e\x32\x2e\x36\x36>) = 0 <0.000018>
1739968096.247168 close(17<\x2f\x75\x73\x72\x2f\x6c\x69\x62\x2f\x78\x38\x36\x5f\x36\x34\x2d\x6c\x69\x6e\x75\x78\x2d\x67\x6e\x75\x2f\x6c\x69\x62\x6d\x2e\x73\x6f\x2e\x36>) = 0 <0.000024>
1739968096.249164 close(17<\x2f\x72\x75\x6e\x2f\x73\x79\x73\x74\x65\x6d\x64\x2f\x75\x73\x65\x72\x64\x62>) = 0 <0.000027>
1739968096.249919 close(21<\x2f>)       = 0 <0.000037>
1739968096.250082 close(22<\x2f>)       = 0 <0.000037>
1739968096.250160 close(23<\x2f\x65\x74\x63>) = 0 <0.000036>
1739968096.250232 close(17<\x2f>)       = 0 <0.000028>
1739968096.250880 close(21<\x2f>)       = 0 <0.000026>
1739968096.251014 close(22<\x2f>)       = 0 <0.000030>
1739968096.251078 close(23<\x2f\x72\x75\x6e>) = 0 <0.000030>
1739968096.251145 close(17<\x2f>)       = 0 <0.000036>
1739968096.251815 close(21<\x2f>)       = 0 <0.000033>
1739968096.251954 close(22<\x2f>)       = 0 <0.000031>
1739968096.252027 close(23<\x2f\x72\x75\x6e>) = 0 <0.000025>
1739968096.252090 close(17<\x2f>)       = 0 <0.000030>
1739968096.252742 close(21<\x2f>)       = 0 <0.000034>
1739968096.252975 close(23<\x2f\x75\x73\x72>) = 0 <0.000025>
1739968096.253172 close(21<\x2f\x75\x73\x72\x2f\x6c\x6f\x63\x61\x6c>) = 0 <0.000026>
1739968096.253325 close(22<\x2f>)       = 0 <0.000030>
1739968096.253389 close(23<\x2f\x75\x73\x72\x2f\x6c\x6f\x63\x61\x6c\x2f\x6c\x69\x62>) = 0 <0.000040>
1739968096.253464 close(17<\x2f>)       = 0 <0.000024>
1739968096.254091 close(21<\x2f>)       = 0 <0.000025>
1739968096.254304 close(23<\x2f\x75\x73\x72>) = 0 <0.000027>
1739968096.254441 close(22<\x2f>)       = 0 <0.000022>
1739968096.254507 close(21<\x2f\x75\x73\x72\x2f\x6c\x69\x62>) = 0 <0.000031>
1739968096.254568 close(17<\x2f>)       = 0 <0.000029>
1739968096.254893 close(17<\x2f\x70\x72\x6f\x63\x2f\x73\x79\x73\x2f\x6b\x65\x72\x6e\x65\x6c\x2f\x72\x61\x6e\x64\x6f\x6d\x2f\x62\x6f\x6f\x74\x5f\x69\x64>) = 0 <0.000035>
1739968096.255719 close(18<\x73\x6f\x63\x6b\x65\x74\x3a\x5b\x32\x38\x31\x30\x37\x37\x5d>) = 0 <0.000024>
1739968096.255901 close(19<\x61\x6e\x6f\x6e\x5f\x69\x6e\x6f\x64\x65\x3a\x5b\x65\x76\x65\x6e\x74\x70\x6f\x6c\x6c\x5d>) = 0 <0.000036>
1739968096.255971 close(20<\x61\x6e\x6f\x6e\x5f\x69\x6e\x6f\x64\x65\x3a\x5b\x74\x69\x6d\x65\x72\x66\x64\x5d>) = 0 <0.000033>
1739968096.256273 close(17<\x2f\x65\x74\x63\x2f\x6c\x64\x2e\x73\x6f\x2e\x63\x61\x63\x68\x65>) = 0 <0.000041>
1739968096.256903 close(17<\x2f\x75\x73\x72\x2f\x6c\x69\x62\x2f\x78\x38\x36\x5f\x36\x34\x2d\x6c\x69\x6e\x75\x78\x2d\x67\x6e\x75\x2f\x6c\x69\x62\x6e\x73\x73\x5f\x73\x73\x73\x2e\x73\x6f\x2e\x32>) = 0 <0.000041>
1739968096.258092 close(17<\x73\x6f\x63\x6b\x65\x74\x3a\x5b\x32\x38\x33\x39\x39\x35\x5d>) = 0 <0.000040>
1739968096.258816 close(20<\x73\x6f\x63\x6b\x65\x74\x3a\x5b\x32\x38\x33\x39\x39\x37\x5d>) = 0 <0.000025>
1739968096.258935 close(19<\x73\x6f\x63\x6b\x65\x74\x3a\x5b\x32\x38\x33\x39\x39\x36\x5d>) = 0 <0.000026>
1739968096.259401 close(8<\x73\x6f\x63\x6b\x65\x74\x3a\x5b\x32\x37\x39\x30\x32\x33\x5d>) = 0 <0.000044>
1739968096.259495 close(10<\x73\x6f\x63\x6b\x65\x74\x3a\x5b\x32\x37\x39\x30\x32\x35\x5d>) = 0 <0.000043>
1739968096.259583 close(12<\x73\x6f\x63\x6b\x65\x74\x3a\x5b\x32\x37\x39\x39\x37\x35\x5d>) = 0 <0.000014>
1739968096.259644 close(14<\x73\x6f\x63\x6b\x65\x74\x3a\x5b\x32\x37\x39\x39\x37\x37\x5d>) = 0 <0.000034>
1739968096.259725 close(15<\x73\x6f\x63\x6b\x65\x74\x3a\x5b\x32\x37\x39\x39\x37\x38\x5d>) = 0 <0.000030>
1739968096.246515 close(19<\x2f\x70\x72\x6f\x63\x2f\x73\x79\x73\x2f\x6b\x65\x72\x6e\x65\x6c\x2f\x6e\x67\x72\x6f\x75\x70\x73\x5f\x6d\x61\x78>) = 0 <0.000020>
1739968096.246952 close(19<\x2f\x65\x74\x63\x2f\x67\x72\x6f\x75\x70>) = 0 <0.000022>
1739968096.247192 close(19<\x2f\x65\x74\x63\x2f\x6c\x64\x2e\x73\x6f\x2e\x63\x61\x63\x68\x65>) = 0 <0.000022>
1739968096.247692 close(19<\x2f\x75\x73\x72\x2f\x6c\x69\x62\x2f\x78\x38\x36\x5f\x36\x34\x2d\x6c\x69\x6e\x75\x78\x2d\x67\x6e\x75\x2f\x6c\x69\x62\x6e\x73\x73\x5f\x73\x79\x73\x74\x65\x6d\x64\x2e\x73\x6f\x2e\x32>) = 0 <0.000032>
1739968096.248273 close(19<\x2f\x75\x73\x72\x2f\x6c\x69\x62\x2f\x78\x38\x36\x5f\x36\x34\x2d\x6c\x69\x6e\x75\x78\x2d\x67\x6e\x75\x2f\x6c\x69\x62\x63\x61\x70\x2e\x73\x6f\x2e\x32\x2e\x36\x36>) = 0 <0.000038>
1739968096.248850 close(19<\x2f\x75\x73\x72\x2f\x6c\x69\x62\x2f\x78\x38\x36\x5f\x36\x34\x2d\x6c\x69\x6e\x75\x78\x2d\x67\x6e\x75\x2f\x6c\x69\x62\x6d\x2e\x73\x6f\x2e\x36>) = 0 <0.000030>
1739968096.251109 close(19<\x2f\x72\x75\x6e\x2f\x73\x79\x73\x74\x65\x6d\x64\x2f\x75\x73\x65\x72\x64\x62>) = 0 <0.000030>
1739968096.251778 close(23<\x2f>)       = 0 <0.000031>
1739968096.251916 close(24<\x2f>)       = 0 <0.000032>
1739968096.251985 close(25<\x2f\x65\x74\x63>) = 0 <0.000035>
1739968096.252052 close(19<\x2f>)       = 0 <0.000032>
1739968096.252711 close(23<\x2f>)       = 0 <0.000025>
1739968096.252848 close(24<\x2f>)       = 0 <0.000030>
1739968096.252933 close(25<\x2f\x72\x75\x6e>) = 0 <0.000033>
1739968096.252999 close(19<\x2f>)       = 0 <0.000026>
1739968096.253628 close(23<\x2f>)       = 0 <0.000031>
1739968096.253766 close(24<\x2f>)       = 0 <0.000033>
1739968096.253841 close(25<\x2f\x72\x75\x6e>) = 0 <0.000030>
1739968096.253914 close(19<\x2f>)       = 0 <0.000033>
1739968096.254538 close(23<\x2f>)       = 0 <0.000024>
1739968096.254719 close(25<\x2f\x75\x73\x72>) = 0 <0.000028>
1739968096.254931 close(23<\x2f\x75\x73\x72\x2f\x6c\x6f\x63\x61\x6c>) = 0 <0.000024>
1739968096.255065 close(24<\x2f>)       = 0 <0.000027>
1739968096.255131 close(25<\x2f\x75\x73\x72\x2f\x6c\x6f\x63\x61\x6c\x2f\x6c\x69\x62>) = 0 <0.000031>
1739968096.255200 close(19<\x2f>)       = 0 <0.000027>
1739968096.255812 close(23<\x2f>)       = 0 <0.000021>
1739968096.256002 close(25<\x2f\x75\x73\x72>) = 0 <0.000031>
1739968096.256148 close(24<\x2f>)       = 0 <0.000039>
1739968096.256234 close(23<\x2f\x75\x73\x72\x2f\x6c\x69\x62>) = 0 <0.000025>
1739968096.256312 close(19<\x2f>)       = 0 <0.000027>
1739968096.256674 close(19<\x2f\x70\x72\x6f\x63\x2f\x73\x79\x73\x2f\x6b\x65\x72\x6e\x65\x6c\x2f\x72\x61\x6e\x64\x6f\x6d\x2f\x62\x6f\x6f\x74\x5f\x69\x64>) = 0 <0.000032>
1739968096.257519 close(20<\x73\x6f\x63\x6b\x65\x74\x3a\x5b\x32\x37\x39\x39\x38\x32\x5d>) = 0 <0.000032>
1739968096.257728 close(21<\x61\x6e\x6f\x6e\x5f\x69\x6e\x6f\x64\x65\x3a\x5b\x65\x76\x65\x6e\x74\x70\x6f\x6c\x6c\x5d>) = 0 <0.000026>
1739968096.257790 close(22<\x61\x6e\x6f\x6e\x5f\x69\x6e\x6f\x64\x65\x3a\x5b\x74\x69\x6d\x65\x72\x66\x64\x5d>) = 0 <0.000026>
1739968096.258062 close(19<\x2f\x65\x74\x63\x2f\x6c\x64\x2e\x73\x6f\x2e\x63\x61\x63\x68\x65>) = 0 <0.000019>
1739968096.258645 close(19<\x2f\x75\x73\x72\x2f\x6c\x69\x62\x2f\x78\x38\x36\x5f\x36\x34\x2d\x6c\x69\x6e\x75\x78\x2d\x67\x6e\x75\x2f\x6c\x69\x62\x6e\x73\x73\x5f\x73\x73\x73\x2e\x73\x6f\x2e\x32>) = 0 <0.000028>
1739968096.259563 close(19<\x73\x6f\x63\x6b\x65\x74\x3a\x5b\x32\x38\x31\x38\x31\x36\x5d>) = 0 <0.000030>
1739968096.260047 close(22<\x73\x6f\x63\x6b\x65\x74\x3a\x5b\x32\x37\x39\x39\x38\x37\x5d>) = 0 <0.000032>
1739968096.260177 close(21<\x73\x6f\x63\x6b\x65\x74\x3a\x5b\x32\x37\x39\x39\x38\x36\x5d>) = 0 <0.000025>
1739968096.260554 close(8<\x73\x6f\x63\x6b\x65\x74\x3a\x5b\x32\x37\x39\x30\x32\x33\x5d>) = 0 <0.000023>
1739968096.260614 close(10<\x73\x6f\x63\x6b\x65\x74\x3a\x5b\x32\x37\x39\x30\x32\x35\x5d>) = 0 <0.000029>
1739968096.260680 close(12<\x73\x6f\x63\x6b\x65\x74\x3a\x5b\x32\x37\x39\x39\x37\x35\x5d>) = 0 <0.000031>
1739968096.260755 close(14<\x73\x6f\x63\x6b\x65\x74\x3a\x5b\x32\x37\x39\x39\x37\x37\x5d>) = 0 <0.000024>
1739968096.260819 close(16<\x73\x6f\x63\x6b\x65\x74\x3a\x5b\x32\x37\x39\x39\x37\x39\x5d>) = 0 <0.000023>
1739968096.260872 close(17<\x73\x6f\x63\x6b\x65\x74\x3a\x5b\x32\x37\x39\x39\x38\x30\x5d>) = 0 <0.000024>
