1739968096.252252 epoll_create1(EPOLL_CLOEXEC) = 23<\x61\x6e\x6f\x6e\x5f\x69\x6e\x6f\x64\x65\x3a\x5b\x65\x76\x65\x6e\x74\x70\x6f\x6c\x6c\x5d> <0.000048>
1739968096.246042 epoll_create1(EPOLL_CLOEXEC) = 13<\x61\x6e\x6f\x6e\x5f\x69\x6e\x6f\x64\x65\x3a\x5b\x65\x76\x65\x6e\x74\x70\x6f\x6c\x6c\x5d> <0.000026>
1739968096.246251 epoll_create1(EPOLL_CLOEXEC) = 11<\x61\x6e\x6f\x6e\x5f\x69\x6e\x6f\x64\x65\x3a\x5b\x65\x76\x65\x6e\x74\x70\x6f\x6c\x6c\x5d> <0.000042>
1739968096.247401 epoll_create1(EPOLL_CLOEXEC) = 17<\x61\x6e\x6f\x6e\x5f\x69\x6e\x6f\x64\x65\x3a\x5b\x65\x76\x65\x6e\x74\x70\x6f\x6c\x6c\x5d> <0.000016>
1739968096.253725 epoll_create1(EPOLL_CLOEXEC) = 25<\x61\x6e\x6f\x6e\x5f\x69\x6e\x6f\x64\x65\x3a\x5b\x65\x76\x65\x6e\x74\x70\x6f\x6c\x6c\x5d> <0.000024>
1739968096.246233 epoll_create1(EPOLL_CLOEXEC) = 15<\x61\x6e\x6f\x6e\x5f\x69\x6e\x6f\x64\x65\x3a\x5b\x65\x76\x65\x6e\x74\x70\x6f\x6c\x6c\x5d> <0.000048>
1739968096.248666 epoll_create1(EPOLL_CLOEXEC) = 19<\x61\x6e\x6f\x6e\x5f\x69\x6e\x6f\x64\x65\x3a\x5b\x65\x76\x65\x6e\x74\x70\x6f\x6c\x6c\x5d> <0.000035>
1739968096.250641 epoll_create1(EPOLL_CLOEXEC) = 21<\x61\x6e\x6f\x6e\x5f\x69\x6e\x6f\x64\x65\x3a\x5b\x65\x76\x65\x6e\x74\x70\x6f\x6c\x6c\x5d> <0.000027>
