1739968096.258413 epoll_pwait2(23<\x61\x6e\x6f\x6e\x5f\x69\x6e\x6f\x64\x65\x3a\x5b\x65\x76\x65\x6e\x74\x70\x6f\x6c\x6c\x5d>, [{events=EPOLLOUT, data={u32=4191590112, u64=96198574118624}}], 8, {tv_sec=0, tv_nsec=0}, NULL, 8) = 1 <0.000033>
1739968096.258639 epoll_pwait2(23<\x61\x6e\x6f\x6e\x5f\x69\x6e\x6f\x64\x65\x3a\x5b\x65\x76\x65\x6e\x74\x70\x6f\x6c\x6c\x5d>, [{events=EPOLLIN, data={u32=4191590112, u64=96198574118624}}], 8, {tv_sec=0, tv_nsec=0}, NULL, 8) = 1 <0.000031>
1739968096.258892 epoll_pwait2(23<\x61\x6e\x6f\x6e\x5f\x69\x6e\x6f\x64\x65\x3a\x5b\x65\x76\x65\x6e\x74\x70\x6f\x6c\x6c\x5d>, [], 8, {tv_sec=0, tv_nsec=0}, NULL, 8) = 0 <0.000031>
1739968096.258958 epoll_pwait2(23<\x61\x6e\x6f\x6e\x5f\x69\x6e\x6f\x64\x65\x3a\x5b\x65\x76\x65\x6e\x74\x70\x6f\x6c\x6c\x5d>, [], 8, {tv_sec=0, tv_nsec=0}, NULL, 8) = 0 <0.000020>
1739968096.252757 epoll_pwait2(13<\x61\x6e\x6f\x6e\x5f\x69\x6e\x6f\x64\x65\x3a\x5b\x65\x76\x65\x6e\x74\x70\x6f\x6c\x6c\x5d>, [{events=EPOLLOUT, data={u32=4191590112, u64=96198574118624}}], 8, {tv_sec=0, tv_nsec=0}, NULL, 8) = 1 <0.000060>
1739968096.253045 epoll_pwait2(13<\x61\x6e\x6f\x6e\x5f\x69\x6e\x6f\x64\x65\x3a\x5b\x65\x76\x65\x6e\x74\x70\x6f\x6c\x6c\x5d>, [{events=EPOLLIN, data={u32=4191590112, u64=96198574118624}}], 8, {tv_sec=0, tv_nsec=0}, NULL, 8) = 1 <0.000032>
1739968096.253404 epoll_pwait2(13<\x61\x6e\x6f\x6e\x5f\x69\x6e\x6f\x64\x65\x3a\x5b\x65\x76\x65\x6e\x74\x70\x6f\x6c\x6c\x5d>, [], 8, {tv_sec=0, tv_nsec=0}, NULL, 8) = 0 <0.000034>
1739968096.253495 epoll_pwait2(13<\x61\x6e\x6f\x6e\x5f\x69\x6e\x6f\x64\x65\x3a\x5b\x65\x76\x65\x6e\x74\x70\x6f\x6c\x6c\x5d>, [], 8, {tv_sec=0, tv_nsec=0}, NULL, 8) = 0 <0.000035>
1739968096.254486 epoll_pwait2(11<\x61\x6e\x6f\x6e\x5f\x69\x6e\x6f\x64\x65\x3a\x5b\x65\x76\x65\x6e\x74\x70\x6f\x6c\x6c\x5d>, [{events=EPOLLOUT, data={u32=4191590112, u64=96198574118624}}], 8, {tv_sec=0, tv_nsec=0}, NULL, 8) = 1 <0.000027>
1739968096.254772 epoll_pwait2(11<\x61\x6e\x6f\x6e\x5f\x69\x6e\x6f\x64\x65\x3a\x5b\x65\x76\x65\x6e\x74\x70\x6f\x6c\x6c\x5d>, [{events=EPOLLIN, data={u32=4191590112, u64=96198574118624}}], 8, {tv_sec=0, tv_nsec=0}, NULL, 8) = 1 <0.000026>
1739968096.255114 epoll_pwait2(11<\x61\x6e\x6f\x6e\x5f\x69\x6e\x6f\x64\x65\x3a\x5b\x65\x76\x65\x6e\x74\x70\x6f\x6c\x6c\x5d>, [], 8, {tv_sec=0, tv_nsec=0}, NULL, 8) = 0 <0.000027>
1739968096.255214 epoll_pwait2(11<\x61\x6e\x6f\x6e\x5f\x69\x6e\x6f\x64\x65\x3a\x5b\x65\x76\x65\x6e\x74\x70\x6f\x6c\x6c\x5d>, [], 8, {tv_sec=0, tv_nsec=0}, NULL, 8) = 0 <0.000033>
1739968096.253849 epoll_pwait2(17<\x61\x6e\x6f\x6e\x5f\x69\x6e\x6f\x64\x65\x3a\x5b\x65\x76\x65\x6e\x74\x70\x6f\x6c\x6c\x5d>, [{events=EPOLLOUT, data={u32=4191590112, u64=96198574118624}}], 8, {tv_sec=0, tv_nsec=0}, NULL, 8) = 1 <0.000029>
1739968096.254055 epoll_pwait2(17<\x61\x6e\x6f\x6e\x5f\x69\x6e\x6f\x64\x65\x3a\x5b\x65\x76\x65\x6e\x74\x70\x6f\x6c\x6c\x5d>, [{events=EPOLLIN, data={u32=4191590112, u64=96198574118624}}], 8, {tv_sec=0, tv_nsec=0}, NULL, 8) = 1 <0.000036>
1739968096.254339 epoll_pwait2(17<\x61\x6e\x6f\x6e\x5f\x69\x6e\x6f\x64\x65\x3a\x5b\x65\x76\x65\x6e\x74\x70\x6f\x6c\x6c\x5d>, [], 8, {tv_sec=0, tv_nsec=0}, NULL, 8) = 0 <0.000035>
1739968096.254417 epoll_pwait2(17<\x61\x6e\x6f\x6e\x5f\x69\x6e\x6f\x64\x65\x3a\x5b\x65\x76\x65\x6e\x74\x70\x6f\x6c\x6c\x5d>, [], 8, {tv_sec=0, tv_nsec=0}, NULL, 8) = 0 <0.000024>
1739968096.259505 epoll_pwait2(25<\x61\x6e\x6f\x6e\x5f\x69\x6e\x6f\x64\x65\x3a\x5b\x65\x76\x65\x6e\x74\x70\x6f\x6c\x6c\x5d>, [{events=EPOLLOUT, data={u32=4191590112, u64=96198574118624}}], 8, {tv_sec=0, tv_nsec=0}, NULL, 8) = 1 <0.000021>
1739968096.259656 epoll_pwait2(25<\x61\x6e\x6f\x6e\x5f\x69\x6e\x6f\x64\x65\x3a\x5b\x65\x76\x65\x6e\x74\x70\x6f\x6c\x6c\x5d>, [{events=EPOLLIN, data={u32=4191590112, u64=96198574118624}}], 8, {tv_sec=0, tv_nsec=0}, NULL, 8) = 1 <0.000010>
1739968096.259817 epoll_pwait2(25<\x61\x6e\x6f\x6e\x5f\x69\x6e\x6f\x64\x65\x3a\x5b\x65\x76\x65\x6e\x74\x70\x6f\x6c\x6c\x5d>, [], 8, {tv_sec=0, tv_nsec=0}, NULL, 8) = 0 <0.000013>
1739968096.259855 epoll_pwait2(25<\x61\x6e\x6f\x6e\x5f\x69\x6e\x6f\x64\x65\x3a\x5b\x65\x76\x65\x6e\x74\x70\x6f\x6c\x6c\x5d>, [], 8, {tv_sec=0, tv_nsec=0}, NULL, 8) = 0 <0.000018>
1739968096.252357 epoll_pwait2(15<\x61\x6e\x6f\x6e\x5f\x69\x6e\x6f\x64\x65\x3a\x5b\x65\x76\x65\x6e\x74\x70\x6f\x6c\x6c\x5d>, [{events=EPOLLOUT, data={u32=4191590112, u64=96198574118624}}], 8, {tv_sec=0, tv_nsec=0}, NULL, 8) = 1 <0.000036>
1739968096.252577 epoll_pwait2(15<\x61\x6e\x6f\x6e\x5f\x69\x6e\x6f\x64\x65\x3a\x5b\x65\x76\x65\x6e\x74\x70\x6f\x6c\x6c\x5d>, [{events=EPOLLIN, data={u32=4191590112, u64=96198574118624}}], 8, {tv_sec=0, tv_nsec=0}, NULL, 8) = 1 <0.000039>
1739968096.252898 epoll_pwait2(15<\x61\x6e\x6f\x6e\x5f\x69\x6e\x6f\x64\x65\x3a\x5b\x65\x76\x65\x6e\x74\x70\x6f\x6c\x6c\x5d>, [], 8, {tv_sec=0, tv_nsec=0}, NULL, 8) = 0 <0.000041>
1739968096.253009 epoll_pwait2(15<\x61\x6e\x6f\x6e\x5f\x69\x6e\x6f\x64\x65\x3a\x5b\x65\x76\x65\x6e\x74\x70\x6f\x6c\x6c\x5d>, [], 8, {tv_sec=0, tv_nsec=0}, NULL, 8) = 0 <0.000029>
1739968096.255026 epoll_pwait2(19<\x61\x6e\x6f\x6e\x5f\x69\x6e\x6f\x64\x65\x3a\x5b\x65\x76\x65\x6e\x74\x70\x6f\x6c\x6c\x5d>, [{events=EPOLLOUT, data={u32=4191590112, u64=96198574118624}}], 8, {tv_sec=0, tv_nsec=0}, NULL, 8) = 1 <0.000038>
1739968096.255234 epoll_pwait2(19<\x61\x6e\x6f\x6e\x5f\x69\x6e\x6f\x64\x65\x3a\x5b\x65\x76\x65\x6e\x74\x70\x6f\x6c\x6c\x5d>, [{events=EPOLLIN, data={u32=4191590112, u64=96198574118624}}], 8, {tv_sec=0, tv_nsec=0}, NULL, 8) = 1 <0.000041>
1739968096.255503 epoll_pwait2(19<\x61\x6e\x6f\x6e\x5f\x69\x6e\x6f\x64\x65\x3a\x5b\x65\x76\x65\x6e\x74\x70\x6f\x6c\x6c\x5d>, [], 8, {tv_sec=0, tv_nsec=0}, NULL, 8) = 0 <0.000038>
1739968096.255572 epoll_pwait2(19<\x61\x6e\x6f\x6e\x5f\x69\x6e\x6f\x64\x65\x3a\x5b\x65\x76\x65\x6e\x74\x70\x6f\x6c\x6c\x5d>, [], 8, {tv_sec=0, tv_nsec=0}, NULL, 8) = 0 <0.000029>
1739968096.256809 epoll_pwait2(21<\x61\x6e\x6f\x6e\x5f\x69\x6e\x6f\x64\x65\x3a\x5b\x65\x76\x65\x6e\x74\x70\x6f\x6c\x6c\x5d>, [{events=EPOLLOUT, data={u32=4191590112, u64=96198574118624}}], 8, {tv_sec=0, tv_nsec=0}, NULL, 8) = 1 <0.000021>
1739968096.257007 epoll_pwait2(21<\x61\x6e\x6f\x6e\x5f\x69\x6e\x6f\x64\x65\x3a\x5b\x65\x76\x65\x6e\x74\x70\x6f\x6c\x6c\x5d>, [{events=EPOLLIN, data={u32=4191590112, u64=96198574118624}}], 8, {tv_sec=0, tv_nsec=0}, NULL, 8) = 1 <0.000026>
1739968096.257301 epoll_pwait2(21<\x61\x6e\x6f\x6e\x5f\x69\x6e\x6f\x64\x65\x3a\x5b\x65\x76\x65\x6e\x74\x70\x6f\x6c\x6c\x5d>, [], 8, {tv_sec=0, tv_nsec=0}, NULL, 8) = 0 <0.000029>
1739968096.257389 epoll_pwait2(21<\x61\x6e\x6f\x6e\x5f\x69\x6e\x6f\x64\x65\x3a\x5b\x65\x76\x65\x6e\x74\x70\x6f\x6c\x6c\x5d>, [], 8, {tv_sec=0, tv_nsec=0}, NULL, 8) = 0 <0.000024>
