1739968096.260601 eventfd2(0, 0)        = 22<\x61\x6e\x6f\x6e\x5f\x69\x6e\x6f\x64\x65\x3a\x5b\x65\x76\x65\x6e\x74\x66\x64\x5d> <0.000020>
1739968096.256991 eventfd2(0, 0)        = 12<\x61\x6e\x6f\x6e\x5f\x69\x6e\x6f\x64\x65\x3a\x5b\x65\x76\x65\x6e\x74\x66\x64\x5d> <0.000057>
1739968096.259247 eventfd2(0, 0)        = 10<\x61\x6e\x6f\x6e\x5f\x69\x6e\x6f\x64\x65\x3a\x5b\x65\x76\x65\x6e\x74\x66\x64\x5d> <0.000039>
1739968096.257263 eventfd2(0, 0)        = 16<\x61\x6e\x6f\x6e\x5f\x69\x6e\x6f\x64\x65\x3a\x5b\x65\x76\x65\x6e\x74\x66\x64\x5d> <0.000042>
1739968096.261166 eventfd2(0, 0)        = 24<\x61\x6e\x6f\x6e\x5f\x69\x6e\x6f\x64\x65\x3a\x5b\x65\x76\x65\x6e\x74\x66\x64\x5d> <0.000010>
1739968096.256124 eventfd2(0, 0)        = 14<\x61\x6e\x6f\x6e\x5f\x69\x6e\x6f\x64\x65\x3a\x5b\x65\x76\x65\x6e\x74\x66\x64\x5d> <0.000039>
1739968096.258544 eventfd2(0, 0)        = 18<\x61\x6e\x6f\x6e\x5f\x69\x6e\x6f\x64\x65\x3a\x5b\x65\x76\x65\x6e\x74\x66\x64\x5d> <0.000033>
1739968096.259844 eventfd2(0, 0)        = 20<\x61\x6e\x6f\x6e\x5f\x69\x6e\x6f\x64\x65\x3a\x5b\x65\x76\x65\x6e\x74\x66\x64\x5d> <0.000014>
