1739968096.260204 fcntl(21<\x73\x6f\x63\x6b\x65\x74\x3a\x5b\x32\x38\x33\x34\x37\x37\x5d>, F_GETFL) = 0x2 (flags O_RDWR) <0.000020>
1739968096.260246 fcntl(21<\x73\x6f\x63\x6b\x65\x74\x3a\x5b\x32\x38\x33\x34\x37\x37\x5d>, F_SETFL, O_RDWR|O_NONBLOCK) = 0 <0.000022>
1739968096.260298 fcntl(21<\x73\x6f\x63\x6b\x65\x74\x3a\x5b\x32\x38\x33\x34\x37\x37\x5d>, F_GETFD) = 0 <0.000010>
1739968096.260327 fcntl(21<\x73\x6f\x63\x6b\x65\x74\x3a\x5b\x32\x38\x33\x34\x37\x37\x5d>, F_SETFD, FD_CLOEXEC) = 0 <0.000019>
1739968096.241895 fcntl(3<\x2f\x76\x61\x72\x2f\x6c\x6f\x67\x2f\x6e\x67\x69\x6e\x78\x2f\x65\x72\x72\x6f\x72\x2e\x6c\x6f\x67>, F_SETFD, FD_CLOEXEC) = 0 <0.000006>
1739968096.241936 fcntl(4<\x2f\x76\x61\x72\x2f\x6c\x6f\x67\x2f\x6e\x67\x69\x6e\x78\x2f\x61\x63\x63\x65\x73\x73\x2e\x6c\x6f\x67>, F_SETFD, FD_CLOEXEC) = 0 <0.000006>
1739968096.243043 fcntl(7<\x73\x6f\x63\x6b\x65\x74\x3a\x5b\x32\x37\x39\x30\x32\x32\x5d>, F_SETOWN, 41528) = 0 <0.000004>
1739968096.243059 fcntl(7<\x73\x6f\x63\x6b\x65\x74\x3a\x5b\x32\x37\x39\x30\x32\x32\x5d>, F_SETFD, FD_CLOEXEC) = 0 <0.000004>
1739968096.243074 fcntl(8<\x73\x6f\x63\x6b\x65\x74\x3a\x5b\x32\x37\x39\x30\x32\x33\x5d>, F_SETFD, FD_CLOEXEC) = 0 <0.000004>
1739968096.243299 fcntl(9<\x73\x6f\x63\x6b\x65\x74\x3a\x5b\x32\x37\x39\x30\x32\x34\x5d>, F_SETOWN, 41528) = 0 <0.000004>
1739968096.243315 fcntl(9<\x73\x6f\x63\x6b\x65\x74\x3a\x5b\x32\x37\x39\x30\x32\x34\x5d>, F_SETFD, FD_CLOEXEC) = 0 <0.000005>
1739968096.243329 fcntl(10<\x73\x6f\x63\x6b\x65\x74\x3a\x5b\x32\x37\x39\x30\x32\x35\x5d>, F_SETFD, FD_CLOEXEC) = 0 <0.000005>
1739968096.243653 fcntl(11<\x73\x6f\x63\x6b\x65\x74\x3a\x5b\x32\x37\x39\x39\x37\x34\x5d>, F_SETOWN, 41528) = 0 <0.000009>
1739968096.243685 fcntl(11<\x73\x6f\x63\x6b\x65\x74\x3a\x5b\x32\x37\x39\x39\x37\x34\x5d>, F_SETFD, FD_CLOEXEC) = 0 <0.000006>
1739968096.243703 fcntl(12<\x73\x6f\x63\x6b\x65\x74\x3a\x5b\x32\x37\x39\x39\x37\x35\x5d>, F_SETFD, FD_CLOEXEC) = 0 <0.000010>
1739968096.244183 fcntl(13<\x73\x6f\x63\x6b\x65\x74\x3a\x5b\x32\x37\x39\x39\x37\x36\x5d>, F_SETOWN, 41528) = 0 <0.000020>
1739968096.244226 fcntl(13<\x73\x6f\x63\x6b\x65\x74\x3a\x5b\x32\x37\x39\x39\x37\x36\x5d>, F_SETFD, FD_CLOEXEC) = 0 <0.000016>
1739968096.244273 fcntl(14<\x73\x6f\x63\x6b\x65\x74\x3a\x5b\x32\x37\x39\x39\x37\x37\x5d>, F_SETFD, FD_CLOEXEC) = 0 <0.000017>
1739968096.244918 fcntl(15<\x73\x6f\x63\x6b\x65\x74\x3a\x5b\x32\x37\x39\x39\x37\x38\x5d>, F_SETOWN, 41528) = 0 <0.000023>
1739968096.244968 fcntl(15<\x73\x6f\x63\x6b\x65\x74\x3a\x5b\x32\x37\x39\x39\x37\x38\x5d>, F_SETFD, FD_CLOEXEC) = 0 <0.000016>
1739968096.245005 fcntl(16<\x73\x6f\x63\x6b\x65\x74\x3a\x5b\x32\x37\x39\x39\x37\x39\x5d>, F_SETFD, FD_CLOEXEC) = 0 <0.000019>
1739968096.245827 fcntl(17<\x73\x6f\x63\x6b\x65\x74\x3a\x5b\x32\x37\x39\x39\x38\x30\x5d>, F_SETOWN, 41528) = 0 <0.000040>
1739968096.245907 fcntl(17<\x73\x6f\x63\x6b\x65\x74\x3a\x5b\x32\x37\x39\x39\x38\x30\x5d>, F_SETFD, FD_CLOEXEC) = 0 <0.000021>
1739968096.245974 fcntl(18<\x73\x6f\x63\x6b\x65\x74\x3a\x5b\x32\x37\x39\x39\x38\x31\x5d>, F_SETFD, FD_CLOEXEC) = 0 <0.000036>
1739968096.247124 fcntl(19<\x73\x6f\x63\x6b\x65\x74\x3a\x5b\x32\x38\x31\x38\x31\x30\x5d>, F_SETOWN, 41528) = 0 <0.000031>
1739968096.247184 fcntl(19<\x73\x6f\x63\x6b\x65\x74\x3a\x5b\x32\x38\x31\x38\x31\x30\x5d>, F_SETFD, FD_CLOEXEC) = 0 <0.000041>
1739968096.247275 fcntl(20<\x73\x6f\x63\x6b\x65\x74\x3a\x5b\x32\x38\x31\x38\x31\x31\x5d>, F_SETFD, FD_CLOEXEC) = 0 <0.000025>
1739968096.248723 fcntl(21<\x73\x6f\x63\x6b\x65\x74\x3a\x5b\x32\x38\x31\x38\x31\x33\x5d>, F_SETOWN, 41528) = 0 <0.000032>
1739968096.248801 fcntl(21<\x73\x6f\x63\x6b\x65\x74\x3a\x5b\x32\x38\x31\x38\x31\x33\x5d>, F_SETFD, FD_CLOEXEC) = 0 <0.000035>
1739968096.248873 fcntl(22<\x73\x6f\x63\x6b\x65\x74\x3a\x5b\x32\x38\x31\x38\x31\x34\x5d>, F_SETFD, FD_CLOEXEC) = 0 <0.000033>
1739968096.256019 fcntl(11<\x73\x6f\x63\x6b\x65\x74\x3a\x5b\x32\x38\x33\x39\x39\x32\x5d>, F_GETFL) = 0x2 (flags O_RDWR) <0.000033>
1739968096.256097 fcntl(11<\x73\x6f\x63\x6b\x65\x74\x3a\x5b\x32\x38\x33\x39\x39\x32\x5d>, F_SETFL, O_RDWR|O_NONBLOCK) = 0 <0.000026>
1739968096.256171 fcntl(11<\x73\x6f\x63\x6b\x65\x74\x3a\x5b\x32\x38\x33\x39\x39\x32\x5d>, F_GETFD) = 0 <0.000039>
1739968096.256248 fcntl(11<\x73\x6f\x63\x6b\x65\x74\x3a\x5b\x32\x38\x33\x39\x39\x32\x5d>, F_SETFD, FD_CLOEXEC) = 0 <0.000033>
1739968096.258213 fcntl(9<\x73\x6f\x63\x6b\x65\x74\x3a\x5b\x32\x38\x33\x34\x37\x34\x5d>, F_GETFL) = 0x2 (flags O_RDWR) <0.000029>
1739968096.258291 fcntl(9<\x73\x6f\x63\x6b\x65\x74\x3a\x5b\x32\x38\x33\x34\x37\x34\x5d>, F_SETFL, O_RDWR|O_NONBLOCK) = 0 <0.000034>
1739968096.258365 fcntl(9<\x73\x6f\x63\x6b\x65\x74\x3a\x5b\x32\x38\x33\x34\x37\x34\x5d>, F_GETFD) = 0 <0.000033>
1739968096.258436 fcntl(9<\x73\x6f\x63\x6b\x65\x74\x3a\x5b\x32\x38\x33\x34\x37\x34\x5d>, F_SETFD, FD_CLOEXEC) = 0 <0.000040>
1739968096.256479 fcntl(15<\x73\x6f\x63\x6b\x65\x74\x3a\x5b\x32\x37\x39\x30\x32\x39\x5d>, F_GETFL) = 0x2 (flags O_RDWR) <0.000033>
1739968096.256555 fcntl(15<\x73\x6f\x63\x6b\x65\x74\x3a\x5b\x32\x37\x39\x30\x32\x39\x5d>, F_SETFL, O_RDWR|O_NONBLOCK) = 0 <0.000024>
1739968096.256622 fcntl(15<\x73\x6f\x63\x6b\x65\x74\x3a\x5b\x32\x37\x39\x30\x32\x39\x5d>, F_GETFD) = 0 <0.000028>
1739968096.256683 fcntl(15<\x73\x6f\x63\x6b\x65\x74\x3a\x5b\x32\x37\x39\x30\x32\x39\x5d>, F_SETFD, FD_CLOEXEC) = 0 <0.000037>
1739968096.260865 fcntl(23<\x73\x6f\x63\x6b\x65\x74\x3a\x5b\x32\x38\x31\x38\x31\x37\x5d>, F_GETFL) = 0x2 (flags O_RDWR) <0.000014>
1739968096.260899 fcntl(23<\x73\x6f\x63\x6b\x65\x74\x3a\x5b\x32\x38\x31\x38\x31\x37\x5d>, F_SETFL, O_RDWR|O_NONBLOCK) = 0 <0.000003>
1739968096.260916 fcntl(23<\x73\x6f\x63\x6b\x65\x74\x3a\x5b\x32\x38\x31\x38\x31\x37\x5d>, F_GETFD) = 0 <0.000011>
1739968096.260940 fcntl(23<\x73\x6f\x63\x6b\x65\x74\x3a\x5b\x32\x38\x31\x38\x31\x37\x5d>, F_SETFD, FD_CLOEXEC) = 0 <0.000004>
1739968096.255288 fcntl(13<\x73\x6f\x63\x6b\x65\x74\x3a\x5b\x32\x37\x39\x39\x38\x33\x5d>, F_GETFL) = 0x2 (flags O_RDWR) <0.000056>
1739968096.255411 fcntl(13<\x73\x6f\x63\x6b\x65\x74\x3a\x5b\x32\x37\x39\x39\x38\x33\x5d>, F_SETFL, O_RDWR|O_NONBLOCK) = 0 <0.000028>
1739968096.255478 fcntl(13<\x73\x6f\x63\x6b\x65\x74\x3a\x5b\x32\x37\x39\x39\x38\x33\x5d>, F_GETFD) = 0 <0.000030>
1739968096.255550 fcntl(13<\x73\x6f\x63\x6b\x65\x74\x3a\x5b\x32\x37\x39\x39\x38\x33\x5d>, F_SETFD, FD_CLOEXEC) = 0 <0.000027>
1739968096.257763 fcntl(17<\x73\x6f\x63\x6b\x65\x74\x3a\x5b\x32\x38\x33\x39\x39\x35\x5d>, F_GETFL) = 0x2 (flags O_RDWR) <0.000028>
1739968096.257827 fcntl(17<\x73\x6f\x63\x6b\x65\x74\x3a\x5b\x32\x38\x33\x39\x39\x35\x5d>, F_SETFL, O_RDWR|O_NONBLOCK) = 0 <0.000027>
1739968096.257888 fcntl(17<\x73\x6f\x63\x6b\x65\x74\x3a\x5b\x32\x38\x33\x39\x39\x35\x5d>, F_GETFD) = 0 <0.000027>
1739968096.257941 fcntl(17<\x73\x6f\x63\x6b\x65\x74\x3a\x5b\x32\x38\x33\x39\x39\x35\x5d>, F_SETFD, FD_CLOEXEC) = 0 <0.000040>
1739968096.259336 fcntl(19<\x73\x6f\x63\x6b\x65\x74\x3a\x5b\x32\x38\x31\x38\x31\x36\x5d>, F_GETFL) = 0x2 (flags O_RDWR) <0.000020>
1739968096.259378 fcntl(19<\x73\x6f\x63\x6b\x65\x74\x3a\x5b\x32\x38\x31\x38\x31\x36\x5d>, F_SETFL, O_RDWR|O_NONBLOCK) = 0 <0.000012>
1739968096.259420 fcntl(19<\x73\x6f\x63\x6b\x65\x74\x3a\x5b\x32\x38\x31\x38\x31\x36\x5d>, F_GETFD) = 0 <0.000022>
1739968096.259469 fcntl(19<\x73\x6f\x63\x6b\x65\x74\x3a\x5b\x32\x38\x31\x38\x31\x36\x5d>, F_SETFD, FD_CLOEXEC) = 0 <0.000016>
