1739968096.242055 listen(5<\x73\x6f\x63\x6b\x65\x74\x3a\x5b\x32\x37\x39\x39\x37\x32\x5d>, 511) = 0 <0.000007>
1739968096.242181 listen(6<\x73\x6f\x63\x6b\x65\x74\x3a\x5b\x32\x37\x39\x39\x37\x33\x5d>, 511) = 0 <0.000006>
1739968096.242201 listen(5<\x73\x6f\x63\x6b\x65\x74\x3a\x5b\x32\x37\x39\x39\x37\x32\x5d>, 511) = 0 <0.000005>
1739968096.242218 listen(6<\x73\x6f\x63\x6b\x65\x74\x3a\x5b\x32\x37\x39\x39\x37\x33\x5d>, 511) = 0 <0.000005>
