1739968096.250810 mprotect(0x73e29b9fe000, 4096, PROT_READ) = 0 <0.000026>
1739968096.250875 mprotect(0x73e29c147000, 4096, PROT_READ) = 0 <0.000027>
1739968096.250969 mprotect(0x73e29bf74000, 16384, PROT_READ) = 0 <0.000038>
1739968096.259822 mprotect(0x73e29b915000, 4096, PROT_READ) = 0 <0.000013>
1739968096.237222 mprotect(0x73e29b7ff000, 16384, PROT_READ) = 0 <0.000008>
1739968096.237242 mprotect(0x73e29bfb1000, 4096, PROT_READ) = 0 <0.000006>
1739968096.237558 mprotect(0x73e29beb1000, 376832, PROT_READ) = 0 <0.000101>
1739968096.237833 mprotect(0x73e29c04f000, 40960, PROT_READ) = 0 <0.000010>
1739968096.237860 mprotect(0x73e29c0f5000, 4096, PROT_READ) = 0 <0.000011>
1739968096.237887 mprotect(0x73e29c127000, 4096, PROT_READ) = 0 <0.000007>
1739968096.238020 mprotect(0x577de7aad000, 8192, PROT_READ) = 0 <0.000017>
1739968096.238056 mprotect(0x73e29c182000, 8192, PROT_READ) = 0 <0.000013>
1739968096.245019 mprotect(0x73e29b9fe000, 4096, PROT_READ) = 0 <0.000008>
1739968096.245057 mprotect(0x73e29c147000, 4096, PROT_READ) = 0 <0.000010>
1739968096.245113 mprotect(0x73e29bf74000, 16384, PROT_READ) = 0 <0.000015>
1739968096.255143 mprotect(0x73e29b915000, 4096, PROT_READ) = 0 <0.000041>
1739968096.244934 mprotect(0x73e29b9fe000, 4096, PROT_READ) = 0 <0.000021>
1739968096.244993 mprotect(0x73e29c147000, 4096, PROT_READ) = 0 <0.000025>
1739968096.245084 mprotect(0x73e29bf74000, 16384, PROT_READ) = 0 <0.000008>
1739968096.257130 mprotect(0x73e29b915000, 4096, PROT_READ) = 0 <0.000067>
1739968096.246202 mprotect(0x73e29b9fe000, 4096, PROT_READ) = 0 <0.000026>
1739968096.246279 mprotect(0x73e29c147000, 4096, PROT_READ) = 0 <0.000029>
1739968096.246384 mprotect(0x73e29bf74000, 16384, PROT_READ) = 0 <0.000031>
1739968096.255724 mprotect(0x73e29b915000, 4096, PROT_READ) = 0 <0.000022>
1739968096.252299 mprotect(0x73e29b9fe000, 4096, PROT_READ) = 0 <0.000035>
1739968096.252374 mprotect(0x73e29c147000, 4096, PROT_READ) = 0 <0.000034>
1739968096.252458 mprotect(0x73e29bf74000, 16384, PROT_READ) = 0 <0.000025>
1739968096.260531 mprotect(0x73e29b915000, 4096, PROT_READ) = 0 <0.000015>
1739968096.245293 mprotect(0x73e29b9fe000, 4096, PROT_READ) = 0 <0.000020>
1739968096.245352 mprotect(0x73e29c147000, 4096, PROT_READ) = 0 <0.000016>
1739968096.245424 mprotect(0x73e29bf74000, 16384, PROT_READ) = 0 <0.000012>
1739968096.254476 mprotect(0x73e29b915000, 4096, PROT_READ) = 0 <0.000032>
1739968096.247248 mprotect(0x73e29b9fe000, 4096, PROT_READ) = 0 <0.000041>
1739968096.247320 mprotect(0x73e29c147000, 4096, PROT_READ) = 0 <0.000024>
1739968096.247397 mprotect(0x73e29bf74000, 16384, PROT_READ) = 0 <0.000018>
1739968096.257014 mprotect(0x73e29b915000, 4096, PROT_READ) = 0 <0.000028>
1739968096.248957 mprotect(0x73e29b9fe000, 4096, PROT_READ) = 0 <0.000028>
1739968096.249054 mprotect(0x73e29c147000, 4096, PROT_READ) = 0 <0.000036>
1739968096.249160 mprotect(0x73e29bf74000, 16384, PROT_READ) = 0 <0.000031>
1739968096.258739 mprotect(0x73e29b915000, 4096, PROT_READ) = 0 <0.000033>
