1739968096.251492 munmap(0x73e29bf79000, 98983) = 0 <0.000030>
1739968096.259096 munmap(0x73e29b8f6000, 135168) = 0 <0.000024>
1739968096.259860 munmap(0x73e29bf79000, 98983) = 0 <0.000018>
1739968096.238127 munmap(0x73e29c131000, 98983) = 0 <0.000017>
1739968096.245447 munmap(0x73e29bf79000, 98983) = 0 <0.000035>
1739968096.253712 munmap(0x73e29b8f6000, 135168) = 0 <0.000030>
1739968096.255248 munmap(0x73e29bf79000, 98983) = 0 <0.000065>
1739968096.245451 munmap(0x73e29bf79000, 98983) = 0 <0.000033>
1739968096.255521 munmap(0x73e29b8f6000, 135168) = 0 <0.000060>
1739968096.257278 munmap(0x73e29bf79000, 98983) = 0 <0.000085>
1739968096.246766 munmap(0x73e29bf79000, 98983) = 0 <0.000033>
1739968096.254603 munmap(0x73e29b8f6000, 135168) = 0 <0.000050>
1739968096.255788 munmap(0x73e29bf79000, 98983) = 0 <0.000027>
1739968096.252962 munmap(0x73e29bf79000, 98983) = 0 <0.000024>
1739968096.259974 munmap(0x73e29b8f6000, 135168) = 0 <0.000015>
1739968096.260565 munmap(0x73e29bf79000, 98983) = 0 <0.000013>
1739968096.245716 munmap(0x73e29bf79000, 98983) = 0 <0.000019>
1739968096.253207 munmap(0x73e29b8f6000, 135168) = 0 <0.000035>
1739968096.254549 munmap(0x73e29bf79000, 98983) = 0 <0.000054>
1739968096.247873 munmap(0x73e29bf79000, 98983) = 0 <0.000026>
1739968096.255784 munmap(0x73e29b8f6000, 135168) = 0 <0.000029>
1739968096.257092 munmap(0x73e29bf79000, 98983) = 0 <0.000025>
1739968096.249755 munmap(0x73e29bf79000, 98983) = 0 <0.000040>
1739968096.257592 munmap(0x73e29b8f6000, 135168) = 0 <0.000034>
1739968096.258809 munmap(0x73e29bf79000, 98983) = 0 <0.000027>
