1739968096.248001 newfstatat(AT_FDCWD<\x2f\x68\x6f\x6d\x65\x2f\x76\x65\x6c\x64\x72\x61\x6e\x65\x2f\x42\x69\x74\x62\x75\x63\x6b\x65\x74\x2f\x70\x72\x69\x76\x61\x74\x65\x2f\x73\x79\x73\x63\x61\x6c\x6c\x2d\x61\x6e\x61\x6c\x79\x7a\x65\x72\x2d\x6e\x67\x2f\x74\x65\x73\x74\x73\x2f\x6e\x67\x69\x6e\x78>, "\x2f\x65\x74\x63\x2f\x6e\x73\x73\x77\x69\x74\x63\x68\x2e\x63\x6f\x6e\x66", {st_mode=S_IFREG|0644, st_size=594, ...}, 0) = 0 <0.000037>
1739968096.248081 newfstatat(AT_FDCWD<\x2f\x68\x6f\x6d\x65\x2f\x76\x65\x6c\x64\x72\x61\x6e\x65\x2f\x42\x69\x74\x62\x75\x63\x6b\x65\x74\x2f\x70\x72\x69\x76\x61\x74\x65\x2f\x73\x79\x73\x63\x61\x6c\x6c\x2d\x61\x6e\x61\x6c\x79\x7a\x65\x72\x2d\x6e\x67\x2f\x74\x65\x73\x74\x73\x2f\x6e\x67\x69\x6e\x78>, "\x2f\x65\x74\x63\x2f\x6e\x73\x73\x77\x69\x74\x63\x68\x2e\x63\x6f\x6e\x66", {st_mode=S_IFREG|0644, st_size=594, ...}, 0) = 0 <0.000029>
1739968096.260057 newfstatat(AT_FDCWD<\x2f\x68\x6f\x6d\x65\x2f\x76\x65\x6c\x64\x72\x61\x6e\x65\x2f\x42\x69\x74\x62\x75\x63\x6b\x65\x74\x2f\x70\x72\x69\x76\x61\x74\x65\x2f\x73\x79\x73\x63\x61\x6c\x6c\x2d\x61\x6e\x61\x6c\x79\x7a\x65\x72\x2d\x6e\x67\x2f\x74\x65\x73\x74\x73\x2f\x6e\x67\x69\x6e\x78>, "\x2f\x70\x72\x6f\x63\x2f\x73\x65\x6c\x66\x2f", {st_mode=S_IFDIR|0555, st_size=0, ...}, AT_SYMLINK_NOFOLLOW) = 0 <0.000017>
1739968096.239841 newfstatat(AT_FDCWD<\x2f\x68\x6f\x6d\x65\x2f\x76\x65\x6c\x64\x72\x61\x6e\x65\x2f\x42\x69\x74\x62\x75\x63\x6b\x65\x74\x2f\x70\x72\x69\x76\x61\x74\x65\x2f\x73\x79\x73\x63\x61\x6c\x6c\x2d\x61\x6e\x61\x6c\x79\x7a\x65\x72\x2d\x6e\x67\x2f\x74\x65\x73\x74\x73\x2f\x6e\x67\x69\x6e\x78>, "\x2f\x65\x74\x63\x2f\x6c\x6f\x63\x61\x6c\x74\x69\x6d\x65", {st_mode=S_IFREG|0644, st_size=2301, ...}, 0) = 0 <0.000007>
1739968096.240161 newfstatat(AT_FDCWD<\x2f\x68\x6f\x6d\x65\x2f\x76\x65\x6c\x64\x72\x61\x6e\x65\x2f\x42\x69\x74\x62\x75\x63\x6b\x65\x74\x2f\x70\x72\x69\x76\x61\x74\x65\x2f\x73\x79\x73\x63\x61\x6c\x6c\x2d\x61\x6e\x61\x6c\x79\x7a\x65\x72\x2d\x6e\x67\x2f\x74\x65\x73\x74\x73\x2f\x6e\x67\x69\x6e\x78>, "\x2f\x65\x74\x63\x2f\x6e\x73\x73\x77\x69\x74\x63\x68\x2e\x63\x6f\x6e\x66", {st_mode=S_IFREG|0644, st_size=594, ...}, 0) = 0 <0.000007>
1739968096.240183 newfstatat(AT_FDCWD<\x2f\x68\x6f\x6d\x65\x2f\x76\x65\x6c\x64\x72\x61\x6e\x65\x2f\x42\x69\x74\x62\x75\x63\x6b\x65\x74\x2f\x70\x72\x69\x76\x61\x74\x65\x2f\x73\x79\x73\x63\x61\x6c\x6c\x2d\x61\x6e\x61\x6c\x79\x7a\x65\x72\x2d\x6e\x67\x2f\x74\x65\x73\x74\x73\x2f\x6e\x67\x69\x6e\x78>, "\x2f", {st_mode=S_IFDIR|0755, st_size=4096, ...}, 0) = 0 <0.000007>
1739968096.240593 newfstatat(AT_FDCWD<\x2f\x68\x6f\x6d\x65\x2f\x76\x65\x6c\x64\x72\x61\x6e\x65\x2f\x42\x69\x74\x62\x75\x63\x6b\x65\x74\x2f\x70\x72\x69\x76\x61\x74\x65\x2f\x73\x79\x73\x63\x61\x6c\x6c\x2d\x61\x6e\x61\x6c\x79\x7a\x65\x72\x2d\x6e\x67\x2f\x74\x65\x73\x74\x73\x2f\x6e\x67\x69\x6e\x78>, "\x2f\x65\x74\x63\x2f\x6e\x73\x73\x77\x69\x74\x63\x68\x2e\x63\x6f\x6e\x66", {st_mode=S_IFREG|0644, st_size=594, ...}, 0) = 0 <0.000006>
1739968096.241681 newfstatat(AT_FDCWD<\x2f\x68\x6f\x6d\x65\x2f\x76\x65\x6c\x64\x72\x61\x6e\x65\x2f\x42\x69\x74\x62\x75\x63\x6b\x65\x74\x2f\x70\x72\x69\x76\x61\x74\x65\x2f\x73\x79\x73\x63\x61\x6c\x6c\x2d\x61\x6e\x61\x6c\x79\x7a\x65\x72\x2d\x6e\x67\x2f\x74\x65\x73\x74\x73\x2f\x6e\x67\x69\x6e\x78>, "\x2f\x76\x61\x72\x2f\x6c\x69\x62\x2f\x6e\x67\x69\x6e\x78\x2f\x62\x6f\x64\x79", {st_mode=S_IFDIR|0700, st_size=4096, ...}, 0) = 0 <0.000006>
1739968096.241721 newfstatat(AT_FDCWD<\x2f\x68\x6f\x6d\x65\x2f\x76\x65\x6c\x64\x72\x61\x6e\x65\x2f\x42\x69\x74\x62\x75\x63\x6b\x65\x74\x2f\x70\x72\x69\x76\x61\x74\x65\x2f\x73\x79\x73\x63\x61\x6c\x6c\x2d\x61\x6e\x61\x6c\x79\x7a\x65\x72\x2d\x6e\x67\x2f\x74\x65\x73\x74\x73\x2f\x6e\x67\x69\x6e\x78>, "\x2f\x76\x61\x72\x2f\x6c\x69\x62\x2f\x6e\x67\x69\x6e\x78\x2f\x70\x72\x6f\x78\x79", {st_mode=S_IFDIR|0700, st_size=4096, ...}, 0) = 0 <0.000007>
1739968096.241761 newfstatat(AT_FDCWD<\x2f\x68\x6f\x6d\x65\x2f\x76\x65\x6c\x64\x72\x61\x6e\x65\x2f\x42\x69\x74\x62\x75\x63\x6b\x65\x74\x2f\x70\x72\x69\x76\x61\x74\x65\x2f\x73\x79\x73\x63\x61\x6c\x6c\x2d\x61\x6e\x61\x6c\x79\x7a\x65\x72\x2d\x6e\x67\x2f\x74\x65\x73\x74\x73\x2f\x6e\x67\x69\x6e\x78>, "\x2f\x76\x61\x72\x2f\x6c\x69\x62\x2f\x6e\x67\x69\x6e\x78\x2f\x66\x61\x73\x74\x63\x67\x69", {st_mode=S_IFDIR|0700, st_size=4096, ...}, 0) = 0 <0.000006>
1739968096.241800 newfstatat(AT_FDCWD<\x2f\x68\x6f\x6d\x65\x2f\x76\x65\x6c\x64\x72\x61\x6e\x65\x2f\x42\x69\x74\x62\x75\x63\x6b\x65\x74\x2f\x70\x72\x69\x76\x61\x74\x65\x2f\x73\x79\x73\x63\x61\x6c\x6c\x2d\x61\x6e\x61\x6c\x79\x7a\x65\x72\x2d\x6e\x67\x2f\x74\x65\x73\x74\x73\x2f\x6e\x67\x69\x6e\x78>, "\x2f\x76\x61\x72\x2f\x6c\x69\x62\x2f\x6e\x67\x69\x6e\x78\x2f\x75\x77\x73\x67\x69", {st_mode=S_IFDIR|0700, st_size=4096, ...}, 0) = 0 <0.000006>
1739968096.241841 newfstatat(AT_FDCWD<\x2f\x68\x6f\x6d\x65\x2f\x76\x65\x6c\x64\x72\x61\x6e\x65\x2f\x42\x69\x74\x62\x75\x63\x6b\x65\x74\x2f\x70\x72\x69\x76\x61\x74\x65\x2f\x73\x79\x73\x63\x61\x6c\x6c\x2d\x61\x6e\x61\x6c\x79\x7a\x65\x72\x2d\x6e\x67\x2f\x74\x65\x73\x74\x73\x2f\x6e\x67\x69\x6e\x78>, "\x2f\x76\x61\x72\x2f\x6c\x69\x62\x2f\x6e\x67\x69\x6e\x78\x2f\x73\x63\x67\x69", {st_mode=S_IFDIR|0700, st_size=4096, ...}, 0) = 0 <0.000006>
1739968096.243659 newfstatat(AT_FDCWD<\x2f\x68\x6f\x6d\x65\x2f\x76\x65\x6c\x64\x72\x61\x6e\x65\x2f\x42\x69\x74\x62\x75\x63\x6b\x65\x74\x2f\x70\x72\x69\x76\x61\x74\x65\x2f\x73\x79\x73\x63\x61\x6c\x6c\x2d\x61\x6e\x61\x6c\x79\x7a\x65\x72\x2d\x6e\x67\x2f\x74\x65\x73\x74\x73\x2f\x6e\x67\x69\x6e\x78>, "\x2f\x65\x74\x63\x2f\x6e\x73\x73\x77\x69\x74\x63\x68\x2e\x63\x6f\x6e\x66", {st_mode=S_IFREG|0644, st_size=594, ...}, 0) = 0 <0.000005>
1739968096.243679 newfstatat(AT_FDCWD<\x2f\x68\x6f\x6d\x65\x2f\x76\x65\x6c\x64\x72\x61\x6e\x65\x2f\x42\x69\x74\x62\x75\x63\x6b\x65\x74\x2f\x70\x72\x69\x76\x61\x74\x65\x2f\x73\x79\x73\x63\x61\x6c\x6c\x2d\x61\x6e\x61\x6c\x79\x7a\x65\x72\x2d\x6e\x67\x2f\x74\x65\x73\x74\x73\x2f\x6e\x67\x69\x6e\x78>, "\x2f\x65\x74\x63\x2f\x6e\x73\x73\x77\x69\x74\x63\x68\x2e\x63\x6f\x6e\x66", {st_mode=S_IFREG|0644, st_size=594, ...}, 0) = 0 <0.000006>
1739968096.255688 newfstatat(AT_FDCWD<\x2f\x68\x6f\x6d\x65\x2f\x76\x65\x6c\x64\x72\x61\x6e\x65\x2f\x42\x69\x74\x62\x75\x63\x6b\x65\x74\x2f\x70\x72\x69\x76\x61\x74\x65\x2f\x73\x79\x73\x63\x61\x6c\x6c\x2d\x61\x6e\x61\x6c\x79\x7a\x65\x72\x2d\x6e\x67\x2f\x74\x65\x73\x74\x73\x2f\x6e\x67\x69\x6e\x78>, "\x2f\x70\x72\x6f\x63\x2f\x73\x65\x6c\x66\x2f", {st_mode=S_IFDIR|0555, st_size=0, ...}, AT_SYMLINK_NOFOLLOW) = 0 <0.000032>
1739968096.243448 newfstatat(AT_FDCWD<\x2f\x68\x6f\x6d\x65\x2f\x76\x65\x6c\x64\x72\x61\x6e\x65\x2f\x42\x69\x74\x62\x75\x63\x6b\x65\x74\x2f\x70\x72\x69\x76\x61\x74\x65\x2f\x73\x79\x73\x63\x61\x6c\x6c\x2d\x61\x6e\x61\x6c\x79\x7a\x65\x72\x2d\x6e\x67\x2f\x74\x65\x73\x74\x73\x2f\x6e\x67\x69\x6e\x78>, "\x2f\x65\x74\x63\x2f\x6e\x73\x73\x77\x69\x74\x63\x68\x2e\x63\x6f\x6e\x66", {st_mode=S_IFREG|0644, st_size=594, ...}, 0) = 0 <0.000028>
1739968096.243493 newfstatat(AT_FDCWD<\x2f\x68\x6f\x6d\x65\x2f\x76\x65\x6c\x64\x72\x61\x6e\x65\x2f\x42\x69\x74\x62\x75\x63\x6b\x65\x74\x2f\x70\x72\x69\x76\x61\x74\x65\x2f\x73\x79\x73\x63\x61\x6c\x6c\x2d\x61\x6e\x61\x6c\x79\x7a\x65\x72\x2d\x6e\x67\x2f\x74\x65\x73\x74\x73\x2f\x6e\x67\x69\x6e\x78>, "\x2f\x65\x74\x63\x2f\x6e\x73\x73\x77\x69\x74\x63\x68\x2e\x63\x6f\x6e\x66", {st_mode=S_IFREG|0644, st_size=594, ...}, 0) = 0 <0.000007>
1739968096.257804 newfstatat(AT_FDCWD<\x2f\x68\x6f\x6d\x65\x2f\x76\x65\x6c\x64\x72\x61\x6e\x65\x2f\x42\x69\x74\x62\x75\x63\x6b\x65\x74\x2f\x70\x72\x69\x76\x61\x74\x65\x2f\x73\x79\x73\x63\x61\x6c\x6c\x2d\x61\x6e\x61\x6c\x79\x7a\x65\x72\x2d\x6e\x67\x2f\x74\x65\x73\x74\x73\x2f\x6e\x67\x69\x6e\x78>, "\x2f\x70\x72\x6f\x63\x2f\x73\x65\x6c\x66\x2f", {st_mode=S_IFDIR|0555, st_size=0, ...}, AT_SYMLINK_NOFOLLOW) = 0 <0.000055>
1739968096.244755 newfstatat(AT_FDCWD<\x2f\x68\x6f\x6d\x65\x2f\x76\x65\x6c\x64\x72\x61\x6e\x65\x2f\x42\x69\x74\x62\x75\x63\x6b\x65\x74\x2f\x70\x72\x69\x76\x61\x74\x65\x2f\x73\x79\x73\x63\x61\x6c\x6c\x2d\x61\x6e\x61\x6c\x79\x7a\x65\x72\x2d\x6e\x67\x2f\x74\x65\x73\x74\x73\x2f\x6e\x67\x69\x6e\x78>, "\x2f\x65\x74\x63\x2f\x6e\x73\x73\x77\x69\x74\x63\x68\x2e\x63\x6f\x6e\x66", {st_mode=S_IFREG|0644, st_size=594, ...}, 0) = 0 <0.000016>
1739968096.244792 newfstatat(AT_FDCWD<\x2f\x68\x6f\x6d\x65\x2f\x76\x65\x6c\x64\x72\x61\x6e\x65\x2f\x42\x69\x74\x62\x75\x63\x6b\x65\x74\x2f\x70\x72\x69\x76\x61\x74\x65\x2f\x73\x79\x73\x63\x61\x6c\x6c\x2d\x61\x6e\x61\x6c\x79\x7a\x65\x72\x2d\x6e\x67\x2f\x74\x65\x73\x74\x73\x2f\x6e\x67\x69\x6e\x78>, "\x2f\x65\x74\x63\x2f\x6e\x73\x73\x77\x69\x74\x63\x68\x2e\x63\x6f\x6e\x66", {st_mode=S_IFREG|0644, st_size=594, ...}, 0) = 0 <0.000013>
1739968096.256159 newfstatat(AT_FDCWD<\x2f\x68\x6f\x6d\x65\x2f\x76\x65\x6c\x64\x72\x61\x6e\x65\x2f\x42\x69\x74\x62\x75\x63\x6b\x65\x74\x2f\x70\x72\x69\x76\x61\x74\x65\x2f\x73\x79\x73\x63\x61\x6c\x6c\x2d\x61\x6e\x61\x6c\x79\x7a\x65\x72\x2d\x6e\x67\x2f\x74\x65\x73\x74\x73\x2f\x6e\x67\x69\x6e\x78>, "\x2f\x70\x72\x6f\x63\x2f\x73\x65\x6c\x66\x2f", {st_mode=S_IFDIR|0555, st_size=0, ...}, AT_SYMLINK_NOFOLLOW) = 0 <0.000037>
1739968096.249659 newfstatat(AT_FDCWD<\x2f\x68\x6f\x6d\x65\x2f\x76\x65\x6c\x64\x72\x61\x6e\x65\x2f\x42\x69\x74\x62\x75\x63\x6b\x65\x74\x2f\x70\x72\x69\x76\x61\x74\x65\x2f\x73\x79\x73\x63\x61\x6c\x6c\x2d\x61\x6e\x61\x6c\x79\x7a\x65\x72\x2d\x6e\x67\x2f\x74\x65\x73\x74\x73\x2f\x6e\x67\x69\x6e\x78>, "\x2f\x65\x74\x63\x2f\x6e\x73\x73\x77\x69\x74\x63\x68\x2e\x63\x6f\x6e\x66", {st_mode=S_IFREG|0644, st_size=594, ...}, 0) = 0 <0.000044>
1739968096.249746 newfstatat(AT_FDCWD<\x2f\x68\x6f\x6d\x65\x2f\x76\x65\x6c\x64\x72\x61\x6e\x65\x2f\x42\x69\x74\x62\x75\x63\x6b\x65\x74\x2f\x70\x72\x69\x76\x61\x74\x65\x2f\x73\x79\x73\x63\x61\x6c\x6c\x2d\x61\x6e\x61\x6c\x79\x7a\x65\x72\x2d\x6e\x67\x2f\x74\x65\x73\x74\x73\x2f\x6e\x67\x69\x6e\x78>, "\x2f\x65\x74\x63\x2f\x6e\x73\x73\x77\x69\x74\x63\x68\x2e\x63\x6f\x6e\x66", {st_mode=S_IFREG|0644, st_size=594, ...}, 0) = 0 <0.000036>
1739968096.260741 newfstatat(AT_FDCWD<\x2f\x68\x6f\x6d\x65\x2f\x76\x65\x6c\x64\x72\x61\x6e\x65\x2f\x42\x69\x74\x62\x75\x63\x6b\x65\x74\x2f\x70\x72\x69\x76\x61\x74\x65\x2f\x73\x79\x73\x63\x61\x6c\x6c\x2d\x61\x6e\x61\x6c\x79\x7a\x65\x72\x2d\x6e\x67\x2f\x74\x65\x73\x74\x73\x2f\x6e\x67\x69\x6e\x78>, "\x2f\x70\x72\x6f\x63\x2f\x73\x65\x6c\x66\x2f", {st_mode=S_IFDIR|0555, st_size=0, ...}, AT_SYMLINK_NOFOLLOW) = 0 <0.000016>
1739968096.244120 newfstatat(AT_FDCWD<\x2f\x68\x6f\x6d\x65\x2f\x76\x65\x6c\x64\x72\x61\x6e\x65\x2f\x42\x69\x74\x62\x75\x63\x6b\x65\x74\x2f\x70\x72\x69\x76\x61\x74\x65\x2f\x73\x79\x73\x63\x61\x6c\x6c\x2d\x61\x6e\x61\x6c\x79\x7a\x65\x72\x2d\x6e\x67\x2f\x74\x65\x73\x74\x73\x2f\x6e\x67\x69\x6e\x78>, "\x2f\x65\x74\x63\x2f\x6e\x73\x73\x77\x69\x74\x63\x68\x2e\x63\x6f\x6e\x66", {st_mode=S_IFREG|0644, st_size=594, ...}, 0) = 0 <0.000005>
1739968096.244138 newfstatat(AT_FDCWD<\x2f\x68\x6f\x6d\x65\x2f\x76\x65\x6c\x64\x72\x61\x6e\x65\x2f\x42\x69\x74\x62\x75\x63\x6b\x65\x74\x2f\x70\x72\x69\x76\x61\x74\x65\x2f\x73\x79\x73\x63\x61\x6c\x6c\x2d\x61\x6e\x61\x6c\x79\x7a\x65\x72\x2d\x6e\x67\x2f\x74\x65\x73\x74\x73\x2f\x6e\x67\x69\x6e\x78>, "\x2f\x65\x74\x63\x2f\x6e\x73\x73\x77\x69\x74\x63\x68\x2e\x63\x6f\x6e\x66", {st_mode=S_IFREG|0644, st_size=594, ...}, 0) = 0 <0.000007>
1739968096.254974 newfstatat(AT_FDCWD<\x2f\x68\x6f\x6d\x65\x2f\x76\x65\x6c\x64\x72\x61\x6e\x65\x2f\x42\x69\x74\x62\x75\x63\x6b\x65\x74\x2f\x70\x72\x69\x76\x61\x74\x65\x2f\x73\x79\x73\x63\x61\x6c\x6c\x2d\x61\x6e\x61\x6c\x79\x7a\x65\x72\x2d\x6e\x67\x2f\x74\x65\x73\x74\x73\x2f\x6e\x67\x69\x6e\x78>, "\x2f\x70\x72\x6f\x63\x2f\x73\x65\x6c\x66\x2f", {st_mode=S_IFDIR|0555, st_size=0, ...}, AT_SYMLINK_NOFOLLOW) = 0 <0.000054>
1739968120.559972 newfstatat(AT_FDCWD<\x2f\x68\x6f\x6d\x65\x2f\x76\x65\x6c\x64\x72\x61\x6e\x65\x2f\x42\x69\x74\x62\x75\x63\x6b\x65\x74\x2f\x70\x72\x69\x76\x61\x74\x65\x2f\x73\x79\x73\x63\x61\x6c\x6c\x2d\x61\x6e\x61\x6c\x79\x7a\x65\x72\x2d\x6e\x67\x2f\x74\x65\x73\x74\x73\x2f\x6e\x67\x69\x6e\x78>, "\x2f\x76\x61\x72\x2f\x77\x77\x77\x2f\x68\x74\x6d\x6c\x2f", {st_mode=S_IFDIR|0755, st_size=4096, ...}, 0) = 0 <0.000009>
1739968120.560001 newfstatat(AT_FDCWD<\x2f\x68\x6f\x6d\x65\x2f\x76\x65\x6c\x64\x72\x61\x6e\x65\x2f\x42\x69\x74\x62\x75\x63\x6b\x65\x74\x2f\x70\x72\x69\x76\x61\x74\x65\x2f\x73\x79\x73\x63\x61\x6c\x6c\x2d\x61\x6e\x61\x6c\x79\x7a\x65\x72\x2d\x6e\x67\x2f\x74\x65\x73\x74\x73\x2f\x6e\x67\x69\x6e\x78>, "\x2f\x76\x61\x72\x2f\x77\x77\x77\x2f\x68\x74\x6d\x6c\x2f", {st_mode=S_IFDIR|0755, st_size=4096, ...}, 0) = 0 <0.000007>
1739968120.560027 newfstatat(AT_FDCWD<\x2f\x68\x6f\x6d\x65\x2f\x76\x65\x6c\x64\x72\x61\x6e\x65\x2f\x42\x69\x74\x62\x75\x63\x6b\x65\x74\x2f\x70\x72\x69\x76\x61\x74\x65\x2f\x73\x79\x73\x63\x61\x6c\x6c\x2d\x61\x6e\x61\x6c\x79\x7a\x65\x72\x2d\x6e\x67\x2f\x74\x65\x73\x74\x73\x2f\x6e\x67\x69\x6e\x78>, "\x2f\x76\x61\x72\x2f\x77\x77\x77\x2f\x68\x74\x6d\x6c\x2f\x69\x6e\x64\x65\x78\x2e\x68\x74\x6d\x6c", 0x7ffd7f813c60, 0) = -1 ENOENT (No such file or directory) <0.000015>
1739968120.560059 newfstatat(AT_FDCWD<\x2f\x68\x6f\x6d\x65\x2f\x76\x65\x6c\x64\x72\x61\x6e\x65\x2f\x42\x69\x74\x62\x75\x63\x6b\x65\x74\x2f\x70\x72\x69\x76\x61\x74\x65\x2f\x73\x79\x73\x63\x61\x6c\x6c\x2d\x61\x6e\x61\x6c\x79\x7a\x65\x72\x2d\x6e\x67\x2f\x74\x65\x73\x74\x73\x2f\x6e\x67\x69\x6e\x78>, "\x2f\x76\x61\x72\x2f\x77\x77\x77\x2f\x68\x74\x6d\x6c", {st_mode=S_IFDIR|0755, st_size=4096, ...}, 0) = 0 <0.000006>
1739968120.560081 newfstatat(AT_FDCWD<\x2f\x68\x6f\x6d\x65\x2f\x76\x65\x6c\x64\x72\x61\x6e\x65\x2f\x42\x69\x74\x62\x75\x63\x6b\x65\x74\x2f\x70\x72\x69\x76\x61\x74\x65\x2f\x73\x79\x73\x63\x61\x6c\x6c\x2d\x61\x6e\x61\x6c\x79\x7a\x65\x72\x2d\x6e\x67\x2f\x74\x65\x73\x74\x73\x2f\x6e\x67\x69\x6e\x78>, "\x2f\x76\x61\x72\x2f\x77\x77\x77\x2f\x68\x74\x6d\x6c\x2f\x69\x6e\x64\x65\x78\x2e\x68\x74\x6d", 0x7ffd7f813c60, 0) = -1 ENOENT (No such file or directory) <0.000008>
1739968120.560103 newfstatat(AT_FDCWD<\x2f\x68\x6f\x6d\x65\x2f\x76\x65\x6c\x64\x72\x61\x6e\x65\x2f\x42\x69\x74\x62\x75\x63\x6b\x65\x74\x2f\x70\x72\x69\x76\x61\x74\x65\x2f\x73\x79\x73\x63\x61\x6c\x6c\x2d\x61\x6e\x61\x6c\x79\x7a\x65\x72\x2d\x6e\x67\x2f\x74\x65\x73\x74\x73\x2f\x6e\x67\x69\x6e\x78>, "\x2f\x76\x61\x72\x2f\x77\x77\x77\x2f\x68\x74\x6d\x6c\x2f\x69\x6e\x64\x65\x78\x2e\x6e\x67\x69\x6e\x78\x2d\x64\x65\x62\x69\x61\x6e\x2e\x68\x74\x6d\x6c", {st_mode=S_IFREG|0644, st_size=615, ...}, 0) = 0 <0.000007>
1739968120.560126 newfstatat(AT_FDCWD<\x2f\x68\x6f\x6d\x65\x2f\x76\x65\x6c\x64\x72\x61\x6e\x65\x2f\x42\x69\x74\x62\x75\x63\x6b\x65\x74\x2f\x70\x72\x69\x76\x61\x74\x65\x2f\x73\x79\x73\x63\x61\x6c\x6c\x2d\x61\x6e\x61\x6c\x79\x7a\x65\x72\x2d\x6e\x67\x2f\x74\x65\x73\x74\x73\x2f\x6e\x67\x69\x6e\x78>, "\x2f\x76\x61\x72\x2f\x77\x77\x77\x2f\x68\x74\x6d\x6c\x2f\x69\x6e\x64\x65\x78\x2e\x6e\x67\x69\x6e\x78\x2d\x64\x65\x62\x69\x61\x6e\x2e\x68\x74\x6d\x6c", {st_mode=S_IFREG|0644, st_size=615, ...}, 0) = 0 <0.000006>
1739968096.245506 newfstatat(AT_FDCWD<\x2f\x68\x6f\x6d\x65\x2f\x76\x65\x6c\x64\x72\x61\x6e\x65\x2f\x42\x69\x74\x62\x75\x63\x6b\x65\x74\x2f\x70\x72\x69\x76\x61\x74\x65\x2f\x73\x79\x73\x63\x61\x6c\x6c\x2d\x61\x6e\x61\x6c\x79\x7a\x65\x72\x2d\x6e\x67\x2f\x74\x65\x73\x74\x73\x2f\x6e\x67\x69\x6e\x78>, "\x2f\x65\x74\x63\x2f\x6e\x73\x73\x77\x69\x74\x63\x68\x2e\x63\x6f\x6e\x66", {st_mode=S_IFREG|0644, st_size=594, ...}, 0) = 0 <0.000018>
1739968096.245552 newfstatat(AT_FDCWD<\x2f\x68\x6f\x6d\x65\x2f\x76\x65\x6c\x64\x72\x61\x6e\x65\x2f\x42\x69\x74\x62\x75\x63\x6b\x65\x74\x2f\x70\x72\x69\x76\x61\x74\x65\x2f\x73\x79\x73\x63\x61\x6c\x6c\x2d\x61\x6e\x61\x6c\x79\x7a\x65\x72\x2d\x6e\x67\x2f\x74\x65\x73\x74\x73\x2f\x6e\x67\x69\x6e\x78>, "\x2f\x65\x74\x63\x2f\x6e\x73\x73\x77\x69\x74\x63\x68\x2e\x63\x6f\x6e\x66", {st_mode=S_IFREG|0644, st_size=594, ...}, 0) = 0 <0.000020>
1739968096.257486 newfstatat(AT_FDCWD<\x2f\x68\x6f\x6d\x65\x2f\x76\x65\x6c\x64\x72\x61\x6e\x65\x2f\x42\x69\x74\x62\x75\x63\x6b\x65\x74\x2f\x70\x72\x69\x76\x61\x74\x65\x2f\x73\x79\x73\x63\x61\x6c\x6c\x2d\x61\x6e\x61\x6c\x79\x7a\x65\x72\x2d\x6e\x67\x2f\x74\x65\x73\x74\x73\x2f\x6e\x67\x69\x6e\x78>, "\x2f\x70\x72\x6f\x63\x2f\x73\x65\x6c\x66\x2f", {st_mode=S_IFDIR|0555, st_size=0, ...}, AT_SYMLINK_NOFOLLOW) = 0 <0.000030>
1739968096.246573 newfstatat(AT_FDCWD<\x2f\x68\x6f\x6d\x65\x2f\x76\x65\x6c\x64\x72\x61\x6e\x65\x2f\x42\x69\x74\x62\x75\x63\x6b\x65\x74\x2f\x70\x72\x69\x76\x61\x74\x65\x2f\x73\x79\x73\x63\x61\x6c\x6c\x2d\x61\x6e\x61\x6c\x79\x7a\x65\x72\x2d\x6e\x67\x2f\x74\x65\x73\x74\x73\x2f\x6e\x67\x69\x6e\x78>, "\x2f\x65\x74\x63\x2f\x6e\x73\x73\x77\x69\x74\x63\x68\x2e\x63\x6f\x6e\x66", {st_mode=S_IFREG|0644, st_size=594, ...}, 0) = 0 <0.000021>
1739968096.246626 newfstatat(AT_FDCWD<\x2f\x68\x6f\x6d\x65\x2f\x76\x65\x6c\x64\x72\x61\x6e\x65\x2f\x42\x69\x74\x62\x75\x63\x6b\x65\x74\x2f\x70\x72\x69\x76\x61\x74\x65\x2f\x73\x79\x73\x63\x61\x6c\x6c\x2d\x61\x6e\x61\x6c\x79\x7a\x65\x72\x2d\x6e\x67\x2f\x74\x65\x73\x74\x73\x2f\x6e\x67\x69\x6e\x78>, "\x2f\x65\x74\x63\x2f\x6e\x73\x73\x77\x69\x74\x63\x68\x2e\x63\x6f\x6e\x66", {st_mode=S_IFREG|0644, st_size=594, ...}, 0) = 0 <0.000031>
1739968096.259100 newfstatat(AT_FDCWD<\x2f\x68\x6f\x6d\x65\x2f\x76\x65\x6c\x64\x72\x61\x6e\x65\x2f\x42\x69\x74\x62\x75\x63\x6b\x65\x74\x2f\x70\x72\x69\x76\x61\x74\x65\x2f\x73\x79\x73\x63\x61\x6c\x6c\x2d\x61\x6e\x61\x6c\x79\x7a\x65\x72\x2d\x6e\x67\x2f\x74\x65\x73\x74\x73\x2f\x6e\x67\x69\x6e\x78>, "\x2f\x70\x72\x6f\x63\x2f\x73\x65\x6c\x66\x2f", {st_mode=S_IFDIR|0555, st_size=0, ...}, AT_SYMLINK_NOFOLLOW) = 0 <0.000013>
