1739968096.238096 prlimit64(0, RLIMIT_STACK, NULL, {rlim_cur=8192*1024, rlim_max=RLIM64_INFINITY}) = 0 <0.000006>
1739968096.239819 prlimit64(0, RLIMIT_NOFILE, NULL, {rlim_cur=1024, rlim_max=1024*1024}) = 0 <0.000006>
1739968096.242236 prlimit64(0, RLIMIT_NOFILE, NULL, {rlim_cur=1024, rlim_max=1024*1024}) = 0 <0.000005>
