1739968096.247865 read(21<\x2f\x70\x72\x6f\x63\x2f\x73\x79\x73\x2f\x6b\x65\x72\x6e\x65\x6c\x2f\x6e\x67\x72\x6f\x75\x70\x73\x5f\x6d\x61\x78>, "\x36\x35\x35\x33\x36\x0a", 31) = 6 <0.000026>
1739968096.248370 read(21<\x2f\x65\x74\x63\x2f\x67\x72\x6f\x75\x70>, "\x72\x6f\x6f\x74\x3a\x78\x3a\x30\x3a\x76\x65\x6c\x64\x72\x61\x6e\x65\x0a\x64\x61\x65\x6d\x6f\x6e\x3a\x78\x3a\x31\x3a\x0a\x62\x69"..., 4096) = 1173 <0.000041>
1739968096.248455 read(21<\x2f\x65\x74\x63\x2f\x67\x72\x6f\x75\x70>, "", 4096) = 0 <0.000036>
1739968096.248983 read(21<\x2f\x75\x73\x72\x2f\x6c\x69\x62\x2f\x78\x38\x36\x5f\x36\x34\x2d\x6c\x69\x6e\x75\x78\x2d\x67\x6e\x75\x2f\x6c\x69\x62\x6e\x73\x73\x5f\x73\x79\x73\x74\x65\x6d\x64\x2e\x73\x6f\x2e\x32>, "\x7f\x45\x4c\x46\x02\x01\x01\x00\x00\x00\x00\x00\x00\x00\x00\x00\x03\x00\x3e\x00\x01\x00\x00\x00\x00\x00\x00\x00\x00\x00\x00\x00"..., 832) = 832 <0.000019>
1739968096.249628 read(21<\x2f\x75\x73\x72\x2f\x6c\x69\x62\x2f\x78\x38\x36\x5f\x36\x34\x2d\x6c\x69\x6e\x75\x78\x2d\x67\x6e\x75\x2f\x6c\x69\x62\x63\x61\x70\x2e\x73\x6f\x2e\x32\x2e\x36\x36>, "\x7f\x45\x4c\x46\x02\x01\x01\x00\x00\x00\x00\x00\x00\x00\x00\x00\x03\x00\x3e\x00\x01\x00\x00\x00\xe0\x81\x00\x00\x00\x00\x00\x00"..., 832) = 832 <0.000032>
1739968096.250256 read(21<\x2f\x75\x73\x72\x2f\x6c\x69\x62\x2f\x78\x38\x36\x5f\x36\x34\x2d\x6c\x69\x6e\x75\x78\x2d\x67\x6e\x75\x2f\x6c\x69\x62\x6d\x2e\x73\x6f\x2e\x36>, "\x7f\x45\x4c\x46\x02\x01\x01\x03\x00\x00\x00\x00\x00\x00\x00\x00\x03\x00\x3e\x00\x01\x00\x00\x00\x00\x00\x00\x00\x00\x00\x00\x00"..., 832) = 832 <0.000044>
1739968096.258119 read(21<\x2f\x70\x72\x6f\x63\x2f\x73\x79\x73\x2f\x6b\x65\x72\x6e\x65\x6c\x2f\x72\x61\x6e\x64\x6f\x6d\x2f\x62\x6f\x6f\x74\x5f\x69\x64>, "\x61\x61\x61\x61\x61\x65\x61\x63\x2d\x33\x62\x32\x30\x2d\x34\x62\x66\x39\x2d\x38\x36\x63\x65\x2d\x64\x65\x32\x36\x65\x31\x39\x38"..., 38) = 37 <0.000030>
1739968096.258190 read(21<\x2f\x70\x72\x6f\x63\x2f\x73\x79\x73\x2f\x6b\x65\x72\x6e\x65\x6c\x2f\x72\x61\x6e\x64\x6f\x6d\x2f\x62\x6f\x6f\x74\x5f\x69\x64>, "", 1) = 0 <0.000032>
1739968096.259487 read(21<\x2f\x75\x73\x72\x2f\x6c\x69\x62\x2f\x78\x38\x36\x5f\x36\x34\x2d\x6c\x69\x6e\x75\x78\x2d\x67\x6e\x75\x2f\x6c\x69\x62\x6e\x73\x73\x5f\x73\x73\x73\x2e\x73\x6f\x2e\x32>, "\x7f\x45\x4c\x46\x02\x01\x01\x00\x00\x00\x00\x00\x00\x00\x00\x00\x03\x00\x3e\x00\x01\x00\x00\x00\x00\x00\x00\x00\x00\x00\x00\x00"..., 832) = 832 <0.000018>
1739968096.235688 read(3<\x2f\x75\x73\x72\x2f\x6c\x69\x62\x2f\x78\x38\x36\x5f\x36\x34\x2d\x6c\x69\x6e\x75\x78\x2d\x67\x6e\x75\x2f\x6c\x69\x62\x63\x72\x79\x70\x74\x2e\x73\x6f\x2e\x31\x2e\x31\x2e\x30>, "\x7f\x45\x4c\x46\x02\x01\x01\x00\x00\x00\x00\x00\x00\x00\x00\x00\x03\x00\x3e\x00\x01\x00\x00\x00\x00\x00\x00\x00\x00\x00\x00\x00"..., 832) = 832 <0.000008>
1739968096.235956 read(3<\x2f\x75\x73\x72\x2f\x6c\x69\x62\x2f\x78\x38\x36\x5f\x36\x34\x2d\x6c\x69\x6e\x75\x78\x2d\x67\x6e\x75\x2f\x6c\x69\x62\x70\x63\x72\x65\x32\x2d\x38\x2e\x73\x6f\x2e\x30\x2e\x31\x31\x2e\x32>, "\x7f\x45\x4c\x46\x02\x01\x01\x00\x00\x00\x00\x00\x00\x00\x00\x00\x03\x00\x3e\x00\x01\x00\x00\x00\x00\x00\x00\x00\x00\x00\x00\x00"..., 832) = 832 <0.000008>
1739968096.236183 read(3<\x2f\x75\x73\x72\x2f\x6c\x69\x62\x2f\x78\x38\x36\x5f\x36\x34\x2d\x6c\x69\x6e\x75\x78\x2d\x67\x6e\x75\x2f\x6c\x69\x62\x73\x73\x6c\x2e\x73\x6f\x2e\x33>, "\x7f\x45\x4c\x46\x02\x01\x01\x00\x00\x00\x00\x00\x00\x00\x00\x00\x03\x00\x3e\x00\x01\x00\x00\x00\x00\x00\x00\x00\x00\x00\x00\x00"..., 832) = 832 <0.000008>
1739968096.236486 read(3<\x2f\x75\x73\x72\x2f\x6c\x69\x62\x2f\x78\x38\x36\x5f\x36\x34\x2d\x6c\x69\x6e\x75\x78\x2d\x67\x6e\x75\x2f\x6c\x69\x62\x63\x72\x79\x70\x74\x6f\x2e\x73\x6f\x2e\x33>, "\x7f\x45\x4c\x46\x02\x01\x01\x00\x00\x00\x00\x00\x00\x00\x00\x00\x03\x00\x3e\x00\x01\x00\x00\x00\x00\x00\x00\x00\x00\x00\x00\x00"..., 832) = 832 <0.000006>
1739968096.236699 read(3<\x2f\x75\x73\x72\x2f\x6c\x69\x62\x2f\x78\x38\x36\x5f\x36\x34\x2d\x6c\x69\x6e\x75\x78\x2d\x67\x6e\x75\x2f\x6c\x69\x62\x7a\x2e\x73\x6f\x2e\x31\x2e\x33>, "\x7f\x45\x4c\x46\x02\x01\x01\x00\x00\x00\x00\x00\x00\x00\x00\x00\x03\x00\x3e\x00\x01\x00\x00\x00\x00\x00\x00\x00\x00\x00\x00\x00"..., 832) = 832 <0.000005>
1739968096.236878 read(3<\x2f\x75\x73\x72\x2f\x6c\x69\x62\x2f\x78\x38\x36\x5f\x36\x34\x2d\x6c\x69\x6e\x75\x78\x2d\x67\x6e\x75\x2f\x6c\x69\x62\x63\x2e\x73\x6f\x2e\x36>, "\x7f\x45\x4c\x46\x02\x01\x01\x03\x00\x00\x00\x00\x00\x00\x00\x00\x03\x00\x3e\x00\x01\x00\x00\x00\x90\xa3\x02\x00\x00\x00\x00\x00"..., 832) = 832 <0.000005>
1739968096.236895 pread64(3<\x2f\x75\x73\x72\x2f\x6c\x69\x62\x2f\x78\x38\x36\x5f\x36\x34\x2d\x6c\x69\x6e\x75\x78\x2d\x67\x6e\x75\x2f\x6c\x69\x62\x63\x2e\x73\x6f\x2e\x36>, "\x06\x00\x00\x00\x04\x00\x00\x00\x40\x00\x00\x00\x00\x00\x00\x00\x40\x00\x00\x00\x00\x00\x00\x00\x40\x00\x00\x00\x00\x00\x00\x00"..., 784, 64) = 784 <0.000004>
1739968096.236946 pread64(3<\x2f\x75\x73\x72\x2f\x6c\x69\x62\x2f\x78\x38\x36\x5f\x36\x34\x2d\x6c\x69\x6e\x75\x78\x2d\x67\x6e\x75\x2f\x6c\x69\x62\x63\x2e\x73\x6f\x2e\x36>, "\x06\x00\x00\x00\x04\x00\x00\x00\x40\x00\x00\x00\x00\x00\x00\x00\x40\x00\x00\x00\x00\x00\x00\x00\x40\x00\x00\x00\x00\x00\x00\x00"..., 784, 64) = 784 <0.000004>
1739968096.238410 read(3<\x2f\x75\x73\x72\x2f\x73\x68\x61\x72\x65\x2f\x7a\x6f\x6e\x65\x69\x6e\x66\x6f\x2f\x45\x75\x72\x6f\x70\x65\x2f\x50\x72\x61\x67\x75\x65>, "\x54\x5a\x69\x66\x32\x00\x00\x00\x00\x00\x00\x00\x00\x00\x00\x00\x00\x00\x00\x00\x00\x00\x00\x08\x00\x00\x00\x08\x00\x00\x00\x00"..., 4096) = 2301 <0.000008>
1739968096.238454 read(3<\x2f\x75\x73\x72\x2f\x73\x68\x61\x72\x65\x2f\x7a\x6f\x6e\x65\x69\x6e\x66\x6f\x2f\x45\x75\x72\x6f\x70\x65\x2f\x50\x72\x61\x67\x75\x65>, "\x54\x5a\x69\x66\x32\x00\x00\x00\x00\x00\x00\x00\x00\x00\x00\x00\x00\x00\x00\x00\x00\x00\x00\x09\x00\x00\x00\x09\x00\x00\x00\x00"..., 4096) = 1461 <0.000007>
1739968096.239272 read(3<\x2f\x65\x74\x63\x2f\x73\x73\x6c\x2f\x6f\x70\x65\x6e\x73\x73\x6c\x2e\x63\x6e\x66>, "\x23\x0a\x23\x20\x4f\x70\x65\x6e\x53\x53\x4c\x20\x65\x78\x61\x6d\x70\x6c\x65\x20\x63\x6f\x6e\x66\x69\x67\x75\x72\x61\x74\x69\x6f"..., 4096) = 4096 <0.000007>
1739968096.239331 read(3<\x2f\x65\x74\x63\x2f\x73\x73\x6c\x2f\x6f\x70\x65\x6e\x73\x73\x6c\x2e\x63\x6e\x66>, "\x64\x20\x61\x74\x74\x72\x69\x62\x75\x74\x65\x73\x20\x6d\x75\x73\x74\x20\x62\x65\x20\x74\x68\x65\x20\x73\x61\x6d\x65\x2c\x20\x61"..., 4096) = 4096 <0.000006>
1739968096.239402 read(3<\x2f\x65\x74\x63\x2f\x73\x73\x6c\x2f\x6f\x70\x65\x6e\x73\x73\x6c\x2e\x63\x6e\x66>, "\x63\x6f\x64\x69\x6e\x67\x20\x6f\x66\x20\x61\x6e\x20\x65\x78\x74\x65\x6e\x73\x69\x6f\x6e\x3a\x20\x62\x65\x77\x61\x72\x65\x20\x65"..., 4096) = 4096 <0.000006>
1739968096.239474 read(3<\x2f\x65\x74\x63\x2f\x73\x73\x6c\x2f\x6f\x70\x65\x6e\x73\x73\x6c\x2e\x63\x6e\x66>, "\x20\x3d\x20\x24\x69\x6e\x73\x74\x61\x3a\x3a\x63\x65\x72\x74\x6f\x75\x74\x20\x23\x20\x69\x6e\x73\x74\x61\x2e\x63\x65\x72\x74\x2e"..., 4096) = 36 <0.000006>
1739968096.239495 read(3<\x2f\x65\x74\x63\x2f\x73\x73\x6c\x2f\x6f\x70\x65\x6e\x73\x73\x6c\x2e\x63\x6e\x66>, "", 4096) = 0 <0.000005>
1739968096.239768 read(3<\x2f\x73\x79\x73\x2f\x64\x65\x76\x69\x63\x65\x73\x2f\x73\x79\x73\x74\x65\x6d\x2f\x63\x70\x75\x2f\x6f\x6e\x6c\x69\x6e\x65>, "\x30\x2d\x37\x0a", 1024) = 4 <0.000011>
1739968096.239962 pread64(3<\x2f\x65\x74\x63\x2f\x6e\x67\x69\x6e\x78\x2f\x6e\x67\x69\x6e\x78\x2e\x63\x6f\x6e\x66>, "\x75\x73\x65\x72\x20\x77\x77\x77\x2d\x64\x61\x74\x61\x3b\x0a\x77\x6f\x72\x6b\x65\x72\x5f\x70\x72\x6f\x63\x65\x73\x73\x65\x73\x20"..., 1446, 0) = 1446 <0.000006>
1739968096.240249 read(4<\x2f\x65\x74\x63\x2f\x6e\x73\x73\x77\x69\x74\x63\x68\x2e\x63\x6f\x6e\x66>, "\x23\x20\x2f\x65\x74\x63\x2f\x6e\x73\x73\x77\x69\x74\x63\x68\x2e\x63\x6f\x6e\x66\x0a\x23\x0a\x23\x20\x45\x78\x61\x6d\x70\x6c\x65"..., 4096) = 594 <0.000006>
1739968096.240281 read(4<\x2f\x65\x74\x63\x2f\x6e\x73\x73\x77\x69\x74\x63\x68\x2e\x63\x6f\x6e\x66>, "", 4096) = 0 <0.000006>
1739968096.240416 read(4<\x2f\x65\x74\x63\x2f\x70\x61\x73\x73\x77\x64>, "\x72\x6f\x6f\x74\x3a\x78\x3a\x30\x3a\x30\x3a\x72\x6f\x6f\x74\x3a\x2f\x72\x6f\x6f\x74\x3a\x2f\x62\x69\x6e\x2f\x62\x61\x73\x68\x0a"..., 4096) = 3171 <0.000006>
1739968096.240674 read(4<\x2f\x65\x74\x63\x2f\x67\x72\x6f\x75\x70>, "\x72\x6f\x6f\x74\x3a\x78\x3a\x30\x3a\x76\x65\x6c\x64\x72\x61\x6e\x65\x0a\x64\x61\x65\x6d\x6f\x6e\x3a\x78\x3a\x31\x3a\x0a\x62\x69"..., 4096) = 1173 <0.000006>
1739968096.241029 pread64(4<\x2f\x65\x74\x63\x2f\x6e\x67\x69\x6e\x78\x2f\x6d\x69\x6d\x65\x2e\x74\x79\x70\x65\x73>, "\x0a\x74\x79\x70\x65\x73\x20\x7b\x0a\x20\x20\x20\x20\x74\x65\x78\x74\x2f\x68\x74\x6d\x6c\x20\x20\x20\x20\x20\x20\x20\x20\x20\x20"..., 4096, 0) = 4096 <0.000006>
1739968096.241093 pread64(4<\x2f\x65\x74\x63\x2f\x6e\x67\x69\x6e\x78\x2f\x6d\x69\x6d\x65\x2e\x74\x79\x70\x65\x73>, "\x20\x61\x70\x70\x6c\x69\x63\x61\x74\x69\x6f\x6e\x2f\x6f\x63\x74\x65\x74\x2d\x73\x74\x72\x65\x61\x6d\x20\x20\x20\x20\x20\x20\x20"..., 1369, 4096) = 1369 <0.000006>
1739968096.241459 pread64(4<\x2f\x65\x74\x63\x2f\x6e\x67\x69\x6e\x78\x2f\x73\x69\x74\x65\x73\x2d\x61\x76\x61\x69\x6c\x61\x62\x6c\x65\x2f\x64\x65\x66\x61\x75\x6c\x74>, "\x23\x23\x0a\x23\x20\x59\x6f\x75\x20\x73\x68\x6f\x75\x6c\x64\x20\x6c\x6f\x6f\x6b\x20\x61\x74\x20\x74\x68\x65\x20\x66\x6f\x6c\x6c"..., 2412, 0) = 2412 <0.000006>
1739968096.243606 read(11<\x2f\x70\x72\x6f\x63\x2f\x73\x79\x73\x2f\x6b\x65\x72\x6e\x65\x6c\x2f\x6e\x67\x72\x6f\x75\x70\x73\x5f\x6d\x61\x78>, "\x36\x35\x35\x33\x36\x0a", 31) = 6 <0.000004>
1739968096.243784 read(11<\x2f\x65\x74\x63\x2f\x67\x72\x6f\x75\x70>, "\x72\x6f\x6f\x74\x3a\x78\x3a\x30\x3a\x76\x65\x6c\x64\x72\x61\x6e\x65\x0a\x64\x61\x65\x6d\x6f\x6e\x3a\x78\x3a\x31\x3a\x0a\x62\x69"..., 4096) = 1173 <0.000005>
1739968096.243807 read(11<\x2f\x65\x74\x63\x2f\x67\x72\x6f\x75\x70>, "", 4096) = 0 <0.000002>
1739968096.244071 read(11<\x2f\x75\x73\x72\x2f\x6c\x69\x62\x2f\x78\x38\x36\x5f\x36\x34\x2d\x6c\x69\x6e\x75\x78\x2d\x67\x6e\x75\x2f\x6c\x69\x62\x6e\x73\x73\x5f\x73\x79\x73\x74\x65\x6d\x64\x2e\x73\x6f\x2e\x32>, "\x7f\x45\x4c\x46\x02\x01\x01\x00\x00\x00\x00\x00\x00\x00\x00\x00\x03\x00\x3e\x00\x01\x00\x00\x00\x00\x00\x00\x00\x00\x00\x00\x00"..., 832) = 832 <0.000018>
1739968096.244362 read(11<\x2f\x75\x73\x72\x2f\x6c\x69\x62\x2f\x78\x38\x36\x5f\x36\x34\x2d\x6c\x69\x6e\x75\x78\x2d\x67\x6e\x75\x2f\x6c\x69\x62\x63\x61\x70\x2e\x73\x6f\x2e\x32\x2e\x36\x36>, "\x7f\x45\x4c\x46\x02\x01\x01\x00\x00\x00\x00\x00\x00\x00\x00\x00\x03\x00\x3e\x00\x01\x00\x00\x00\xe0\x81\x00\x00\x00\x00\x00\x00"..., 832) = 832 <0.000012>
1739968096.244693 read(11<\x2f\x75\x73\x72\x2f\x6c\x69\x62\x2f\x78\x38\x36\x5f\x36\x34\x2d\x6c\x69\x6e\x75\x78\x2d\x67\x6e\x75\x2f\x6c\x69\x62\x6d\x2e\x73\x6f\x2e\x36>, "\x7f\x45\x4c\x46\x02\x01\x01\x03\x00\x00\x00\x00\x00\x00\x00\x00\x03\x00\x3e\x00\x01\x00\x00\x00\x00\x00\x00\x00\x00\x00\x00\x00"..., 832) = 832 <0.000010>
1739968096.252442 read(11<\x2f\x70\x72\x6f\x63\x2f\x73\x79\x73\x2f\x6b\x65\x72\x6e\x65\x6c\x2f\x72\x61\x6e\x64\x6f\x6d\x2f\x62\x6f\x6f\x74\x5f\x69\x64>, "\x61\x61\x61\x61\x61\x65\x61\x63\x2d\x33\x62\x32\x30\x2d\x34\x62\x66\x39\x2d\x38\x36\x63\x65\x2d\x64\x65\x32\x36\x65\x31\x39\x38"..., 38) = 37 <0.000029>
1739968096.252516 read(11<\x2f\x70\x72\x6f\x63\x2f\x73\x79\x73\x2f\x6b\x65\x72\x6e\x65\x6c\x2f\x72\x61\x6e\x64\x6f\x6d\x2f\x62\x6f\x6f\x74\x5f\x69\x64>, "", 1) = 0 <0.000029>
1739968096.254481 read(11<\x2f\x75\x73\x72\x2f\x6c\x69\x62\x2f\x78\x38\x36\x5f\x36\x34\x2d\x6c\x69\x6e\x75\x78\x2d\x67\x6e\x75\x2f\x6c\x69\x62\x6e\x73\x73\x5f\x73\x73\x73\x2e\x73\x6f\x2e\x32>, "\x7f\x45\x4c\x46\x02\x01\x01\x00\x00\x00\x00\x00\x00\x00\x00\x00\x03\x00\x3e\x00\x01\x00\x00\x00\x00\x00\x00\x00\x00\x00\x00\x00"..., 832) = 832 <0.000029>
1739968096.243389 read(9<\x2f\x70\x72\x6f\x63\x2f\x73\x79\x73\x2f\x6b\x65\x72\x6e\x65\x6c\x2f\x6e\x67\x72\x6f\x75\x70\x73\x5f\x6d\x61\x78>, "\x36\x35\x35\x33\x36\x0a", 31) = 6 <0.000005>
1739968096.243619 read(9<\x2f\x65\x74\x63\x2f\x67\x72\x6f\x75\x70>, "\x72\x6f\x6f\x74\x3a\x78\x3a\x30\x3a\x76\x65\x6c\x64\x72\x61\x6e\x65\x0a\x64\x61\x65\x6d\x6f\x6e\x3a\x78\x3a\x31\x3a\x0a\x62\x69"..., 4096) = 1173 <0.000011>
1739968096.243648 read(9<\x2f\x65\x74\x63\x2f\x67\x72\x6f\x75\x70>, "", 4096) = 0 <0.000012>
1739968096.243861 read(9<\x2f\x75\x73\x72\x2f\x6c\x69\x62\x2f\x78\x38\x36\x5f\x36\x34\x2d\x6c\x69\x6e\x75\x78\x2d\x67\x6e\x75\x2f\x6c\x69\x62\x6e\x73\x73\x5f\x73\x79\x73\x74\x65\x6d\x64\x2e\x73\x6f\x2e\x32>, "\x7f\x45\x4c\x46\x02\x01\x01\x00\x00\x00\x00\x00\x00\x00\x00\x00\x03\x00\x3e\x00\x01\x00\x00\x00\x00\x00\x00\x00\x00\x00\x00\x00"..., 832) = 832 <0.000008>
1739968096.244159 read(9<\x2f\x75\x73\x72\x2f\x6c\x69\x62\x2f\x78\x38\x36\x5f\x36\x34\x2d\x6c\x69\x6e\x75\x78\x2d\x67\x6e\x75\x2f\x6c\x69\x62\x63\x61\x70\x2e\x73\x6f\x2e\x32\x2e\x36\x36>, "\x7f\x45\x4c\x46\x02\x01\x01\x00\x00\x00\x00\x00\x00\x00\x00\x00\x03\x00\x3e\x00\x01\x00\x00\x00\xe0\x81\x00\x00\x00\x00\x00\x00"..., 832) = 832 <0.000016>
1739968096.244489 read(9<\x2f\x75\x73\x72\x2f\x6c\x69\x62\x2f\x78\x38\x36\x5f\x36\x34\x2d\x6c\x69\x6e\x75\x78\x2d\x67\x6e\x75\x2f\x6c\x69\x62\x6d\x2e\x73\x6f\x2e\x36>, "\x7f\x45\x4c\x46\x02\x01\x01\x03\x00\x00\x00\x00\x00\x00\x00\x00\x03\x00\x3e\x00\x01\x00\x00\x00\x00\x00\x00\x00\x00\x00\x00\x00"..., 832) = 832 <0.000011>
1739968096.254071 read(9<\x2f\x70\x72\x6f\x63\x2f\x73\x79\x73\x2f\x6b\x65\x72\x6e\x65\x6c\x2f\x72\x61\x6e\x64\x6f\x6d\x2f\x62\x6f\x6f\x74\x5f\x69\x64>, "\x61\x61\x61\x61\x61\x65\x61\x63\x2d\x33\x62\x32\x30\x2d\x34\x62\x66\x39\x2d\x38\x36\x63\x65\x2d\x64\x65\x32\x36\x65\x31\x39\x38"..., 38) = 37 <0.000056>
1739968096.254170 read(9<\x2f\x70\x72\x6f\x63\x2f\x73\x79\x73\x2f\x6b\x65\x72\x6e\x65\x6c\x2f\x72\x61\x6e\x64\x6f\x6d\x2f\x62\x6f\x6f\x74\x5f\x69\x64>, "", 1) = 0 <0.000060>
1739968096.256410 read(9<\x2f\x75\x73\x72\x2f\x6c\x69\x62\x2f\x78\x38\x36\x5f\x36\x34\x2d\x6c\x69\x6e\x75\x78\x2d\x67\x6e\x75\x2f\x6c\x69\x62\x6e\x73\x73\x5f\x73\x73\x73\x2e\x73\x6f\x2e\x32>, "\x7f\x45\x4c\x46\x02\x01\x01\x00\x00\x00\x00\x00\x00\x00\x00\x00\x03\x00\x3e\x00\x01\x00\x00\x00\x00\x00\x00\x00\x00\x00\x00\x00"..., 832) = 832 <0.000037>
1739968096.244681 read(15<\x2f\x70\x72\x6f\x63\x2f\x73\x79\x73\x2f\x6b\x65\x72\x6e\x65\x6c\x2f\x6e\x67\x72\x6f\x75\x70\x73\x5f\x6d\x61\x78>, "\x36\x35\x35\x33\x36\x0a", 31) = 6 <0.000015>
1739968096.244949 read(15<\x2f\x65\x74\x63\x2f\x67\x72\x6f\x75\x70>, "\x72\x6f\x6f\x74\x3a\x78\x3a\x30\x3a\x76\x65\x6c\x64\x72\x61\x6e\x65\x0a\x64\x61\x65\x6d\x6f\x6e\x3a\x78\x3a\x31\x3a\x0a\x62\x69"..., 4096) = 1173 <0.000008>
1739968096.244979 read(15<\x2f\x65\x74\x63\x2f\x67\x72\x6f\x75\x70>, "", 4096) = 0 <0.000008>
1739968096.245209 read(15<\x2f\x75\x73\x72\x2f\x6c\x69\x62\x2f\x78\x38\x36\x5f\x36\x34\x2d\x6c\x69\x6e\x75\x78\x2d\x67\x6e\x75\x2f\x6c\x69\x62\x6e\x73\x73\x5f\x73\x79\x73\x74\x65\x6d\x64\x2e\x73\x6f\x2e\x32>, "\x7f\x45\x4c\x46\x02\x01\x01\x00\x00\x00\x00\x00\x00\x00\x00\x00\x03\x00\x3e\x00\x01\x00\x00\x00\x00\x00\x00\x00\x00\x00\x00\x00"..., 832) = 832 <0.000007>
1739968096.245534 read(15<\x2f\x75\x73\x72\x2f\x6c\x69\x62\x2f\x78\x38\x36\x5f\x36\x34\x2d\x6c\x69\x6e\x75\x78\x2d\x67\x6e\x75\x2f\x6c\x69\x62\x63\x61\x70\x2e\x73\x6f\x2e\x32\x2e\x36\x36>, "\x7f\x45\x4c\x46\x02\x01\x01\x00\x00\x00\x00\x00\x00\x00\x00\x00\x03\x00\x3e\x00\x01\x00\x00\x00\xe0\x81\x00\x00\x00\x00\x00\x00"..., 832) = 832 <0.000019>
1739968096.245880 read(15<\x2f\x75\x73\x72\x2f\x6c\x69\x62\x2f\x78\x38\x36\x5f\x36\x34\x2d\x6c\x69\x6e\x75\x78\x2d\x67\x6e\x75\x2f\x6c\x69\x62\x6d\x2e\x73\x6f\x2e\x36>, "\x7f\x45\x4c\x46\x02\x01\x01\x03\x00\x00\x00\x00\x00\x00\x00\x00\x03\x00\x3e\x00\x01\x00\x00\x00\x00\x00\x00\x00\x00\x00\x00\x00"..., 832) = 832 <0.000016>
1739968096.253560 read(15<\x2f\x70\x72\x6f\x63\x2f\x73\x79\x73\x2f\x6b\x65\x72\x6e\x65\x6c\x2f\x72\x61\x6e\x64\x6f\x6d\x2f\x62\x6f\x6f\x74\x5f\x69\x64>, "\x61\x61\x61\x61\x61\x65\x61\x63\x2d\x33\x62\x32\x30\x2d\x34\x62\x66\x39\x2d\x38\x36\x63\x65\x2d\x64\x65\x32\x36\x65\x31\x39\x38"..., 38) = 37 <0.000040>
1739968096.253636 read(15<\x2f\x70\x72\x6f\x63\x2f\x73\x79\x73\x2f\x6b\x65\x72\x6e\x65\x6c\x2f\x72\x61\x6e\x64\x6f\x6d\x2f\x62\x6f\x6f\x74\x5f\x69\x64>, "", 1) = 0 <0.000030>
1739968096.255239 read(15<\x2f\x75\x73\x72\x2f\x6c\x69\x62\x2f\x78\x38\x36\x5f\x36\x34\x2d\x6c\x69\x6e\x75\x78\x2d\x67\x6e\x75\x2f\x6c\x69\x62\x6e\x73\x73\x5f\x73\x73\x73\x2e\x73\x6f\x2e\x32>, "\x7f\x45\x4c\x46\x02\x01\x01\x00\x00\x00\x00\x00\x00\x00\x00\x00\x03\x00\x3e\x00\x01\x00\x00\x00\x00\x00\x00\x00\x00\x00\x00\x00"..., 832) = 832 <0.000040>
1739968096.249493 read(23<\x2f\x70\x72\x6f\x63\x2f\x73\x79\x73\x2f\x6b\x65\x72\x6e\x65\x6c\x2f\x6e\x67\x72\x6f\x75\x70\x73\x5f\x6d\x61\x78>, "\x36\x35\x35\x33\x36\x0a", 31) = 6 <0.000034>
1739968096.250071 read(23<\x2f\x65\x74\x63\x2f\x67\x72\x6f\x75\x70>, "\x72\x6f\x6f\x74\x3a\x78\x3a\x30\x3a\x76\x65\x6c\x64\x72\x61\x6e\x65\x0a\x64\x61\x65\x6d\x6f\x6e\x3a\x78\x3a\x31\x3a\x0a\x62\x69"..., 4096) = 1173 <0.000033>
1739968096.250151 read(23<\x2f\x65\x74\x63\x2f\x67\x72\x6f\x75\x70>, "", 4096) = 0 <0.000032>
1739968096.250665 read(23<\x2f\x75\x73\x72\x2f\x6c\x69\x62\x2f\x78\x38\x36\x5f\x36\x34\x2d\x6c\x69\x6e\x75\x78\x2d\x67\x6e\x75\x2f\x6c\x69\x62\x6e\x73\x73\x5f\x73\x79\x73\x74\x65\x6d\x64\x2e\x73\x6f\x2e\x32>, "\x7f\x45\x4c\x46\x02\x01\x01\x00\x00\x00\x00\x00\x00\x00\x00\x00\x03\x00\x3e\x00\x01\x00\x00\x00\x00\x00\x00\x00\x00\x00\x00\x00"..., 832) = 832 <0.000031>
1739968096.251204 read(23<\x2f\x75\x73\x72\x2f\x6c\x69\x62\x2f\x78\x38\x36\x5f\x36\x34\x2d\x6c\x69\x6e\x75\x78\x2d\x67\x6e\x75\x2f\x6c\x69\x62\x63\x61\x70\x2e\x73\x6f\x2e\x32\x2e\x36\x36>, "\x7f\x45\x4c\x46\x02\x01\x01\x00\x00\x00\x00\x00\x00\x00\x00\x00\x03\x00\x3e\x00\x01\x00\x00\x00\xe0\x81\x00\x00\x00\x00\x00\x00"..., 832) = 832 <0.000032>
1739968096.251806 read(23<\x2f\x75\x73\x72\x2f\x6c\x69\x62\x2f\x78\x38\x36\x5f\x36\x34\x2d\x6c\x69\x6e\x75\x78\x2d\x67\x6e\x75\x2f\x6c\x69\x62\x6d\x2e\x73\x6f\x2e\x36>, "\x7f\x45\x4c\x46\x02\x01\x01\x03\x00\x00\x00\x00\x00\x00\x00\x00\x03\x00\x3e\x00\x01\x00\x00\x00\x00\x00\x00\x00\x00\x00\x00\x00"..., 832) = 832 <0.000028>
1739968096.259327 read(23<\x2f\x70\x72\x6f\x63\x2f\x73\x79\x73\x2f\x6b\x65\x72\x6e\x65\x6c\x2f\x72\x61\x6e\x64\x6f\x6d\x2f\x62\x6f\x6f\x74\x5f\x69\x64>, "\x61\x61\x61\x61\x61\x65\x61\x63\x2d\x33\x62\x32\x30\x2d\x34\x62\x66\x39\x2d\x38\x36\x63\x65\x2d\x64\x65\x32\x36\x65\x31\x39\x38"..., 38) = 37 <0.000021>
1739968096.259371 read(23<\x2f\x70\x72\x6f\x63\x2f\x73\x79\x73\x2f\x6b\x65\x72\x6e\x65\x6c\x2f\x72\x61\x6e\x64\x6f\x6d\x2f\x62\x6f\x6f\x74\x5f\x69\x64>, "", 1) = 0 <0.000014>
1739968096.260293 read(23<\x2f\x75\x73\x72\x2f\x6c\x69\x62\x2f\x78\x38\x36\x5f\x36\x34\x2d\x6c\x69\x6e\x75\x78\x2d\x67\x6e\x75\x2f\x6c\x69\x62\x6e\x73\x73\x5f\x73\x73\x73\x2e\x73\x6f\x2e\x32>, "\x7f\x45\x4c\x46\x02\x01\x01\x00\x00\x00\x00\x00\x00\x00\x00\x00\x03\x00\x3e\x00\x01\x00\x00\x00\x00\x00\x00\x00\x00\x00\x00\x00"..., 832) = 832 <0.000006>
1739968096.244067 read(13<\x2f\x70\x72\x6f\x63\x2f\x73\x79\x73\x2f\x6b\x65\x72\x6e\x65\x6c\x2f\x6e\x67\x72\x6f\x75\x70\x73\x5f\x6d\x61\x78>, "\x36\x35\x35\x33\x36\x0a", 31) = 6 <0.000006>
1739968096.244249 read(13<\x2f\x65\x74\x63\x2f\x67\x72\x6f\x75\x70>, "\x72\x6f\x6f\x74\x3a\x78\x3a\x30\x3a\x76\x65\x6c\x64\x72\x61\x6e\x65\x0a\x64\x61\x65\x6d\x6f\x6e\x3a\x78\x3a\x31\x3a\x0a\x62\x69"..., 4096) = 1173 <0.000006>
1739968096.244280 read(13<\x2f\x65\x74\x63\x2f\x67\x72\x6f\x75\x70>, "", 4096) = 0 <0.000009>
1739968096.244497 read(13<\x2f\x75\x73\x72\x2f\x6c\x69\x62\x2f\x78\x38\x36\x5f\x36\x34\x2d\x6c\x69\x6e\x75\x78\x2d\x67\x6e\x75\x2f\x6c\x69\x62\x6e\x73\x73\x5f\x73\x79\x73\x74\x65\x6d\x64\x2e\x73\x6f\x2e\x32>, "\x7f\x45\x4c\x46\x02\x01\x01\x00\x00\x00\x00\x00\x00\x00\x00\x00\x03\x00\x3e\x00\x01\x00\x00\x00\x00\x00\x00\x00\x00\x00\x00\x00"..., 832) = 832 <0.000012>
1739968096.244798 read(13<\x2f\x75\x73\x72\x2f\x6c\x69\x62\x2f\x78\x38\x36\x5f\x36\x34\x2d\x6c\x69\x6e\x75\x78\x2d\x67\x6e\x75\x2f\x6c\x69\x62\x63\x61\x70\x2e\x73\x6f\x2e\x32\x2e\x36\x36>, "\x7f\x45\x4c\x46\x02\x01\x01\x00\x00\x00\x00\x00\x00\x00\x00\x00\x03\x00\x3e\x00\x01\x00\x00\x00\xe0\x81\x00\x00\x00\x00\x00\x00"..., 832) = 832 <0.000011>
1739968096.245033 read(13<\x2f\x75\x73\x72\x2f\x6c\x69\x62\x2f\x78\x38\x36\x5f\x36\x34\x2d\x6c\x69\x6e\x75\x78\x2d\x67\x6e\x75\x2f\x6c\x69\x62\x6d\x2e\x73\x6f\x2e\x36>, "\x7f\x45\x4c\x46\x02\x01\x01\x03\x00\x00\x00\x00\x00\x00\x00\x00\x03\x00\x3e\x00\x01\x00\x00\x00\x00\x00\x00\x00\x00\x00\x00\x00"..., 832) = 832 <0.000005>
1739968096.252060 read(13<\x2f\x70\x72\x6f\x63\x2f\x73\x79\x73\x2f\x6b\x65\x72\x6e\x65\x6c\x2f\x72\x61\x6e\x64\x6f\x6d\x2f\x62\x6f\x6f\x74\x5f\x69\x64>, "\x61\x61\x61\x61\x61\x65\x61\x63\x2d\x33\x62\x32\x30\x2d\x34\x62\x66\x39\x2d\x38\x36\x63\x65\x2d\x64\x65\x32\x36\x65\x31\x39\x38"..., 38) = 37 <0.000035>
1739968096.252128 read(13<\x2f\x70\x72\x6f\x63\x2f\x73\x79\x73\x2f\x6b\x65\x72\x6e\x65\x6c\x2f\x72\x61\x6e\x64\x6f\x6d\x2f\x62\x6f\x6f\x74\x5f\x69\x64>, "", 1) = 0 <0.000036>
1739968096.253887 read(13<\x2f\x75\x73\x72\x2f\x6c\x69\x62\x2f\x78\x38\x36\x5f\x36\x34\x2d\x6c\x69\x6e\x75\x78\x2d\x67\x6e\x75\x2f\x6c\x69\x62\x6e\x73\x73\x5f\x73\x73\x73\x2e\x73\x6f\x2e\x32>, "\x7f\x45\x4c\x46\x02\x01\x01\x00\x00\x00\x00\x00\x00\x00\x00\x00\x03\x00\x3e\x00\x01\x00\x00\x00\x00\x00\x00\x00\x00\x00\x00\x00"..., 832) = 832 <0.000036>
1739968096.245433 read(17<\x2f\x70\x72\x6f\x63\x2f\x73\x79\x73\x2f\x6b\x65\x72\x6e\x65\x6c\x2f\x6e\x67\x72\x6f\x75\x70\x73\x5f\x6d\x61\x78>, "\x36\x35\x35\x33\x36\x0a", 31) = 6 <0.000006>
1739968096.245731 read(17<\x2f\x65\x74\x63\x2f\x67\x72\x6f\x75\x70>, "\x72\x6f\x6f\x74\x3a\x78\x3a\x30\x3a\x76\x65\x6c\x64\x72\x61\x6e\x65\x0a\x64\x61\x65\x6d\x6f\x6e\x3a\x78\x3a\x31\x3a\x0a\x62\x69"..., 4096) = 1173 <0.000011>
1739968096.245761 read(17<\x2f\x65\x74\x63\x2f\x67\x72\x6f\x75\x70>, "", 4096) = 0 <0.000011>
1739968096.246055 read(17<\x2f\x75\x73\x72\x2f\x6c\x69\x62\x2f\x78\x38\x36\x5f\x36\x34\x2d\x6c\x69\x6e\x75\x78\x2d\x67\x6e\x75\x2f\x6c\x69\x62\x6e\x73\x73\x5f\x73\x79\x73\x74\x65\x6d\x64\x2e\x73\x6f\x2e\x32>, "\x7f\x45\x4c\x46\x02\x01\x01\x00\x00\x00\x00\x00\x00\x00\x00\x00\x03\x00\x3e\x00\x01\x00\x00\x00\x00\x00\x00\x00\x00\x00\x00\x00"..., 832) = 832 <0.000022>
1739968096.246414 read(17<\x2f\x75\x73\x72\x2f\x6c\x69\x62\x2f\x78\x38\x36\x5f\x36\x34\x2d\x6c\x69\x6e\x75\x78\x2d\x67\x6e\x75\x2f\x6c\x69\x62\x63\x61\x70\x2e\x73\x6f\x2e\x32\x2e\x36\x36>, "\x7f\x45\x4c\x46\x02\x01\x01\x00\x00\x00\x00\x00\x00\x00\x00\x00\x03\x00\x3e\x00\x01\x00\x00\x00\xe0\x81\x00\x00\x00\x00\x00\x00"..., 832) = 832 <0.000024>
1739968096.246849 read(17<\x2f\x75\x73\x72\x2f\x6c\x69\x62\x2f\x78\x38\x36\x5f\x36\x34\x2d\x6c\x69\x6e\x75\x78\x2d\x67\x6e\x75\x2f\x6c\x69\x62\x6d\x2e\x73\x6f\x2e\x36>, "\x7f\x45\x4c\x46\x02\x01\x01\x03\x00\x00\x00\x00\x00\x00\x00\x00\x03\x00\x3e\x00\x01\x00\x00\x00\x00\x00\x00\x00\x00\x00\x00\x00"..., 832) = 832 <0.000020>
1739968096.254753 read(17<\x2f\x70\x72\x6f\x63\x2f\x73\x79\x73\x2f\x6b\x65\x72\x6e\x65\x6c\x2f\x72\x61\x6e\x64\x6f\x6d\x2f\x62\x6f\x6f\x74\x5f\x69\x64>, "\x61\x61\x61\x61\x61\x65\x61\x63\x2d\x33\x62\x32\x30\x2d\x34\x62\x66\x39\x2d\x38\x36\x63\x65\x2d\x64\x65\x32\x36\x65\x31\x39\x38"..., 38) = 37 <0.000040>
1739968096.254827 read(17<\x2f\x70\x72\x6f\x63\x2f\x73\x79\x73\x2f\x6b\x65\x72\x6e\x65\x6c\x2f\x72\x61\x6e\x64\x6f\x6d\x2f\x62\x6f\x6f\x74\x5f\x69\x64>, "", 1) = 0 <0.000038>
1739968096.256433 read(17<\x2f\x75\x73\x72\x2f\x6c\x69\x62\x2f\x78\x38\x36\x5f\x36\x34\x2d\x6c\x69\x6e\x75\x78\x2d\x67\x6e\x75\x2f\x6c\x69\x62\x6e\x73\x73\x5f\x73\x73\x73\x2e\x73\x6f\x2e\x32>, "\x7f\x45\x4c\x46\x02\x01\x01\x00\x00\x00\x00\x00\x00\x00\x00\x00\x03\x00\x3e\x00\x01\x00\x00\x00\x00\x00\x00\x00\x00\x00\x00\x00"..., 832) = 832 <0.000037>
1739968096.246466 read(19<\x2f\x70\x72\x6f\x63\x2f\x73\x79\x73\x2f\x6b\x65\x72\x6e\x65\x6c\x2f\x6e\x67\x72\x6f\x75\x70\x73\x5f\x6d\x61\x78>, "\x36\x35\x35\x33\x36\x0a", 31) = 6 <0.000020>
1739968096.246844 read(19<\x2f\x65\x74\x63\x2f\x67\x72\x6f\x75\x70>, "\x72\x6f\x6f\x74\x3a\x78\x3a\x30\x3a\x76\x65\x6c\x64\x72\x61\x6e\x65\x0a\x64\x61\x65\x6d\x6f\x6e\x3a\x78\x3a\x31\x3a\x0a\x62\x69"..., 4096) = 1173 <0.000022>
1739968096.246895 read(19<\x2f\x65\x74\x63\x2f\x67\x72\x6f\x75\x70>, "", 4096) = 0 <0.000026>
1739968096.247315 read(19<\x2f\x75\x73\x72\x2f\x6c\x69\x62\x2f\x78\x38\x36\x5f\x36\x34\x2d\x6c\x69\x6e\x75\x78\x2d\x67\x6e\x75\x2f\x6c\x69\x62\x6e\x73\x73\x5f\x73\x79\x73\x74\x65\x6d\x64\x2e\x73\x6f\x2e\x32>, "\x7f\x45\x4c\x46\x02\x01\x01\x00\x00\x00\x00\x00\x00\x00\x00\x00\x03\x00\x3e\x00\x01\x00\x00\x00\x00\x00\x00\x00\x00\x00\x00\x00"..., 832) = 832 <0.000025>
1739968096.247838 read(19<\x2f\x75\x73\x72\x2f\x6c\x69\x62\x2f\x78\x38\x36\x5f\x36\x34\x2d\x6c\x69\x6e\x75\x78\x2d\x67\x6e\x75\x2f\x6c\x69\x62\x63\x61\x70\x2e\x73\x6f\x2e\x32\x2e\x36\x36>, "\x7f\x45\x4c\x46\x02\x01\x01\x00\x00\x00\x00\x00\x00\x00\x00\x00\x03\x00\x3e\x00\x01\x00\x00\x00\xe0\x81\x00\x00\x00\x00\x00\x00"..., 832) = 832 <0.000027>
1739968096.248420 read(19<\x2f\x75\x73\x72\x2f\x6c\x69\x62\x2f\x78\x38\x36\x5f\x36\x34\x2d\x6c\x69\x6e\x75\x78\x2d\x67\x6e\x75\x2f\x6c\x69\x62\x6d\x2e\x73\x6f\x2e\x36>, "\x7f\x45\x4c\x46\x02\x01\x01\x03\x00\x00\x00\x00\x00\x00\x00\x00\x03\x00\x3e\x00\x01\x00\x00\x00\x00\x00\x00\x00\x00\x00\x00\x00"..., 832) = 832 <0.000035>
1739968096.256545 read(19<\x2f\x70\x72\x6f\x63\x2f\x73\x79\x73\x2f\x6b\x65\x72\x6e\x65\x6c\x2f\x72\x61\x6e\x64\x6f\x6d\x2f\x62\x6f\x6f\x74\x5f\x69\x64>, "\x61\x61\x61\x61\x61\x65\x61\x63\x2d\x33\x62\x32\x30\x2d\x34\x62\x66\x39\x2d\x38\x36\x63\x65\x2d\x64\x65\x32\x36\x65\x31\x39\x38"..., 38) = 37 <0.000022>
1739968096.256613 read(19<\x2f\x70\x72\x6f\x63\x2f\x73\x79\x73\x2f\x6b\x65\x72\x6e\x65\x6c\x2f\x72\x61\x6e\x64\x6f\x6d\x2f\x62\x6f\x6f\x74\x5f\x69\x64>, "", 1) = 0 <0.000025>
1739968096.258195 read(19<\x2f\x75\x73\x72\x2f\x6c\x69\x62\x2f\x78\x38\x36\x5f\x36\x34\x2d\x6c\x69\x6e\x75\x78\x2d\x67\x6e\x75\x2f\x6c\x69\x62\x6e\x73\x73\x5f\x73\x73\x73\x2e\x73\x6f\x2e\x32>, "\x7f\x45\x4c\x46\x02\x01\x01\x00\x00\x00\x00\x00\x00\x00\x00\x00\x03\x00\x3e\x00\x01\x00\x00\x00\x00\x00\x00\x00\x00\x00\x00\x00"..., 832) = 832 <0.000027>
