1739968096.243457 sendmsg(7<\x73\x6f\x63\x6b\x65\x74\x3a\x5b\x32\x37\x39\x30\x32\x32\x5d>, {msg_name=NULL, msg_namelen=0, msg_iov=[{iov_base="\x01\x00\x00\x00\x00\x00\x00\x00\x3a\xa2\x00\x00\x00\x00\x00\x00\x01\x00\x00\x00\x00\x00\x00\x00\x09\x00\x00\x00\x00\x00\x00\x00", iov_len=32}], msg_iovlen=1, msg_control=[{cmsg_len=20, cmsg_level=SOL_SOCKET, cmsg_type=SCM_RIGHTS, cmsg_data=[9<\x73\x6f\x63\x6b\x65\x74\x3a\x5b\x32\x37\x39\x30\x32\x34\x5d>]}], msg_controllen=24, msg_flags=0}, 0) = 32 <0.000018>
1739968096.243900 sendmsg(7<\x73\x6f\x63\x6b\x65\x74\x3a\x5b\x32\x37\x39\x30\x32\x32\x5d>, {msg_name=NULL, msg_namelen=0, msg_iov=[{iov_base="\x01\x00\x00\x00\x00\x00\x00\x00\x3b\xa2\x00\x00\x00\x00\x00\x00\x02\x00\x00\x00\x00\x00\x00\x00\x0b\x00\x00\x00\x00\x00\x00\x00", iov_len=32}], msg_iovlen=1, msg_control=[{cmsg_len=20, cmsg_level=SOL_SOCKET, cmsg_type=SCM_RIGHTS, cmsg_data=[11<\x73\x6f\x63\x6b\x65\x74\x3a\x5b\x32\x37\x39\x39\x37\x34\x5d>]}], msg_controllen=24, msg_flags=0}, 0) = 32 <0.000021>
1739968096.243946 sendmsg(9<\x73\x6f\x63\x6b\x65\x74\x3a\x5b\x32\x37\x39\x30\x32\x34\x5d>, {msg_name=NULL, msg_namelen=0, msg_iov=[{iov_base="\x01\x00\x00\x00\x00\x00\x00\x00\x3b\xa2\x00\x00\x00\x00\x00\x00\x02\x00\x00\x00\x00\x00\x00\x00\x0b\x00\x00\x00\x00\x00\x00\x00", iov_len=32}], msg_iovlen=1, msg_control=[{cmsg_len=20, cmsg_level=SOL_SOCKET, cmsg_type=SCM_RIGHTS, cmsg_data=[11<\x73\x6f\x63\x6b\x65\x74\x3a\x5b\x32\x37\x39\x39\x37\x34\x5d>]}], msg_controllen=24, msg_flags=0}, 0) = 32 <0.000015>
1739968096.244522 sendmsg(7<\x73\x6f\x63\x6b\x65\x74\x3a\x5b\x32\x37\x39\x30\x32\x32\x5d>, {msg_name=NULL, msg_namelen=0, msg_iov=[{iov_base="\x01\x00\x00\x00\x00\x00\x00\x00\x3c\xa2\x00\x00\x00\x00\x00\x00\x03\x00\x00\x00\x00\x00\x00\x00\x0d\x00\x00\x00\x00\x00\x00\x00", iov_len=32}], msg_iovlen=1, msg_control=[{cmsg_len=20, cmsg_level=SOL_SOCKET, cmsg_type=SCM_RIGHTS, cmsg_data=[13<\x73\x6f\x63\x6b\x65\x74\x3a\x5b\x32\x37\x39\x39\x37\x36\x5d>]}], msg_controllen=24, msg_flags=0}, 0) = 32 <0.000025>
1739968096.244578 sendmsg(9<\x73\x6f\x63\x6b\x65\x74\x3a\x5b\x32\x37\x39\x30\x32\x34\x5d>, {msg_name=NULL, msg_namelen=0, msg_iov=[{iov_base="\x01\x00\x00\x00\x00\x00\x00\x00\x3c\xa2\x00\x00\x00\x00\x00\x00\x03\x00\x00\x00\x00\x00\x00\x00\x0d\x00\x00\x00\x00\x00\x00\x00", iov_len=32}], msg_iovlen=1, msg_control=[{cmsg_len=20, cmsg_level=SOL_SOCKET, cmsg_type=SCM_RIGHTS, cmsg_data=[13<\x73\x6f\x63\x6b\x65\x74\x3a\x5b\x32\x37\x39\x39\x37\x36\x5d>]}], msg_controllen=24, msg_flags=0}, 0) = 32 <0.000028>
1739968096.244652 sendmsg(11<\x73\x6f\x63\x6b\x65\x74\x3a\x5b\x32\x37\x39\x39\x37\x34\x5d>, {msg_name=NULL, msg_namelen=0, msg_iov=[{iov_base="\x01\x00\x00\x00\x00\x00\x00\x00\x3c\xa2\x00\x00\x00\x00\x00\x00\x03\x00\x00\x00\x00\x00\x00\x00\x0d\x00\x00\x00\x00\x00\x00\x00", iov_len=32}], msg_iovlen=1, msg_control=[{cmsg_len=20, cmsg_level=SOL_SOCKET, cmsg_type=SCM_RIGHTS, cmsg_data=[13<\x73\x6f\x63\x6b\x65\x74\x3a\x5b\x32\x37\x39\x39\x37\x36\x5d>]}], msg_controllen=24, msg_flags=0}, 0) = 32 <0.000036>
1739968096.245250 sendmsg(7<\x73\x6f\x63\x6b\x65\x74\x3a\x5b\x32\x37\x39\x30\x32\x32\x5d>, {msg_name=NULL, msg_namelen=0, msg_iov=[{iov_base="\x01\x00\x00\x00\x00\x00\x00\x00\x3d\xa2\x00\x00\x00\x00\x00\x00\x04\x00\x00\x00\x00\x00\x00\x00\x0f\x00\x00\x00\x00\x00\x00\x00", iov_len=32}], msg_iovlen=1, msg_control=[{cmsg_len=20, cmsg_level=SOL_SOCKET, cmsg_type=SCM_RIGHTS, cmsg_data=[15<\x73\x6f\x63\x6b\x65\x74\x3a\x5b\x32\x37\x39\x39\x37\x38\x5d>]}], msg_controllen=24, msg_flags=0}, 0) = 32 <0.000038>
1739968096.245334 sendmsg(9<\x73\x6f\x63\x6b\x65\x74\x3a\x5b\x32\x37\x39\x30\x32\x34\x5d>, {msg_name=NULL, msg_namelen=0, msg_iov=[{iov_base="\x01\x00\x00\x00\x00\x00\x00\x00\x3d\xa2\x00\x00\x00\x00\x00\x00\x04\x00\x00\x00\x00\x00\x00\x00\x0f\x00\x00\x00\x00\x00\x00\x00", iov_len=32}], msg_iovlen=1, msg_control=[{cmsg_len=20, cmsg_level=SOL_SOCKET, cmsg_type=SCM_RIGHTS, cmsg_data=[15<\x73\x6f\x63\x6b\x65\x74\x3a\x5b\x32\x37\x39\x39\x37\x38\x5d>]}], msg_controllen=24, msg_flags=0}, 0) = 32 <0.000030>
1739968096.245400 sendmsg(11<\x73\x6f\x63\x6b\x65\x74\x3a\x5b\x32\x37\x39\x39\x37\x34\x5d>, {msg_name=NULL, msg_namelen=0, msg_iov=[{iov_base="\x01\x00\x00\x00\x00\x00\x00\x00\x3d\xa2\x00\x00\x00\x00\x00\x00\x04\x00\x00\x00\x00\x00\x00\x00\x0f\x00\x00\x00\x00\x00\x00\x00", iov_len=32}], msg_iovlen=1, msg_control=[{cmsg_len=20, cmsg_level=SOL_SOCKET, cmsg_type=SCM_RIGHTS, cmsg_data=[15<\x73\x6f\x63\x6b\x65\x74\x3a\x5b\x32\x37\x39\x39\x37\x38\x5d>]}], msg_controllen=24, msg_flags=0}, 0) = 32 <0.000031>
1739968096.245469 sendmsg(13<\x73\x6f\x63\x6b\x65\x74\x3a\x5b\x32\x37\x39\x39\x37\x36\x5d>, {msg_name=NULL, msg_namelen=0, msg_iov=[{iov_base="\x01\x00\x00\x00\x00\x00\x00\x00\x3d\xa2\x00\x00\x00\x00\x00\x00\x04\x00\x00\x00\x00\x00\x00\x00\x0f\x00\x00\x00\x00\x00\x00\x00", iov_len=32}], msg_iovlen=1, msg_control=[{cmsg_len=20, cmsg_level=SOL_SOCKET, cmsg_type=SCM_RIGHTS, cmsg_data=[15<\x73\x6f\x63\x6b\x65\x74\x3a\x5b\x32\x37\x39\x39\x37\x38\x5d>]}], msg_controllen=24, msg_flags=0}, 0) = 32 <0.000023>
1739968096.246255 sendmsg(7<\x73\x6f\x63\x6b\x65\x74\x3a\x5b\x32\x37\x39\x30\x32\x32\x5d>, {msg_name=NULL, msg_namelen=0, msg_iov=[{iov_base="\x01\x00\x00\x00\x00\x00\x00\x00\x3e\xa2\x00\x00\x00\x00\x00\x00\x05\x00\x00\x00\x00\x00\x00\x00\x11\x00\x00\x00\x00\x00\x00\x00", iov_len=32}], msg_iovlen=1, msg_control=[{cmsg_len=20, cmsg_level=SOL_SOCKET, cmsg_type=SCM_RIGHTS, cmsg_data=[17<\x73\x6f\x63\x6b\x65\x74\x3a\x5b\x32\x37\x39\x39\x38\x30\x5d>]}], msg_controllen=24, msg_flags=0}, 0) = 32 <0.000057>
1739968096.246367 sendmsg(9<\x73\x6f\x63\x6b\x65\x74\x3a\x5b\x32\x37\x39\x30\x32\x34\x5d>, {msg_name=NULL, msg_namelen=0, msg_iov=[{iov_base="\x01\x00\x00\x00\x00\x00\x00\x00\x3e\xa2\x00\x00\x00\x00\x00\x00\x05\x00\x00\x00\x00\x00\x00\x00\x11\x00\x00\x00\x00\x00\x00\x00", iov_len=32}], msg_iovlen=1, msg_control=[{cmsg_len=20, cmsg_level=SOL_SOCKET, cmsg_type=SCM_RIGHTS, cmsg_data=[17<\x73\x6f\x63\x6b\x65\x74\x3a\x5b\x32\x37\x39\x39\x38\x30\x5d>]}], msg_controllen=24, msg_flags=0}, 0) = 32 <0.000053>
1739968096.246480 sendmsg(11<\x73\x6f\x63\x6b\x65\x74\x3a\x5b\x32\x37\x39\x39\x37\x34\x5d>, {msg_name=NULL, msg_namelen=0, msg_iov=[{iov_base="\x01\x00\x00\x00\x00\x00\x00\x00\x3e\xa2\x00\x00\x00\x00\x00\x00\x05\x00\x00\x00\x00\x00\x00\x00\x11\x00\x00\x00\x00\x00\x00\x00", iov_len=32}], msg_iovlen=1, msg_control=[{cmsg_len=20, cmsg_level=SOL_SOCKET, cmsg_type=SCM_RIGHTS, cmsg_data=[17<\x73\x6f\x63\x6b\x65\x74\x3a\x5b\x32\x37\x39\x39\x38\x30\x5d>]}], msg_controllen=24, msg_flags=0}, 0) = 32 <0.000045>
1739968096.246561 sendmsg(13<\x73\x6f\x63\x6b\x65\x74\x3a\x5b\x32\x37\x39\x39\x37\x36\x5d>, {msg_name=NULL, msg_namelen=0, msg_iov=[{iov_base="\x01\x00\x00\x00\x00\x00\x00\x00\x3e\xa2\x00\x00\x00\x00\x00\x00\x05\x00\x00\x00\x00\x00\x00\x00\x11\x00\x00\x00\x00\x00\x00\x00", iov_len=32}], msg_iovlen=1, msg_control=[{cmsg_len=20, cmsg_level=SOL_SOCKET, cmsg_type=SCM_RIGHTS, cmsg_data=[17<\x73\x6f\x63\x6b\x65\x74\x3a\x5b\x32\x37\x39\x39\x38\x30\x5d>]}], msg_controllen=24, msg_flags=0}, 0) = 32 <0.000044>
1739968096.246645 sendmsg(15<\x73\x6f\x63\x6b\x65\x74\x3a\x5b\x32\x37\x39\x39\x37\x38\x5d>, {msg_name=NULL, msg_namelen=0, msg_iov=[{iov_base="\x01\x00\x00\x00\x00\x00\x00\x00\x3e\xa2\x00\x00\x00\x00\x00\x00\x05\x00\x00\x00\x00\x00\x00\x00\x11\x00\x00\x00\x00\x00\x00\x00", iov_len=32}], msg_iovlen=1, msg_control=[{cmsg_len=20, cmsg_level=SOL_SOCKET, cmsg_type=SCM_RIGHTS, cmsg_data=[17<\x73\x6f\x63\x6b\x65\x74\x3a\x5b\x32\x37\x39\x39\x38\x30\x5d>]}], msg_controllen=24, msg_flags=0}, 0) = 32 <0.000025>
1739968096.247647 sendmsg(7<\x73\x6f\x63\x6b\x65\x74\x3a\x5b\x32\x37\x39\x30\x32\x32\x5d>, {msg_name=NULL, msg_namelen=0, msg_iov=[{iov_base="\x01\x00\x00\x00\x00\x00\x00\x00\x3f\xa2\x00\x00\x00\x00\x00\x00\x06\x00\x00\x00\x00\x00\x00\x00\x13\x00\x00\x00\x00\x00\x00\x00", iov_len=32}], msg_iovlen=1, msg_control=[{cmsg_len=20, cmsg_level=SOL_SOCKET, cmsg_type=SCM_RIGHTS, cmsg_data=[19<\x73\x6f\x63\x6b\x65\x74\x3a\x5b\x32\x38\x31\x38\x31\x30\x5d>]}], msg_controllen=24, msg_flags=0}, 0) = 32 <0.000062>
1739968096.247777 sendmsg(9<\x73\x6f\x63\x6b\x65\x74\x3a\x5b\x32\x37\x39\x30\x32\x34\x5d>, {msg_name=NULL, msg_namelen=0, msg_iov=[{iov_base="\x01\x00\x00\x00\x00\x00\x00\x00\x3f\xa2\x00\x00\x00\x00\x00\x00\x06\x00\x00\x00\x00\x00\x00\x00\x13\x00\x00\x00\x00\x00\x00\x00", iov_len=32}], msg_iovlen=1, msg_control=[{cmsg_len=20, cmsg_level=SOL_SOCKET, cmsg_type=SCM_RIGHTS, cmsg_data=[19<\x73\x6f\x63\x6b\x65\x74\x3a\x5b\x32\x38\x31\x38\x31\x30\x5d>]}], msg_controllen=24, msg_flags=0}, 0) = 32 <0.000074>
1739968096.247920 sendmsg(11<\x73\x6f\x63\x6b\x65\x74\x3a\x5b\x32\x37\x39\x39\x37\x34\x5d>, {msg_name=NULL, msg_namelen=0, msg_iov=[{iov_base="\x01\x00\x00\x00\x00\x00\x00\x00\x3f\xa2\x00\x00\x00\x00\x00\x00\x06\x00\x00\x00\x00\x00\x00\x00\x13\x00\x00\x00\x00\x00\x00\x00", iov_len=32}], msg_iovlen=1, msg_control=[{cmsg_len=20, cmsg_level=SOL_SOCKET, cmsg_type=SCM_RIGHTS, cmsg_data=[19<\x73\x6f\x63\x6b\x65\x74\x3a\x5b\x32\x38\x31\x38\x31\x30\x5d>]}], msg_controllen=24, msg_flags=0}, 0) = 32 <0.000031>
1739968096.248020 sendmsg(13<\x73\x6f\x63\x6b\x65\x74\x3a\x5b\x32\x37\x39\x39\x37\x36\x5d>, {msg_name=NULL, msg_namelen=0, msg_iov=[{iov_base="\x01\x00\x00\x00\x00\x00\x00\x00\x3f\xa2\x00\x00\x00\x00\x00\x00\x06\x00\x00\x00\x00\x00\x00\x00\x13\x00\x00\x00\x00\x00\x00\x00", iov_len=32}], msg_iovlen=1, msg_control=[{cmsg_len=20, cmsg_level=SOL_SOCKET, cmsg_type=SCM_RIGHTS, cmsg_data=[19<\x73\x6f\x63\x6b\x65\x74\x3a\x5b\x32\x38\x31\x38\x31\x30\x5d>]}], msg_controllen=24, msg_flags=0}, 0) = 32 <0.000044>
1739968096.248143 sendmsg(15<\x73\x6f\x63\x6b\x65\x74\x3a\x5b\x32\x37\x39\x39\x37\x38\x5d>, {msg_name=NULL, msg_namelen=0, msg_iov=[{iov_base="\x01\x00\x00\x00\x00\x00\x00\x00\x3f\xa2\x00\x00\x00\x00\x00\x00\x06\x00\x00\x00\x00\x00\x00\x00\x13\x00\x00\x00\x00\x00\x00\x00", iov_len=32}], msg_iovlen=1, msg_control=[{cmsg_len=20, cmsg_level=SOL_SOCKET, cmsg_type=SCM_RIGHTS, cmsg_data=[19<\x73\x6f\x63\x6b\x65\x74\x3a\x5b\x32\x38\x31\x38\x31\x30\x5d>]}], msg_controllen=24, msg_flags=0}, 0) = 32 <0.000029>
1739968096.248224 sendmsg(17<\x73\x6f\x63\x6b\x65\x74\x3a\x5b\x32\x37\x39\x39\x38\x30\x5d>, {msg_name=NULL, msg_namelen=0, msg_iov=[{iov_base="\x01\x00\x00\x00\x00\x00\x00\x00\x3f\xa2\x00\x00\x00\x00\x00\x00\x06\x00\x00\x00\x00\x00\x00\x00\x13\x00\x00\x00\x00\x00\x00\x00", iov_len=32}], msg_iovlen=1, msg_control=[{cmsg_len=20, cmsg_level=SOL_SOCKET, cmsg_type=SCM_RIGHTS, cmsg_data=[19<\x73\x6f\x63\x6b\x65\x74\x3a\x5b\x32\x38\x31\x38\x31\x30\x5d>]}], msg_controllen=24, msg_flags=0}, 0) = 32 <0.000066>
1739968096.249215 sendmsg(7<\x73\x6f\x63\x6b\x65\x74\x3a\x5b\x32\x37\x39\x30\x32\x32\x5d>, {msg_name=NULL, msg_namelen=0, msg_iov=[{iov_base="\x01\x00\x00\x00\x00\x00\x00\x00\x40\xa2\x00\x00\x00\x00\x00\x00\x07\x00\x00\x00\x00\x00\x00\x00\x15\x00\x00\x00\x00\x00\x00\x00", iov_len=32}], msg_iovlen=1, msg_control=[{cmsg_len=20, cmsg_level=SOL_SOCKET, cmsg_type=SCM_RIGHTS, cmsg_data=[21<\x73\x6f\x63\x6b\x65\x74\x3a\x5b\x32\x38\x31\x38\x31\x33\x5d>]}], msg_controllen=24, msg_flags=0}, 0) = 32 <0.000076>
1739968096.249343 sendmsg(9<\x73\x6f\x63\x6b\x65\x74\x3a\x5b\x32\x37\x39\x30\x32\x34\x5d>, {msg_name=NULL, msg_namelen=0, msg_iov=[{iov_base="\x01\x00\x00\x00\x00\x00\x00\x00\x40\xa2\x00\x00\x00\x00\x00\x00\x07\x00\x00\x00\x00\x00\x00\x00\x15\x00\x00\x00\x00\x00\x00\x00", iov_len=32}], msg_iovlen=1, msg_control=[{cmsg_len=20, cmsg_level=SOL_SOCKET, cmsg_type=SCM_RIGHTS, cmsg_data=[21<\x73\x6f\x63\x6b\x65\x74\x3a\x5b\x32\x38\x31\x38\x31\x33\x5d>]}], msg_controllen=24, msg_flags=0}, 0) = 32 <0.000079>
1739968096.249480 sendmsg(11<\x73\x6f\x63\x6b\x65\x74\x3a\x5b\x32\x37\x39\x39\x37\x34\x5d>, {msg_name=NULL, msg_namelen=0, msg_iov=[{iov_base="\x01\x00\x00\x00\x00\x00\x00\x00\x40\xa2\x00\x00\x00\x00\x00\x00\x07\x00\x00\x00\x00\x00\x00\x00\x15\x00\x00\x00\x00\x00\x00\x00", iov_len=32}], msg_iovlen=1, msg_control=[{cmsg_len=20, cmsg_level=SOL_SOCKET, cmsg_type=SCM_RIGHTS, cmsg_data=[21<\x73\x6f\x63\x6b\x65\x74\x3a\x5b\x32\x38\x31\x38\x31\x33\x5d>]}], msg_controllen=24, msg_flags=0}, 0) = 32 <0.000075>
1739968096.249610 sendmsg(13<\x73\x6f\x63\x6b\x65\x74\x3a\x5b\x32\x37\x39\x39\x37\x36\x5d>, {msg_name=NULL, msg_namelen=0, msg_iov=[{iov_base="\x01\x00\x00\x00\x00\x00\x00\x00\x40\xa2\x00\x00\x00\x00\x00\x00\x07\x00\x00\x00\x00\x00\x00\x00\x15\x00\x00\x00\x00\x00\x00\x00", iov_len=32}], msg_iovlen=1, msg_control=[{cmsg_len=20, cmsg_level=SOL_SOCKET, cmsg_type=SCM_RIGHTS, cmsg_data=[21<\x73\x6f\x63\x6b\x65\x74\x3a\x5b\x32\x38\x31\x38\x31\x33\x5d>]}], msg_controllen=24, msg_flags=0}, 0) = 32 <0.000033>
1739968096.249696 sendmsg(15<\x73\x6f\x63\x6b\x65\x74\x3a\x5b\x32\x37\x39\x39\x37\x38\x5d>, {msg_name=NULL, msg_namelen=0, msg_iov=[{iov_base="\x01\x00\x00\x00\x00\x00\x00\x00\x40\xa2\x00\x00\x00\x00\x00\x00\x07\x00\x00\x00\x00\x00\x00\x00\x15\x00\x00\x00\x00\x00\x00\x00", iov_len=32}], msg_iovlen=1, msg_control=[{cmsg_len=20, cmsg_level=SOL_SOCKET, cmsg_type=SCM_RIGHTS, cmsg_data=[21<\x73\x6f\x63\x6b\x65\x74\x3a\x5b\x32\x38\x31\x38\x31\x33\x5d>]}], msg_controllen=24, msg_flags=0}, 0) = 32 <0.000077>
1739968096.249860 sendmsg(17<\x73\x6f\x63\x6b\x65\x74\x3a\x5b\x32\x37\x39\x39\x38\x30\x5d>, {msg_name=NULL, msg_namelen=0, msg_iov=[{iov_base="\x01\x00\x00\x00\x00\x00\x00\x00\x40\xa2\x00\x00\x00\x00\x00\x00\x07\x00\x00\x00\x00\x00\x00\x00\x15\x00\x00\x00\x00\x00\x00\x00", iov_len=32}], msg_iovlen=1, msg_control=[{cmsg_len=20, cmsg_level=SOL_SOCKET, cmsg_type=SCM_RIGHTS, cmsg_data=[21<\x73\x6f\x63\x6b\x65\x74\x3a\x5b\x32\x38\x31\x38\x31\x33\x5d>]}], msg_controllen=24, msg_flags=0}, 0) = 32 <0.000075>
1739968096.250016 sendmsg(19<\x73\x6f\x63\x6b\x65\x74\x3a\x5b\x32\x38\x31\x38\x31\x30\x5d>, {msg_name=NULL, msg_namelen=0, msg_iov=[{iov_base="\x01\x00\x00\x00\x00\x00\x00\x00\x40\xa2\x00\x00\x00\x00\x00\x00\x07\x00\x00\x00\x00\x00\x00\x00\x15\x00\x00\x00\x00\x00\x00\x00", iov_len=32}], msg_iovlen=1, msg_control=[{cmsg_len=20, cmsg_level=SOL_SOCKET, cmsg_type=SCM_RIGHTS, cmsg_data=[21<\x73\x6f\x63\x6b\x65\x74\x3a\x5b\x32\x38\x31\x38\x31\x33\x5d>]}], msg_controllen=24, msg_flags=0}, 0) = 32 <0.000072>
