1739968096.260442 setgroups(1, [33])    = 0 <0.000022>
1739968096.256524 setgroups(1, [33])    = 0 <0.000035>
1739968096.258760 setgroups(1, [33])    = 0 <0.000062>
1739968096.256909 setgroups(1, [33])    = 0 <0.000037>
1739968096.261020 setgroups(1, [33])    = 0 <0.000010>
1739968096.255752 setgroups(1, [33])    = 0 <0.000030>
1739968096.258165 setgroups(1, [33])    = 0 <0.000032>
1739968096.259637 setgroups(1, [33])    = 0 <0.000019>
