1739968096.251912 socket(AF_UNIX, SOCK_STREAM|SOCK_CLOEXEC|SOCK_NONBLOCK, 0) = 22<\x73\x6f\x63\x6b\x65\x74\x3a\x5b\x32\x37\x39\x30\x32\x37\x5d> <0.000031>
1739968096.260173 socket(AF_UNIX, SOCK_STREAM, 0) = 21<\x73\x6f\x63\x6b\x65\x74\x3a\x5b\x32\x38\x33\x34\x37\x37\x5d> <0.000017>
1739968096.260676 socketpair(AF_UNIX, SOCK_STREAM, 0, [23<\x73\x6f\x63\x6b\x65\x74\x3a\x5b\x32\x38\x33\x34\x37\x38\x5d>, 24<\x73\x6f\x63\x6b\x65\x74\x3a\x5b\x32\x38\x33\x34\x37\x39\x5d>]) = 0 <0.000016>
1739968096.240007 socket(AF_UNIX, SOCK_STREAM|SOCK_CLOEXEC|SOCK_NONBLOCK, 0) = 4<\x73\x6f\x63\x6b\x65\x74\x3a\x5b\x32\x37\x39\x39\x36\x38\x5d> <0.000014>
1739968096.240096 socket(AF_UNIX, SOCK_STREAM|SOCK_CLOEXEC|SOCK_NONBLOCK, 0) = 4<\x73\x6f\x63\x6b\x65\x74\x3a\x5b\x32\x37\x39\x39\x36\x39\x5d> <0.000007>
1739968096.240467 socket(AF_UNIX, SOCK_STREAM|SOCK_CLOEXEC|SOCK_NONBLOCK, 0) = 4<\x73\x6f\x63\x6b\x65\x74\x3a\x5b\x32\x37\x39\x39\x37\x30\x5d> <0.000007>
1739968096.240533 socket(AF_UNIX, SOCK_STREAM|SOCK_CLOEXEC|SOCK_NONBLOCK, 0) = 4<\x73\x6f\x63\x6b\x65\x74\x3a\x5b\x32\x37\x39\x39\x37\x31\x5d> <0.000007>
1739968096.241955 socket(AF_INET, SOCK_STREAM, IPPROTO_IP) = 5<\x73\x6f\x63\x6b\x65\x74\x3a\x5b\x32\x37\x39\x39\x37\x32\x5d> <0.000010>
1739968096.242075 socket(AF_INET6, SOCK_STREAM, IPPROTO_IP) = 6<\x73\x6f\x63\x6b\x65\x74\x3a\x5b\x32\x37\x39\x39\x37\x33\x5d> <0.000008>
1739968096.242958 socketpair(AF_UNIX, SOCK_STREAM, 0, [7<\x73\x6f\x63\x6b\x65\x74\x3a\x5b\x32\x37\x39\x30\x32\x32\x5d>, 8<\x73\x6f\x63\x6b\x65\x74\x3a\x5b\x32\x37\x39\x30\x32\x33\x5d>]) = 0 <0.000011>
1739968096.243196 socketpair(AF_UNIX, SOCK_STREAM, 0, [9<\x73\x6f\x63\x6b\x65\x74\x3a\x5b\x32\x37\x39\x30\x32\x34\x5d>, 10<\x73\x6f\x63\x6b\x65\x74\x3a\x5b\x32\x37\x39\x30\x32\x35\x5d>]) = 0 <0.000025>
1739968096.243512 socketpair(AF_UNIX, SOCK_STREAM, 0, [11<\x73\x6f\x63\x6b\x65\x74\x3a\x5b\x32\x37\x39\x39\x37\x34\x5d>, 12<\x73\x6f\x63\x6b\x65\x74\x3a\x5b\x32\x37\x39\x39\x37\x35\x5d>]) = 0 <0.000016>
1739968096.243993 socketpair(AF_UNIX, SOCK_STREAM, 0, [13<\x73\x6f\x63\x6b\x65\x74\x3a\x5b\x32\x37\x39\x39\x37\x36\x5d>, 14<\x73\x6f\x63\x6b\x65\x74\x3a\x5b\x32\x37\x39\x39\x37\x37\x5d>]) = 0 <0.000029>
1739968096.244722 socketpair(AF_UNIX, SOCK_STREAM, 0, [15<\x73\x6f\x63\x6b\x65\x74\x3a\x5b\x32\x37\x39\x39\x37\x38\x5d>, 16<\x73\x6f\x63\x6b\x65\x74\x3a\x5b\x32\x37\x39\x39\x37\x39\x5d>]) = 0 <0.000018>
1739968096.245525 socketpair(AF_UNIX, SOCK_STREAM, 0, [17<\x73\x6f\x63\x6b\x65\x74\x3a\x5b\x32\x37\x39\x39\x38\x30\x5d>, 18<\x73\x6f\x63\x6b\x65\x74\x3a\x5b\x32\x37\x39\x39\x38\x31\x5d>]) = 0 <0.000038>
1739968096.246730 socketpair(AF_UNIX, SOCK_STREAM, 0, [19<\x73\x6f\x63\x6b\x65\x74\x3a\x5b\x32\x38\x31\x38\x31\x30\x5d>, 20<\x73\x6f\x63\x6b\x65\x74\x3a\x5b\x32\x38\x31\x38\x31\x31\x5d>]) = 0 <0.000046>
1739968096.248330 socketpair(AF_UNIX, SOCK_STREAM, 0, [21<\x73\x6f\x63\x6b\x65\x74\x3a\x5b\x32\x38\x31\x38\x31\x33\x5d>, 22<\x73\x6f\x63\x6b\x65\x74\x3a\x5b\x32\x38\x31\x38\x31\x34\x5d>]) = 0 <0.000060>
1739968096.245785 socket(AF_UNIX, SOCK_STREAM|SOCK_CLOEXEC|SOCK_NONBLOCK, 0) = 12<\x73\x6f\x63\x6b\x65\x74\x3a\x5b\x32\x38\x33\x39\x39\x31\x5d> <0.000021>
1739968096.255918 socket(AF_UNIX, SOCK_STREAM, 0) = 11<\x73\x6f\x63\x6b\x65\x74\x3a\x5b\x32\x38\x33\x39\x39\x32\x5d> <0.000058>
1739968096.257197 socketpair(AF_UNIX, SOCK_STREAM, 0, [13<\x73\x6f\x63\x6b\x65\x74\x3a\x5b\x32\x38\x33\x39\x39\x33\x5d>, 14<\x73\x6f\x63\x6b\x65\x74\x3a\x5b\x32\x38\x33\x39\x39\x34\x5d>]) = 0 <0.000069>
1739968096.245912 socket(AF_UNIX, SOCK_STREAM|SOCK_CLOEXEC|SOCK_NONBLOCK, 0) = 10<\x73\x6f\x63\x6b\x65\x74\x3a\x5b\x32\x38\x31\x38\x30\x38\x5d> <0.000036>
1739968096.258110 socket(AF_UNIX, SOCK_STREAM, 0) = 9<\x73\x6f\x63\x6b\x65\x74\x3a\x5b\x32\x38\x33\x34\x37\x34\x5d> <0.000065>
1739968096.259428 socketpair(AF_UNIX, SOCK_STREAM, 0, [11<\x73\x6f\x63\x6b\x65\x74\x3a\x5b\x32\x38\x33\x34\x37\x35\x5d>, 12<\x73\x6f\x63\x6b\x65\x74\x3a\x5b\x32\x38\x33\x34\x37\x36\x5d>]) = 0 <0.000043>
1739968096.247113 socket(AF_UNIX, SOCK_STREAM|SOCK_CLOEXEC|SOCK_NONBLOCK, 0) = 16<\x73\x6f\x63\x6b\x65\x74\x3a\x5b\x32\x37\x39\x30\x32\x36\x5d> <0.000028>
1739968096.256403 socket(AF_UNIX, SOCK_STREAM, 0) = 15<\x73\x6f\x63\x6b\x65\x74\x3a\x5b\x32\x37\x39\x30\x32\x39\x5d> <0.000032>
1739968096.257429 socketpair(AF_UNIX, SOCK_STREAM, 0, [17<\x73\x6f\x63\x6b\x65\x74\x3a\x5b\x32\x37\x39\x30\x33\x30\x5d>, 18<\x73\x6f\x63\x6b\x65\x74\x3a\x5b\x32\x37\x39\x30\x33\x31\x5d>]) = 0 <0.000032>
1739968096.253379 socket(AF_UNIX, SOCK_STREAM|SOCK_CLOEXEC|SOCK_NONBLOCK, 0) = 24<\x73\x6f\x63\x6b\x65\x74\x3a\x5b\x32\x37\x39\x30\x32\x38\x5d> <0.000035>
1739968096.260844 socket(AF_UNIX, SOCK_STREAM, 0) = 23<\x73\x6f\x63\x6b\x65\x74\x3a\x5b\x32\x38\x31\x38\x31\x37\x5d> <0.000008>
1739968096.261217 socketpair(AF_UNIX, SOCK_STREAM, 0, [25<\x73\x6f\x63\x6b\x65\x74\x3a\x5b\x32\x38\x31\x38\x31\x38\x5d>, 26<\x73\x6f\x63\x6b\x65\x74\x3a\x5b\x32\x38\x31\x38\x31\x39\x5d>]) = 0 <0.000008>
1739968096.246010 socket(AF_UNIX, SOCK_STREAM|SOCK_CLOEXEC|SOCK_NONBLOCK, 0) = 14<\x73\x6f\x63\x6b\x65\x74\x3a\x5b\x32\x38\x31\x38\x30\x39\x5d> <0.000016>
1739968096.255210 socket(AF_UNIX, SOCK_STREAM, 0) = 13<\x73\x6f\x63\x6b\x65\x74\x3a\x5b\x32\x37\x39\x39\x38\x33\x5d> <0.000031>
1739968096.256281 socketpair(AF_UNIX, SOCK_STREAM, 0, [15<\x73\x6f\x63\x6b\x65\x74\x3a\x5b\x32\x37\x39\x39\x38\x34\x5d>, 16<\x73\x6f\x63\x6b\x65\x74\x3a\x5b\x32\x37\x39\x39\x38\x35\x5d>]) = 0 <0.000040>
1739968096.248318 socket(AF_UNIX, SOCK_STREAM|SOCK_CLOEXEC|SOCK_NONBLOCK, 0) = 18<\x73\x6f\x63\x6b\x65\x74\x3a\x5b\x32\x38\x31\x30\x37\x37\x5d> <0.000024>
1739968096.257691 socket(AF_UNIX, SOCK_STREAM, 0) = 17<\x73\x6f\x63\x6b\x65\x74\x3a\x5b\x32\x38\x33\x39\x39\x35\x5d> <0.000039>
1739968096.258683 socketpair(AF_UNIX, SOCK_STREAM, 0, [19<\x73\x6f\x63\x6b\x65\x74\x3a\x5b\x32\x38\x33\x39\x39\x36\x5d>, 20<\x73\x6f\x63\x6b\x65\x74\x3a\x5b\x32\x38\x33\x39\x39\x37\x5d>]) = 0 <0.000019>
1739968096.250261 socket(AF_UNIX, SOCK_STREAM|SOCK_CLOEXEC|SOCK_NONBLOCK, 0) = 20<\x73\x6f\x63\x6b\x65\x74\x3a\x5b\x32\x37\x39\x39\x38\x32\x5d> <0.000043>
1739968096.259269 socket(AF_UNIX, SOCK_STREAM, 0) = 19<\x73\x6f\x63\x6b\x65\x74\x3a\x5b\x32\x38\x31\x38\x31\x36\x5d> <0.000033>
1739968096.259929 socketpair(AF_UNIX, SOCK_STREAM, 0, [21<\x73\x6f\x63\x6b\x65\x74\x3a\x5b\x32\x37\x39\x39\x38\x36\x5d>, 22<\x73\x6f\x63\x6b\x65\x74\x3a\x5b\x32\x37\x39\x39\x38\x37\x5d>]) = 0 <0.000024>
