1739968096.252924 statx(21<\x2f>, "\x2e", AT_STATX_SYNC_AS_STAT, STATX_TYPE|STATX_INO|STATX_MNT_ID, {stx_mask=STATX_BASIC_STATS|STATX_MNT_ID, stx_attributes=STATX_ATTR_MOUNT_ROOT, stx_mode=S_IFDIR|0755, stx_size=4096, ...}) = 0 <0.000034>
1739968096.252993 statx(21<\x2f>, "\x2e\x2e", AT_STATX_SYNC_AS_STAT, STATX_TYPE|STATX_INO|STATX_MNT_ID, {stx_mask=STATX_BASIC_STATS|STATX_MNT_ID, stx_attributes=STATX_ATTR_MOUNT_ROOT, stx_mode=S_IFDIR|0755, stx_size=4096, ...}) = 0 <0.000029>
1739968096.253835 statx(21<\x2f>, "\x2e", AT_STATX_SYNC_AS_STAT, STATX_TYPE|STATX_INO|STATX_MNT_ID, {stx_mask=STATX_BASIC_STATS|STATX_MNT_ID, stx_attributes=STATX_ATTR_MOUNT_ROOT, stx_mode=S_IFDIR|0755, stx_size=4096, ...}) = 0 <0.000031>
1739968096.253907 statx(21<\x2f>, "\x2e\x2e", AT_STATX_SYNC_AS_STAT, STATX_TYPE|STATX_INO|STATX_MNT_ID, {stx_mask=STATX_BASIC_STATS|STATX_MNT_ID, stx_attributes=STATX_ATTR_MOUNT_ROOT, stx_mode=S_IFDIR|0755, stx_size=4096, ...}) = 0 <0.000034>
1739968096.254712 statx(21<\x2f>, "\x2e", AT_STATX_SYNC_AS_STAT, STATX_TYPE|STATX_INO|STATX_MNT_ID, {stx_mask=STATX_BASIC_STATS|STATX_MNT_ID, stx_attributes=STATX_ATTR_MOUNT_ROOT, stx_mode=S_IFDIR|0755, stx_size=4096, ...}) = 0 <0.000026>
1739968096.254786 statx(21<\x2f>, "\x2e\x2e", AT_STATX_SYNC_AS_STAT, STATX_TYPE|STATX_INO|STATX_MNT_ID, {stx_mask=STATX_BASIC_STATS|STATX_MNT_ID, stx_attributes=STATX_ATTR_MOUNT_ROOT, stx_mode=S_IFDIR|0755, stx_size=4096, ...}) = 0 <0.000028>
1739968096.255595 statx(21<\x2f>, "\x2e", AT_STATX_SYNC_AS_STAT, STATX_TYPE|STATX_INO|STATX_MNT_ID, {stx_mask=STATX_BASIC_STATS|STATX_MNT_ID, stx_attributes=STATX_ATTR_MOUNT_ROOT, stx_mode=S_IFDIR|0755, stx_size=4096, ...}) = 0 <0.000035>
1739968096.255668 statx(21<\x2f>, "\x2e\x2e", AT_STATX_SYNC_AS_STAT, STATX_TYPE|STATX_INO|STATX_MNT_ID, {stx_mask=STATX_BASIC_STATS|STATX_MNT_ID, stx_attributes=STATX_ATTR_MOUNT_ROOT, stx_mode=S_IFDIR|0755, stx_size=4096, ...}) = 0 <0.000038>
1739968096.256933 statx(21<\x2f>, "\x2e", AT_STATX_SYNC_AS_STAT, STATX_TYPE|STATX_INO|STATX_MNT_ID, {stx_mask=STATX_BASIC_STATS|STATX_MNT_ID, stx_attributes=STATX_ATTR_MOUNT_ROOT, stx_mode=S_IFDIR|0755, stx_size=4096, ...}) = 0 <0.000030>
1739968096.257001 statx(21<\x2f>, "\x2e\x2e", AT_STATX_SYNC_AS_STAT, STATX_TYPE|STATX_INO|STATX_MNT_ID, {stx_mask=STATX_BASIC_STATS|STATX_MNT_ID, stx_attributes=STATX_ATTR_MOUNT_ROOT, stx_mode=S_IFDIR|0755, stx_size=4096, ...}) = 0 <0.000031>
1739968096.246588 statx(11<\x2f>, "\x2e", AT_STATX_SYNC_AS_STAT, STATX_TYPE|STATX_INO|STATX_MNT_ID, {stx_mask=STATX_BASIC_STATS|STATX_MNT_ID, stx_attributes=STATX_ATTR_MOUNT_ROOT, stx_mode=S_IFDIR|0755, stx_size=4096, ...}) = 0 <0.000021>
1739968096.246655 statx(11<\x2f>, "\x2e\x2e", AT_STATX_SYNC_AS_STAT, STATX_TYPE|STATX_INO|STATX_MNT_ID, {stx_mask=STATX_BASIC_STATS|STATX_MNT_ID, stx_attributes=STATX_ATTR_MOUNT_ROOT, stx_mode=S_IFDIR|0755, stx_size=4096, ...}) = 0 <0.000040>
1739968096.247378 statx(11<\x2f>, "\x2e", AT_STATX_SYNC_AS_STAT, STATX_TYPE|STATX_INO|STATX_MNT_ID, {stx_mask=STATX_BASIC_STATS|STATX_MNT_ID, stx_attributes=STATX_ATTR_MOUNT_ROOT, stx_mode=S_IFDIR|0755, stx_size=4096, ...}) = 0 <0.000020>
1739968096.247454 statx(11<\x2f>, "\x2e\x2e", AT_STATX_SYNC_AS_STAT, STATX_TYPE|STATX_INO|STATX_MNT_ID, {stx_mask=STATX_BASIC_STATS|STATX_MNT_ID, stx_attributes=STATX_ATTR_MOUNT_ROOT, stx_mode=S_IFDIR|0755, stx_size=4096, ...}) = 0 <0.000041>
1739968096.248477 statx(11<\x2f>, "\x2e", AT_STATX_SYNC_AS_STAT, STATX_TYPE|STATX_INO|STATX_MNT_ID, {stx_mask=STATX_BASIC_STATS|STATX_MNT_ID, stx_attributes=STATX_ATTR_MOUNT_ROOT, stx_mode=S_IFDIR|0755, stx_size=4096, ...}) = 0 <0.000028>
1739968096.248552 statx(11<\x2f>, "\x2e\x2e", AT_STATX_SYNC_AS_STAT, STATX_TYPE|STATX_INO|STATX_MNT_ID, {stx_mask=STATX_BASIC_STATS|STATX_MNT_ID, stx_attributes=STATX_ATTR_MOUNT_ROOT, stx_mode=S_IFDIR|0755, stx_size=4096, ...}) = 0 <0.000025>
1739968096.249465 statx(11<\x2f>, "\x2e", AT_STATX_SYNC_AS_STAT, STATX_TYPE|STATX_INO|STATX_MNT_ID, {stx_mask=STATX_BASIC_STATS|STATX_MNT_ID, stx_attributes=STATX_ATTR_MOUNT_ROOT, stx_mode=S_IFDIR|0755, stx_size=4096, ...}) = 0 <0.000047>
1739968096.249557 statx(11<\x2f>, "\x2e\x2e", AT_STATX_SYNC_AS_STAT, STATX_TYPE|STATX_INO|STATX_MNT_ID, {stx_mask=STATX_BASIC_STATS|STATX_MNT_ID, stx_attributes=STATX_ATTR_MOUNT_ROOT, stx_mode=S_IFDIR|0755, stx_size=4096, ...}) = 0 <0.000039>
1739968096.250996 statx(11<\x2f>, "\x2e", AT_STATX_SYNC_AS_STAT, STATX_TYPE|STATX_INO|STATX_MNT_ID, {stx_mask=STATX_BASIC_STATS|STATX_MNT_ID, stx_attributes=STATX_ATTR_MOUNT_ROOT, stx_mode=S_IFDIR|0755, stx_size=4096, ...}) = 0 <0.000031>
1739968096.251092 statx(11<\x2f>, "\x2e\x2e", AT_STATX_SYNC_AS_STAT, STATX_TYPE|STATX_INO|STATX_MNT_ID, {stx_mask=STATX_BASIC_STATS|STATX_MNT_ID, stx_attributes=STATX_ATTR_MOUNT_ROOT, stx_mode=S_IFDIR|0755, stx_size=4096, ...}) = 0 <0.000029>
1739968096.247094 statx(9<\x2f>, "\x2e", AT_STATX_SYNC_AS_STAT, STATX_TYPE|STATX_INO|STATX_MNT_ID, {stx_mask=STATX_BASIC_STATS|STATX_MNT_ID, stx_attributes=STATX_ATTR_MOUNT_ROOT, stx_mode=S_IFDIR|0755, stx_size=4096, ...}) = 0 <0.000020>
1739968096.247155 statx(9<\x2f>, "\x2e\x2e", AT_STATX_SYNC_AS_STAT, STATX_TYPE|STATX_INO|STATX_MNT_ID, {stx_mask=STATX_BASIC_STATS|STATX_MNT_ID, stx_attributes=STATX_ATTR_MOUNT_ROOT, stx_mode=S_IFDIR|0755, stx_size=4096, ...}) = 0 <0.000020>
1739968096.248302 statx(9<\x2f>, "\x2e", AT_STATX_SYNC_AS_STAT, STATX_TYPE|STATX_INO|STATX_MNT_ID, {stx_mask=STATX_BASIC_STATS|STATX_MNT_ID, stx_attributes=STATX_ATTR_MOUNT_ROOT, stx_mode=S_IFDIR|0755, stx_size=4096, ...}) = 0 <0.000053>
1739968096.248407 statx(9<\x2f>, "\x2e\x2e", AT_STATX_SYNC_AS_STAT, STATX_TYPE|STATX_INO|STATX_MNT_ID, {stx_mask=STATX_BASIC_STATS|STATX_MNT_ID, stx_attributes=STATX_ATTR_MOUNT_ROOT, stx_mode=S_IFDIR|0755, stx_size=4096, ...}) = 0 <0.000036>
1739968096.249474 statx(9<\x2f>, "\x2e", AT_STATX_SYNC_AS_STAT, STATX_TYPE|STATX_INO|STATX_MNT_ID, {stx_mask=STATX_BASIC_STATS|STATX_MNT_ID, stx_attributes=STATX_ATTR_MOUNT_ROOT, stx_mode=S_IFDIR|0755, stx_size=4096, ...}) = 0 <0.000045>
1739968096.249567 statx(9<\x2f>, "\x2e\x2e", AT_STATX_SYNC_AS_STAT, STATX_TYPE|STATX_INO|STATX_MNT_ID, {stx_mask=STATX_BASIC_STATS|STATX_MNT_ID, stx_attributes=STATX_ATTR_MOUNT_ROOT, stx_mode=S_IFDIR|0755, stx_size=4096, ...}) = 0 <0.000045>
1739968096.250623 statx(9<\x2f>, "\x2e", AT_STATX_SYNC_AS_STAT, STATX_TYPE|STATX_INO|STATX_MNT_ID, {stx_mask=STATX_BASIC_STATS|STATX_MNT_ID, stx_attributes=STATX_ATTR_MOUNT_ROOT, stx_mode=S_IFDIR|0755, stx_size=4096, ...}) = 0 <0.000061>
1739968096.250722 statx(9<\x2f>, "\x2e\x2e", AT_STATX_SYNC_AS_STAT, STATX_TYPE|STATX_INO|STATX_MNT_ID, {stx_mask=STATX_BASIC_STATS|STATX_MNT_ID, stx_attributes=STATX_ATTR_MOUNT_ROOT, stx_mode=S_IFDIR|0755, stx_size=4096, ...}) = 0 <0.000032>
1739968096.252524 statx(9<\x2f>, "\x2e", AT_STATX_SYNC_AS_STAT, STATX_TYPE|STATX_INO|STATX_MNT_ID, {stx_mask=STATX_BASIC_STATS|STATX_MNT_ID, stx_attributes=STATX_ATTR_MOUNT_ROOT, stx_mode=S_IFDIR|0755, stx_size=4096, ...}) = 0 <0.000063>
1739968096.252649 statx(9<\x2f>, "\x2e\x2e", AT_STATX_SYNC_AS_STAT, STATX_TYPE|STATX_INO|STATX_MNT_ID, {stx_mask=STATX_BASIC_STATS|STATX_MNT_ID, stx_attributes=STATX_ATTR_MOUNT_ROOT, stx_mode=S_IFDIR|0755, stx_size=4096, ...}) = 0 <0.000040>
1739968096.248012 statx(15<\x2f>, "\x2e", AT_STATX_SYNC_AS_STAT, STATX_TYPE|STATX_INO|STATX_MNT_ID, {stx_mask=STATX_BASIC_STATS|STATX_MNT_ID, stx_attributes=STATX_ATTR_MOUNT_ROOT, stx_mode=S_IFDIR|0755, stx_size=4096, ...}) = 0 <0.000036>
1739968096.248095 statx(15<\x2f>, "\x2e\x2e", AT_STATX_SYNC_AS_STAT, STATX_TYPE|STATX_INO|STATX_MNT_ID, {stx_mask=STATX_BASIC_STATS|STATX_MNT_ID, stx_attributes=STATX_ATTR_MOUNT_ROOT, stx_mode=S_IFDIR|0755, stx_size=4096, ...}) = 0 <0.000027>
1739968096.248964 statx(15<\x2f>, "\x2e", AT_STATX_SYNC_AS_STAT, STATX_TYPE|STATX_INO|STATX_MNT_ID, {stx_mask=STATX_BASIC_STATS|STATX_MNT_ID, stx_attributes=STATX_ATTR_MOUNT_ROOT, stx_mode=S_IFDIR|0755, stx_size=4096, ...}) = 0 <0.000023>
1739968096.249016 statx(15<\x2f>, "\x2e\x2e", AT_STATX_SYNC_AS_STAT, STATX_TYPE|STATX_INO|STATX_MNT_ID, {stx_mask=STATX_BASIC_STATS|STATX_MNT_ID, stx_attributes=STATX_ATTR_MOUNT_ROOT, stx_mode=S_IFDIR|0755, stx_size=4096, ...}) = 0 <0.000037>
1739968096.249998 statx(15<\x2f>, "\x2e", AT_STATX_SYNC_AS_STAT, STATX_TYPE|STATX_INO|STATX_MNT_ID, {stx_mask=STATX_BASIC_STATS|STATX_MNT_ID, stx_attributes=STATX_ATTR_MOUNT_ROOT, stx_mode=S_IFDIR|0755, stx_size=4096, ...}) = 0 <0.000041>
1739968096.250087 statx(15<\x2f>, "\x2e\x2e", AT_STATX_SYNC_AS_STAT, STATX_TYPE|STATX_INO|STATX_MNT_ID, {stx_mask=STATX_BASIC_STATS|STATX_MNT_ID, stx_attributes=STATX_ATTR_MOUNT_ROOT, stx_mode=S_IFDIR|0755, stx_size=4096, ...}) = 0 <0.000032>
1739968096.250949 statx(15<\x2f>, "\x2e", AT_STATX_SYNC_AS_STAT, STATX_TYPE|STATX_INO|STATX_MNT_ID, {stx_mask=STATX_BASIC_STATS|STATX_MNT_ID, stx_attributes=STATX_ATTR_MOUNT_ROOT, stx_mode=S_IFDIR|0755, stx_size=4096, ...}) = 0 <0.000023>
1739968096.251019 statx(15<\x2f>, "\x2e\x2e", AT_STATX_SYNC_AS_STAT, STATX_TYPE|STATX_INO|STATX_MNT_ID, {stx_mask=STATX_BASIC_STATS|STATX_MNT_ID, stx_attributes=STATX_ATTR_MOUNT_ROOT, stx_mode=S_IFDIR|0755, stx_size=4096, ...}) = 0 <0.000026>
1739968096.252320 statx(15<\x2f>, "\x2e", AT_STATX_SYNC_AS_STAT, STATX_TYPE|STATX_INO|STATX_MNT_ID, {stx_mask=STATX_BASIC_STATS|STATX_MNT_ID, stx_attributes=STATX_ATTR_MOUNT_ROOT, stx_mode=S_IFDIR|0755, stx_size=4096, ...}) = 0 <0.000028>
1739968096.252392 statx(15<\x2f>, "\x2e\x2e", AT_STATX_SYNC_AS_STAT, STATX_TYPE|STATX_INO|STATX_MNT_ID, {stx_mask=STATX_BASIC_STATS|STATX_MNT_ID, stx_attributes=STATX_ATTR_MOUNT_ROOT, stx_mode=S_IFDIR|0755, stx_size=4096, ...}) = 0 <0.000032>
1739968096.254360 statx(23<\x2f>, "\x2e", AT_STATX_SYNC_AS_STAT, STATX_TYPE|STATX_INO|STATX_MNT_ID, {stx_mask=STATX_BASIC_STATS|STATX_MNT_ID, stx_attributes=STATX_ATTR_MOUNT_ROOT, stx_mode=S_IFDIR|0755, stx_size=4096, ...}) = 0 <0.000030>
1739968096.254428 statx(23<\x2f>, "\x2e\x2e", AT_STATX_SYNC_AS_STAT, STATX_TYPE|STATX_INO|STATX_MNT_ID, {stx_mask=STATX_BASIC_STATS|STATX_MNT_ID, stx_attributes=STATX_ATTR_MOUNT_ROOT, stx_mode=S_IFDIR|0755, stx_size=4096, ...}) = 0 <0.000020>
1739968096.255224 statx(23<\x2f>, "\x2e", AT_STATX_SYNC_AS_STAT, STATX_TYPE|STATX_INO|STATX_MNT_ID, {stx_mask=STATX_BASIC_STATS|STATX_MNT_ID, stx_attributes=STATX_ATTR_MOUNT_ROOT, stx_mode=S_IFDIR|0755, stx_size=4096, ...}) = 0 <0.000027>
1739968096.255296 statx(23<\x2f>, "\x2e\x2e", AT_STATX_SYNC_AS_STAT, STATX_TYPE|STATX_INO|STATX_MNT_ID, {stx_mask=STATX_BASIC_STATS|STATX_MNT_ID, stx_attributes=STATX_ATTR_MOUNT_ROOT, stx_mode=S_IFDIR|0755, stx_size=4096, ...}) = 0 <0.000027>
1739968096.256105 statx(23<\x2f>, "\x2e", AT_STATX_SYNC_AS_STAT, STATX_TYPE|STATX_INO|STATX_MNT_ID, {stx_mask=STATX_BASIC_STATS|STATX_MNT_ID, stx_attributes=STATX_ATTR_MOUNT_ROOT, stx_mode=S_IFDIR|0755, stx_size=4096, ...}) = 0 <0.000025>
1739968096.256185 statx(23<\x2f>, "\x2e\x2e", AT_STATX_SYNC_AS_STAT, STATX_TYPE|STATX_INO|STATX_MNT_ID, {stx_mask=STATX_BASIC_STATS|STATX_MNT_ID, stx_attributes=STATX_ATTR_MOUNT_ROOT, stx_mode=S_IFDIR|0755, stx_size=4096, ...}) = 0 <0.000030>
1739968096.257031 statx(23<\x2f>, "\x2e", AT_STATX_SYNC_AS_STAT, STATX_TYPE|STATX_INO|STATX_MNT_ID, {stx_mask=STATX_BASIC_STATS|STATX_MNT_ID, stx_attributes=STATX_ATTR_MOUNT_ROOT, stx_mode=S_IFDIR|0755, stx_size=4096, ...}) = 0 <0.000033>
1739968096.257108 statx(23<\x2f>, "\x2e\x2e", AT_STATX_SYNC_AS_STAT, STATX_TYPE|STATX_INO|STATX_MNT_ID, {stx_mask=STATX_BASIC_STATS|STATX_MNT_ID, stx_attributes=STATX_ATTR_MOUNT_ROOT, stx_mode=S_IFDIR|0755, stx_size=4096, ...}) = 0 <0.000022>
1739968096.258374 statx(23<\x2f>, "\x2e", AT_STATX_SYNC_AS_STAT, STATX_TYPE|STATX_INO|STATX_MNT_ID, {stx_mask=STATX_BASIC_STATS|STATX_MNT_ID, stx_attributes=STATX_ATTR_MOUNT_ROOT, stx_mode=S_IFDIR|0755, stx_size=4096, ...}) = 0 <0.000028>
1739968096.258445 statx(23<\x2f>, "\x2e\x2e", AT_STATX_SYNC_AS_STAT, STATX_TYPE|STATX_INO|STATX_MNT_ID, {stx_mask=STATX_BASIC_STATS|STATX_MNT_ID, stx_attributes=STATX_ATTR_MOUNT_ROOT, stx_mode=S_IFDIR|0755, stx_size=4096, ...}) = 0 <0.000035>
1739968096.246770 statx(13<\x2f>, "\x2e", AT_STATX_SYNC_AS_STAT, STATX_TYPE|STATX_INO|STATX_MNT_ID, {stx_mask=STATX_BASIC_STATS|STATX_MNT_ID, stx_attributes=STATX_ATTR_MOUNT_ROOT, stx_mode=S_IFDIR|0755, stx_size=4096, ...}) = 0 <0.000029>
1739968096.246824 statx(13<\x2f>, "\x2e\x2e", AT_STATX_SYNC_AS_STAT, STATX_TYPE|STATX_INO|STATX_MNT_ID, {stx_mask=STATX_BASIC_STATS|STATX_MNT_ID, stx_attributes=STATX_ATTR_MOUNT_ROOT, stx_mode=S_IFDIR|0755, stx_size=4096, ...}) = 0 <0.000029>
1739968096.247496 statx(13<\x2f>, "\x2e", AT_STATX_SYNC_AS_STAT, STATX_TYPE|STATX_INO|STATX_MNT_ID, {stx_mask=STATX_BASIC_STATS|STATX_MNT_ID, stx_attributes=STATX_ATTR_MOUNT_ROOT, stx_mode=S_IFDIR|0755, stx_size=4096, ...}) = 0 <0.000037>
1739968096.247570 statx(13<\x2f>, "\x2e\x2e", AT_STATX_SYNC_AS_STAT, STATX_TYPE|STATX_INO|STATX_MNT_ID, {stx_mask=STATX_BASIC_STATS|STATX_MNT_ID, stx_attributes=STATX_ATTR_MOUNT_ROOT, stx_mode=S_IFDIR|0755, stx_size=4096, ...}) = 0 <0.000029>
1739968096.248432 statx(13<\x2f>, "\x2e", AT_STATX_SYNC_AS_STAT, STATX_TYPE|STATX_INO|STATX_MNT_ID, {stx_mask=STATX_BASIC_STATS|STATX_MNT_ID, stx_attributes=STATX_ATTR_MOUNT_ROOT, stx_mode=S_IFDIR|0755, stx_size=4096, ...}) = 0 <0.000034>
1739968096.248508 statx(13<\x2f>, "\x2e\x2e", AT_STATX_SYNC_AS_STAT, STATX_TYPE|STATX_INO|STATX_MNT_ID, {stx_mask=STATX_BASIC_STATS|STATX_MNT_ID, stx_attributes=STATX_ATTR_MOUNT_ROOT, stx_mode=S_IFDIR|0755, stx_size=4096, ...}) = 0 <0.000035>
1739968096.249375 statx(13<\x2f>, "\x2e", AT_STATX_SYNC_AS_STAT, STATX_TYPE|STATX_INO|STATX_MNT_ID, {stx_mask=STATX_BASIC_STATS|STATX_MNT_ID, stx_attributes=STATX_ATTR_MOUNT_ROOT, stx_mode=S_IFDIR|0755, stx_size=4096, ...}) = 0 <0.000043>
1739968096.249458 statx(13<\x2f>, "\x2e\x2e", AT_STATX_SYNC_AS_STAT, STATX_TYPE|STATX_INO|STATX_MNT_ID, {stx_mask=STATX_BASIC_STATS|STATX_MNT_ID, stx_attributes=STATX_ATTR_MOUNT_ROOT, stx_mode=S_IFDIR|0755, stx_size=4096, ...}) = 0 <0.000052>
1739968096.250854 statx(13<\x2f>, "\x2e", AT_STATX_SYNC_AS_STAT, STATX_TYPE|STATX_INO|STATX_MNT_ID, {stx_mask=STATX_BASIC_STATS|STATX_MNT_ID, stx_attributes=STATX_ATTR_MOUNT_ROOT, stx_mode=S_IFDIR|0755, stx_size=4096, ...}) = 0 <0.000031>
1739968096.250915 statx(13<\x2f>, "\x2e\x2e", AT_STATX_SYNC_AS_STAT, STATX_TYPE|STATX_INO|STATX_MNT_ID, {stx_mask=STATX_BASIC_STATS|STATX_MNT_ID, stx_attributes=STATX_ATTR_MOUNT_ROOT, stx_mode=S_IFDIR|0755, stx_size=4096, ...}) = 0 <0.000034>
1739968096.249318 statx(17<\x2f>, "\x2e", AT_STATX_SYNC_AS_STAT, STATX_TYPE|STATX_INO|STATX_MNT_ID, {stx_mask=STATX_BASIC_STATS|STATX_MNT_ID, stx_attributes=STATX_ATTR_MOUNT_ROOT, stx_mode=S_IFDIR|0755, stx_size=4096, ...}) = 0 <0.000042>
1739968096.249413 statx(17<\x2f>, "\x2e\x2e", AT_STATX_SYNC_AS_STAT, STATX_TYPE|STATX_INO|STATX_MNT_ID, {stx_mask=STATX_BASIC_STATS|STATX_MNT_ID, stx_attributes=STATX_ATTR_MOUNT_ROOT, stx_mode=S_IFDIR|0755, stx_size=4096, ...}) = 0 <0.000033>
1739968096.250391 statx(17<\x2f>, "\x2e", AT_STATX_SYNC_AS_STAT, STATX_TYPE|STATX_INO|STATX_MNT_ID, {stx_mask=STATX_BASIC_STATS|STATX_MNT_ID, stx_attributes=STATX_ATTR_MOUNT_ROOT, stx_mode=S_IFDIR|0755, stx_size=4096, ...}) = 0 <0.000031>
1739968096.250464 statx(17<\x2f>, "\x2e\x2e", AT_STATX_SYNC_AS_STAT, STATX_TYPE|STATX_INO|STATX_MNT_ID, {stx_mask=STATX_BASIC_STATS|STATX_MNT_ID, stx_attributes=STATX_ATTR_MOUNT_ROOT, stx_mode=S_IFDIR|0755, stx_size=4096, ...}) = 0 <0.000028>
1739968096.251301 statx(17<\x2f>, "\x2e", AT_STATX_SYNC_AS_STAT, STATX_TYPE|STATX_INO|STATX_MNT_ID, {stx_mask=STATX_BASIC_STATS|STATX_MNT_ID, stx_attributes=STATX_ATTR_MOUNT_ROOT, stx_mode=S_IFDIR|0755, stx_size=4096, ...}) = 0 <0.000030>
1739968096.251393 statx(17<\x2f>, "\x2e\x2e", AT_STATX_SYNC_AS_STAT, STATX_TYPE|STATX_INO|STATX_MNT_ID, {stx_mask=STATX_BASIC_STATS|STATX_MNT_ID, stx_attributes=STATX_ATTR_MOUNT_ROOT, stx_mode=S_IFDIR|0755, stx_size=4096, ...}) = 0 <0.000027>
1739968096.252226 statx(17<\x2f>, "\x2e", AT_STATX_SYNC_AS_STAT, STATX_TYPE|STATX_INO|STATX_MNT_ID, {stx_mask=STATX_BASIC_STATS|STATX_MNT_ID, stx_attributes=STATX_ATTR_MOUNT_ROOT, stx_mode=S_IFDIR|0755, stx_size=4096, ...}) = 0 <0.000029>
1739968096.252313 statx(17<\x2f>, "\x2e\x2e", AT_STATX_SYNC_AS_STAT, STATX_TYPE|STATX_INO|STATX_MNT_ID, {stx_mask=STATX_BASIC_STATS|STATX_MNT_ID, stx_attributes=STATX_ATTR_MOUNT_ROOT, stx_mode=S_IFDIR|0755, stx_size=4096, ...}) = 0 <0.000030>
1739968096.253598 statx(17<\x2f>, "\x2e", AT_STATX_SYNC_AS_STAT, STATX_TYPE|STATX_INO|STATX_MNT_ID, {stx_mask=STATX_BASIC_STATS|STATX_MNT_ID, stx_attributes=STATX_ATTR_MOUNT_ROOT, stx_mode=S_IFDIR|0755, stx_size=4096, ...}) = 0 <0.000028>
1739968096.253665 statx(17<\x2f>, "\x2e\x2e", AT_STATX_SYNC_AS_STAT, STATX_TYPE|STATX_INO|STATX_MNT_ID, {stx_mask=STATX_BASIC_STATS|STATX_MNT_ID, stx_attributes=STATX_ATTR_MOUNT_ROOT, stx_mode=S_IFDIR|0755, stx_size=4096, ...}) = 0 <0.000028>
1739968096.251251 statx(19<\x2f>, "\x2e", AT_STATX_SYNC_AS_STAT, STATX_TYPE|STATX_INO|STATX_MNT_ID, {stx_mask=STATX_BASIC_STATS|STATX_MNT_ID, stx_attributes=STATX_ATTR_MOUNT_ROOT, stx_mode=S_IFDIR|0755, stx_size=4096, ...}) = 0 <0.000036>
1739968096.251332 statx(19<\x2f>, "\x2e\x2e", AT_STATX_SYNC_AS_STAT, STATX_TYPE|STATX_INO|STATX_MNT_ID, {stx_mask=STATX_BASIC_STATS|STATX_MNT_ID, stx_attributes=STATX_ATTR_MOUNT_ROOT, stx_mode=S_IFDIR|0755, stx_size=4096, ...}) = 0 <0.000052>
1739968096.252185 statx(19<\x2f>, "\x2e", AT_STATX_SYNC_AS_STAT, STATX_TYPE|STATX_INO|STATX_MNT_ID, {stx_mask=STATX_BASIC_STATS|STATX_MNT_ID, stx_attributes=STATX_ATTR_MOUNT_ROOT, stx_mode=S_IFDIR|0755, stx_size=4096, ...}) = 0 <0.000032>
1739968096.252255 statx(19<\x2f>, "\x2e\x2e", AT_STATX_SYNC_AS_STAT, STATX_TYPE|STATX_INO|STATX_MNT_ID, {stx_mask=STATX_BASIC_STATS|STATX_MNT_ID, stx_attributes=STATX_ATTR_MOUNT_ROOT, stx_mode=S_IFDIR|0755, stx_size=4096, ...}) = 0 <0.000049>
1739968096.253128 statx(19<\x2f>, "\x2e", AT_STATX_SYNC_AS_STAT, STATX_TYPE|STATX_INO|STATX_MNT_ID, {stx_mask=STATX_BASIC_STATS|STATX_MNT_ID, stx_attributes=STATX_ATTR_MOUNT_ROOT, stx_mode=S_IFDIR|0755, stx_size=4096, ...}) = 0 <0.000033>
1739968096.253198 statx(19<\x2f>, "\x2e\x2e", AT_STATX_SYNC_AS_STAT, STATX_TYPE|STATX_INO|STATX_MNT_ID, {stx_mask=STATX_BASIC_STATS|STATX_MNT_ID, stx_attributes=STATX_ATTR_MOUNT_ROOT, stx_mode=S_IFDIR|0755, stx_size=4096, ...}) = 0 <0.000028>
1739968096.254046 statx(19<\x2f>, "\x2e", AT_STATX_SYNC_AS_STAT, STATX_TYPE|STATX_INO|STATX_MNT_ID, {stx_mask=STATX_BASIC_STATS|STATX_MNT_ID, stx_attributes=STATX_ATTR_MOUNT_ROOT, stx_mode=S_IFDIR|0755, stx_size=4096, ...}) = 0 <0.000036>
1739968096.254116 statx(19<\x2f>, "\x2e\x2e", AT_STATX_SYNC_AS_STAT, STATX_TYPE|STATX_INO|STATX_MNT_ID, {stx_mask=STATX_BASIC_STATS|STATX_MNT_ID, stx_attributes=STATX_ATTR_MOUNT_ROOT, stx_mode=S_IFDIR|0755, stx_size=4096, ...}) = 0 <0.000032>
1739968096.255339 statx(19<\x2f>, "\x2e", AT_STATX_SYNC_AS_STAT, STATX_TYPE|STATX_INO|STATX_MNT_ID, {stx_mask=STATX_BASIC_STATS|STATX_MNT_ID, stx_attributes=STATX_ATTR_MOUNT_ROOT, stx_mode=S_IFDIR|0755, stx_size=4096, ...}) = 0 <0.000017>
1739968096.255398 statx(19<\x2f>, "\x2e\x2e", AT_STATX_SYNC_AS_STAT, STATX_TYPE|STATX_INO|STATX_MNT_ID, {stx_mask=STATX_BASIC_STATS|STATX_MNT_ID, stx_attributes=STATX_ATTR_MOUNT_ROOT, stx_mode=S_IFDIR|0755, stx_size=4096, ...}) = 0 <0.000024>
