1739968096.242797 umask(000)            = 022 <0.000004>
