1739968096.239713 uname({sysname="\x4c\x69\x6e\x75\x78", nodename="\x73\x69\x6c\x65\x6e\x63\x65\x72", ...}) = 0 <0.000006>
1739968096.239871 uname({sysname="\x4c\x69\x6e\x75\x78", nodename="\x73\x69\x6c\x65\x6e\x63\x65\x72", ...}) = 0 <0.000005>
