1739968096.242750 pwrite64(7<\x2f\x72\x75\x6e\x2f\x6e\x67\x69\x6e\x78\x2e\x70\x69\x64>, "\x34\x31\x35\x32\x38\x0a", 6, 0) = 6 <0.000015>
1739968120.560241 writev(17<\x73\x6f\x63\x6b\x65\x74\x3a\x5b\x32\x38\x30\x30\x30\x35\x5d>, [{iov_base="\x48\x54\x54\x50\x2f\x31\x2e\x31\x20\x32\x30\x30\x20\x4f\x4b\x0d\x0a\x53\x65\x72\x76\x65\x72\x3a\x20\x6e\x67\x69\x6e\x78\x2f\x31"..., iov_len=247}], 1) = 247 <0.000012>
1739968120.560340 write(4<\x2f\x76\x61\x72\x2f\x6c\x6f\x67\x2f\x6e\x67\x69\x6e\x78\x2f\x61\x63\x63\x65\x73\x73\x2e\x6c\x6f\x67>, "\x3a\x3a\x31\x20\x2d\x20\x2d\x20\x5b\x31\x39\x2f\x46\x65\x62\x2f\x32\x30\x32\x35\x3a\x31\x33\x3a\x32\x38\x3a\x34\x30\x20\x2b\x30"..., 79) = 79 <0.000019>
